2026-07-14 19:13:08,882 [INFO ]  Logging file is ./pretrained_uf/DCVCUFIntra/2/20260714_191308.log
2026-07-14 19:13:08,883 [INFO ]  ======================= 2026-07-14_19_13_08 =======================
2026-07-14 19:13:08,883 [INFO ]  model: DCVCUFIntra
2026-07-14 19:13:08,883 [INFO ]  train_root: None
2026-07-14 19:13:08,883 [INFO ]  train_filelist: /home/admin1/Data/data/vimeo_septuplet/train_filelist.txt
2026-07-14 19:13:08,884 [INFO ]  test_dataset: None
2026-07-14 19:13:08,884 [INFO ]  test_filelist: None
2026-07-14 19:13:08,884 [INFO ]  epochs: 120
2026-07-14 19:13:08,884 [INFO ]  learning_rate: 0.0001
2026-07-14 19:13:08,884 [INFO ]  num_workers: 4
2026-07-14 19:13:08,884 [INFO ]  quality_level: 2
2026-07-14 19:13:08,884 [INFO ]  batch_size: 4
2026-07-14 19:13:08,884 [INFO ]  test_batch_size: 1
2026-07-14 19:13:08,884 [INFO ]  patch_size: (256, 256)
2026-07-14 19:13:08,885 [INFO ]  chunk_size: 8
2026-07-14 19:13:08,885 [INFO ]  gop: 8
2026-07-14 19:13:08,885 [INFO ]  test_gop: 8
2026-07-14 19:13:08,885 [INFO ]  q_num: 64
2026-07-14 19:13:08,885 [INFO ]  test_qp: 63
2026-07-14 19:13:08,885 [INFO ]  warmup_epochs: 20
2026-07-14 19:13:08,885 [INFO ]  qp_warmup_epochs: 48
2026-07-14 19:13:08,885 [INFO ]  cuda: True
2026-07-14 19:13:08,885 [INFO ]  save: True
2026-07-14 19:13:08,885 [INFO ]  save_interval: 10
2026-07-14 19:13:08,885 [INFO ]  seed: 7
2026-07-14 19:13:08,886 [INFO ]  clip_max_norm: 1.0
2026-07-14 19:13:08,886 [INFO ]  local_rank: 0
2026-07-14 19:13:08,886 [INFO ]  checkpoint: /home/admin1/gsh/VC/pretrained_uf/DCVCUFIntra/2/checkpoint_epoch_0090_uf_phase_1.pth.tar
2026-07-14 19:13:08,886 [INFO ]  output_dir: ./pretrained_uf
2026-07-14 19:13:08,886 [INFO ]  name: 2026-07-14_19_13_08
2026-07-14 19:13:08,886 [INFO ]  log_interval: 500
2026-07-14 19:13:08,886 [INFO ]  check_exists: False
2026-07-14 19:13:08,886 [INFO ]  max_samples: None
2026-07-14 19:13:08,886 [INFO ]  pad_last: True
2026-07-14 19:13:08,887 [INFO ]  drop_last: False
2026-07-14 19:13:08,887 [INFO ]  distributed: True
2026-07-14 19:13:08,887 [INFO ]  ========================================
2026-07-14 19:13:14,191 [INFO ]  Loading checkpoint from /home/admin1/gsh/VC/pretrained_uf/DCVCUFIntra/2/checkpoint_epoch_0090_uf_phase_1.pth.tar
2026-07-14 19:13:14,937 [INFO ]  Resume from epoch 90 with best loss 0.097907
2026-07-14 19:13:14,937 [INFO ]  ====== Current epoch 90 ======
2026-07-14 19:13:14,937 [INFO ]  Learning rate: 4e-05
2026-07-14 19:13:16,705 [INFO ]  [0/5732] | Loss: 0.183 | PSNR: 37.811 | MSE: 0.00016556 | BPP: 0.0558 | QP: 63
2026-07-14 19:14:11,856 [INFO ]  [500/5732] | Loss: 0.099 | PSNR: 34.034 | MSE: 0.00039499 | BPP: 0.0364 | QP: 37
2026-07-14 19:15:05,100 [INFO ]  [1000/5732] | Loss: 0.097 | PSNR: 33.988 | MSE: 0.00039917 | BPP: 0.0359 | QP: 16
2026-07-14 19:15:58,040 [INFO ]  [1500/5732] | Loss: 0.099 | PSNR: 33.918 | MSE: 0.00040571 | BPP: 0.0363 | QP: 63
2026-07-14 19:16:50,599 [INFO ]  [2000/5732] | Loss: 0.098 | PSNR: 33.866 | MSE: 0.00041061 | BPP: 0.0359 | QP: 44
2026-07-14 19:17:43,622 [INFO ]  [2500/5732] | Loss: 0.098 | PSNR: 33.921 | MSE: 0.00040542 | BPP: 0.0360 | QP: 58
2026-07-14 19:18:36,912 [INFO ]  [3000/5732] | Loss: 0.098 | PSNR: 33.889 | MSE: 0.00040839 | BPP: 0.0361 | QP: 63
2026-07-14 19:19:30,056 [INFO ]  [3500/5732] | Loss: 0.098 | PSNR: 33.909 | MSE: 0.00040657 | BPP: 0.0360 | QP: 16
2026-07-14 19:20:23,355 [INFO ]  [4000/5732] | Loss: 0.098 | PSNR: 33.912 | MSE: 0.00040626 | BPP: 0.0361 | QP: 38
2026-07-14 19:21:16,911 [INFO ]  [4500/5732] | Loss: 0.099 | PSNR: 33.909 | MSE: 0.00040658 | BPP: 0.0361 | QP: 63
2026-07-14 19:22:10,253 [INFO ]  [5000/5732] | Loss: 0.099 | PSNR: 33.912 | MSE: 0.00040626 | BPP: 0.0361 | QP: 45
2026-07-14 19:23:02,983 [INFO ]  [5500/5732] | Loss: 0.099 | PSNR: 33.921 | MSE: 0.00040543 | BPP: 0.0361 | QP: 50
2026-07-14 19:23:27,374 [INFO ]  Train epoch 90: Loss: 0.099 | PSNR: 33.942 | MSE: 0.00040344 | BPP: 0.0361
2026-07-14 19:23:27,375 [INFO ]  No test_filelist is set; using train loss for checkpoint selection.
2026-07-14 19:23:28,072 [INFO ]  Checkpoint epoch 90: best model saved: no | current loss: 0.099200 | best loss: 0.097907
2026-07-14 19:23:28,072 [INFO ]  Global step updated to: 521612
2026-07-14 19:23:28,072 [INFO ]  ====== Current epoch 91 ======
2026-07-14 19:23:28,072 [INFO ]  Learning rate: 4e-05
2026-07-14 19:23:28,574 [INFO ]  [0/5732] | Loss: 0.130 | PSNR: 40.096 | MSE: 0.00009782 | BPP: 0.0548 | QP: 63
2026-07-14 19:24:22,187 [INFO ]  [500/5732] | Loss: 0.093 | PSNR: 33.712 | MSE: 0.00042545 | BPP: 0.0348 | QP: 28
2026-07-14 19:25:15,717 [INFO ]  [1000/5732] | Loss: 0.095 | PSNR: 33.824 | MSE: 0.00041462 | BPP: 0.0353 | QP: 55
2026-07-14 19:26:08,671 [INFO ]  [1500/5732] | Loss: 0.096 | PSNR: 33.922 | MSE: 0.00040536 | BPP: 0.0357 | QP: 63
2026-07-14 19:27:01,562 [INFO ]  [2000/5732] | Loss: 0.096 | PSNR: 33.904 | MSE: 0.00040704 | BPP: 0.0357 | QP: 30
2026-07-14 19:27:54,143 [INFO ]  [2500/5732] | Loss: 0.097 | PSNR: 33.965 | MSE: 0.00040137 | BPP: 0.0357 | QP: 25
2026-07-14 19:28:46,995 [INFO ]  [3000/5732] | Loss: 0.098 | PSNR: 33.964 | MSE: 0.00040139 | BPP: 0.0358 | QP: 63
2026-07-14 19:29:39,521 [INFO ]  [3500/5732] | Loss: 0.098 | PSNR: 33.963 | MSE: 0.00040152 | BPP: 0.0359 | QP: 33
2026-07-14 19:30:32,117 [INFO ]  [4000/5732] | Loss: 0.098 | PSNR: 34.005 | MSE: 0.00039762 | BPP: 0.0360 | QP: 54
2026-07-14 19:31:24,897 [INFO ]  [4500/5732] | Loss: 0.099 | PSNR: 34.004 | MSE: 0.00039774 | BPP: 0.0360 | QP: 63
2026-07-14 19:32:18,277 [INFO ]  [5000/5732] | Loss: 0.098 | PSNR: 34.007 | MSE: 0.00039749 | BPP: 0.0360 | QP: 47
2026-07-14 19:33:10,425 [INFO ]  [5500/5732] | Loss: 0.099 | PSNR: 33.999 | MSE: 0.00039818 | BPP: 0.0360 | QP: 29
2026-07-14 19:33:34,409 [INFO ]  Train epoch 91: Loss: 0.099 | PSNR: 33.965 | MSE: 0.00040132 | BPP: 0.0362
2026-07-14 19:33:34,409 [INFO ]  No test_filelist is set; using train loss for checkpoint selection.
2026-07-14 19:33:35,104 [INFO ]  Checkpoint epoch 91: best model saved: no | current loss: 0.099372 | best loss: 0.097907
2026-07-14 19:33:35,105 [INFO ]  Global step updated to: 527344
2026-07-14 19:33:35,105 [INFO ]  ====== Current epoch 92 ======
2026-07-14 19:33:35,105 [INFO ]  Learning rate: 4e-05
2026-07-14 19:33:35,627 [INFO ]  [0/5732] | Loss: 0.164 | PSNR: 38.423 | MSE: 0.00014377 | BPP: 0.0533 | QP: 63
2026-07-14 19:34:28,263 [INFO ]  [500/5732] | Loss: 0.100 | PSNR: 33.937 | MSE: 0.00040389 | BPP: 0.0369 | QP: 44
2026-07-14 19:35:20,831 [INFO ]  [1000/5732] | Loss: 0.098 | PSNR: 33.979 | MSE: 0.00040008 | BPP: 0.0361 | QP: 14
2026-07-14 19:36:13,099 [INFO ]  [1500/5732] | Loss: 0.099 | PSNR: 33.941 | MSE: 0.00040359 | BPP: 0.0360 | QP: 63
2026-07-14 19:37:05,940 [INFO ]  [2000/5732] | Loss: 0.099 | PSNR: 33.920 | MSE: 0.00040551 | BPP: 0.0360 | QP: 48
2026-07-14 19:37:58,260 [INFO ]  [2500/5732] | Loss: 0.100 | PSNR: 33.964 | MSE: 0.00040138 | BPP: 0.0363 | QP: 50
2026-07-14 19:38:50,585 [INFO ]  [3000/5732] | Loss: 0.100 | PSNR: 33.941 | MSE: 0.00040351 | BPP: 0.0362 | QP: 63
2026-07-14 19:39:43,213 [INFO ]  [3500/5732] | Loss: 0.100 | PSNR: 33.983 | MSE: 0.00039965 | BPP: 0.0364 | QP: 20
2026-07-14 19:40:35,234 [INFO ]  [4000/5732] | Loss: 0.100 | PSNR: 34.018 | MSE: 0.00039643 | BPP: 0.0365 | QP: 35
2026-07-14 19:41:27,645 [INFO ]  [4500/5732] | Loss: 0.100 | PSNR: 34.015 | MSE: 0.00039676 | BPP: 0.0365 | QP: 63
2026-07-14 19:42:20,397 [INFO ]  [5000/5732] | Loss: 0.100 | PSNR: 34.022 | MSE: 0.00039611 | BPP: 0.0365 | QP: 26
2026-07-14 19:43:12,674 [INFO ]  [5500/5732] | Loss: 0.100 | PSNR: 33.995 | MSE: 0.00039857 | BPP: 0.0364 | QP: 3
2026-07-14 19:43:36,730 [INFO ]  Train epoch 92: Loss: 0.100 | PSNR: 34.013 | MSE: 0.00039688 | BPP: 0.0364
2026-07-14 19:43:36,730 [INFO ]  No test_filelist is set; using train loss for checkpoint selection.
2026-07-14 19:43:37,451 [INFO ]  Checkpoint epoch 92: best model saved: no | current loss: 0.099784 | best loss: 0.097907
2026-07-14 19:43:37,451 [INFO ]  Global step updated to: 533076
2026-07-14 19:43:37,452 [INFO ]  ====== Current epoch 93 ======
2026-07-14 19:43:37,452 [INFO ]  Learning rate: 4e-05
2026-07-14 19:43:37,887 [INFO ]  [0/5732] | Loss: 0.177 | PSNR: 38.234 | MSE: 0.00015017 | BPP: 0.0617 | QP: 63
2026-07-14 19:44:29,890 [INFO ]  [500/5732] | Loss: 0.099 | PSNR: 34.064 | MSE: 0.00039231 | BPP: 0.0360 | QP: 11
2026-07-14 19:45:22,499 [INFO ]  [1000/5732] | Loss: 0.100 | PSNR: 34.105 | MSE: 0.00038856 | BPP: 0.0365 | QP: 56
2026-07-14 19:46:15,100 [INFO ]  [1500/5732] | Loss: 0.099 | PSNR: 34.034 | MSE: 0.00039498 | BPP: 0.0362 | QP: 63
2026-07-14 19:47:07,790 [INFO ]  [2000/5732] | Loss: 0.100 | PSNR: 33.977 | MSE: 0.00040021 | BPP: 0.0364 | QP: 38
2026-07-14 19:48:00,370 [INFO ]  [2500/5732] | Loss: 0.100 | PSNR: 33.974 | MSE: 0.00040045 | BPP: 0.0365 | QP: 1
2026-07-14 19:48:52,467 [INFO ]  [3000/5732] | Loss: 0.100 | PSNR: 34.003 | MSE: 0.00039784 | BPP: 0.0365 | QP: 63
2026-07-14 19:49:45,199 [INFO ]  [3500/5732] | Loss: 0.100 | PSNR: 33.983 | MSE: 0.00039969 | BPP: 0.0364 | QP: 40
2026-07-14 19:50:40,936 [INFO ]  [4000/5732] | Loss: 0.101 | PSNR: 34.009 | MSE: 0.00039724 | BPP: 0.0366 | QP: 3
2026-07-14 19:51:33,903 [INFO ]  [4500/5732] | Loss: 0.100 | PSNR: 34.010 | MSE: 0.00039719 | BPP: 0.0364 | QP: 63
2026-07-14 19:52:25,749 [INFO ]  [5000/5732] | Loss: 0.100 | PSNR: 34.010 | MSE: 0.00039719 | BPP: 0.0364 | QP: 50
2026-07-14 19:53:18,733 [INFO ]  [5500/5732] | Loss: 0.100 | PSNR: 34.035 | MSE: 0.00039487 | BPP: 0.0364 | QP: 33
2026-07-14 19:53:43,082 [INFO ]  Train epoch 93: Loss: 0.100 | PSNR: 34.038 | MSE: 0.00039461 | BPP: 0.0364
2026-07-14 19:53:43,082 [INFO ]  No test_filelist is set; using train loss for checkpoint selection.
2026-07-14 19:53:43,926 [INFO ]  Checkpoint epoch 93: best model saved: no | current loss: 0.099794 | best loss: 0.097907
2026-07-14 19:53:43,926 [INFO ]  Global step updated to: 538808
2026-07-14 19:53:43,926 [INFO ]  ====== Current epoch 94 ======
2026-07-14 19:53:43,926 [INFO ]  Learning rate: 4e-05
2026-07-14 19:53:44,342 [INFO ]  [0/5732] | Loss: 0.192 | PSNR: 37.794 | MSE: 0.00016618 | BPP: 0.0649 | QP: 63
2026-07-14 19:54:36,624 [INFO ]  [500/5732] | Loss: 0.106 | PSNR: 33.970 | MSE: 0.00040087 | BPP: 0.0374 | QP: 0
2026-07-14 19:55:29,390 [INFO ]  [1000/5732] | Loss: 0.103 | PSNR: 33.950 | MSE: 0.00040267 | BPP: 0.0370 | QP: 60
2026-07-14 19:56:21,621 [INFO ]  [1500/5732] | Loss: 0.102 | PSNR: 34.016 | MSE: 0.00039666 | BPP: 0.0368 | QP: 63
2026-07-14 19:57:13,883 [INFO ]  [2000/5732] | Loss: 0.102 | PSNR: 33.982 | MSE: 0.00039972 | BPP: 0.0369 | QP: 55
2026-07-14 19:58:06,610 [INFO ]  [2500/5732] | Loss: 0.102 | PSNR: 34.016 | MSE: 0.00039662 | BPP: 0.0368 | QP: 32
2026-07-14 19:58:59,835 [INFO ]  [3000/5732] | Loss: 0.102 | PSNR: 34.055 | MSE: 0.00039308 | BPP: 0.0368 | QP: 63
2026-07-14 19:59:51,860 [INFO ]  [3500/5732] | Loss: 0.102 | PSNR: 34.040 | MSE: 0.00039445 | BPP: 0.0368 | QP: 38
2026-07-14 20:00:44,403 [INFO ]  [4000/5732] | Loss: 0.102 | PSNR: 34.052 | MSE: 0.00039333 | BPP: 0.0368 | QP: 61
2026-07-14 20:01:36,705 [INFO ]  [4500/5732] | Loss: 0.101 | PSNR: 34.017 | MSE: 0.00039654 | BPP: 0.0366 | QP: 63
2026-07-14 20:02:29,181 [INFO ]  [5000/5732] | Loss: 0.101 | PSNR: 34.021 | MSE: 0.00039616 | BPP: 0.0366 | QP: 10
2026-07-14 20:03:21,405 [INFO ]  [5500/5732] | Loss: 0.101 | PSNR: 34.027 | MSE: 0.00039569 | BPP: 0.0364 | QP: 8
2026-07-14 20:03:45,948 [INFO ]  Train epoch 94: Loss: 0.100 | PSNR: 34.013 | MSE: 0.00039696 | BPP: 0.0364
2026-07-14 20:03:45,948 [INFO ]  No test_filelist is set; using train loss for checkpoint selection.
2026-07-14 20:03:46,760 [INFO ]  Checkpoint epoch 94: best model saved: no | current loss: 0.099823 | best loss: 0.097907
2026-07-14 20:03:46,761 [INFO ]  Global step updated to: 544540
2026-07-14 20:03:46,761 [INFO ]  ====== Current epoch 95 ======
2026-07-14 20:03:46,761 [INFO ]  Learning rate: 4e-05
2026-07-14 20:03:47,227 [INFO ]  [0/5732] | Loss: 0.203 | PSNR: 36.979 | MSE: 0.00020051 | BPP: 0.0485 | QP: 63
2026-07-14 20:04:39,545 [INFO ]  [500/5732] | Loss: 0.098 | PSNR: 33.924 | MSE: 0.00040510 | BPP: 0.0359 | QP: 13
2026-07-14 20:05:31,229 [INFO ]  [1000/5732] | Loss: 0.098 | PSNR: 33.948 | MSE: 0.00040295 | BPP: 0.0361 | QP: 11
2026-07-14 20:06:23,287 [INFO ]  [1500/5732] | Loss: 0.098 | PSNR: 33.959 | MSE: 0.00040187 | BPP: 0.0360 | QP: 63
2026-07-14 20:07:14,979 [INFO ]  [2000/5732] | Loss: 0.099 | PSNR: 33.937 | MSE: 0.00040391 | BPP: 0.0361 | QP: 14
2026-07-14 20:08:06,939 [INFO ]  [2500/5732] | Loss: 0.099 | PSNR: 33.996 | MSE: 0.00039846 | BPP: 0.0362 | QP: 8
2026-07-14 20:08:59,551 [INFO ]  [3000/5732] | Loss: 0.098 | PSNR: 33.975 | MSE: 0.00040043 | BPP: 0.0360 | QP: 63
2026-07-14 20:09:51,668 [INFO ]  [3500/5732] | Loss: 0.099 | PSNR: 33.982 | MSE: 0.00039979 | BPP: 0.0363 | QP: 57
2026-07-14 20:10:43,784 [INFO ]  [4000/5732] | Loss: 0.100 | PSNR: 33.997 | MSE: 0.00039842 | BPP: 0.0364 | QP: 19
2026-07-14 20:11:36,282 [INFO ]  [4500/5732] | Loss: 0.100 | PSNR: 33.981 | MSE: 0.00039981 | BPP: 0.0364 | QP: 63
2026-07-14 20:12:28,145 [INFO ]  [5000/5732] | Loss: 0.099 | PSNR: 33.982 | MSE: 0.00039977 | BPP: 0.0363 | QP: 34
2026-07-14 20:13:20,007 [INFO ]  [5500/5732] | Loss: 0.099 | PSNR: 33.966 | MSE: 0.00040119 | BPP: 0.0363 | QP: 58
2026-07-14 20:13:44,131 [INFO ]  Train epoch 95: Loss: 0.099 | PSNR: 33.962 | MSE: 0.00040158 | BPP: 0.0363
2026-07-14 20:13:44,132 [INFO ]  No test_filelist is set; using train loss for checkpoint selection.
2026-07-14 20:13:44,898 [INFO ]  Checkpoint epoch 95: best model saved: no | current loss: 0.099333 | best loss: 0.097907
2026-07-14 20:13:44,898 [INFO ]  Global step updated to: 550272
2026-07-14 20:13:44,898 [INFO ]  ====== Current epoch 96 ======
2026-07-14 20:13:44,898 [INFO ]  Learning rate: 4e-05
2026-07-14 20:13:45,354 [INFO ]  [0/5732] | Loss: 0.194 | PSNR: 37.541 | MSE: 0.00017614 | BPP: 0.0586 | QP: 63
2026-07-14 20:14:38,249 [INFO ]  [500/5732] | Loss: 0.098 | PSNR: 33.940 | MSE: 0.00040360 | BPP: 0.0365 | QP: 41
2026-07-14 20:15:30,520 [INFO ]  [1000/5732] | Loss: 0.099 | PSNR: 33.987 | MSE: 0.00039928 | BPP: 0.0366 | QP: 43
2026-07-14 20:16:23,175 [INFO ]  [1500/5732] | Loss: 0.099 | PSNR: 33.929 | MSE: 0.00040468 | BPP: 0.0362 | QP: 63
2026-07-14 20:17:14,711 [INFO ]  [2000/5732] | Loss: 0.099 | PSNR: 33.940 | MSE: 0.00040368 | BPP: 0.0362 | QP: 19
2026-07-14 20:18:06,046 [INFO ]  [2500/5732] | Loss: 0.098 | PSNR: 33.964 | MSE: 0.00040139 | BPP: 0.0360 | QP: 30
2026-07-14 20:18:57,542 [INFO ]  [3000/5732] | Loss: 0.099 | PSNR: 33.973 | MSE: 0.00040057 | BPP: 0.0362 | QP: 63
2026-07-14 20:19:48,916 [INFO ]  [3500/5732] | Loss: 0.100 | PSNR: 33.965 | MSE: 0.00040134 | BPP: 0.0363 | QP: 43
2026-07-14 20:20:40,005 [INFO ]  [4000/5732] | Loss: 0.099 | PSNR: 33.958 | MSE: 0.00040194 | BPP: 0.0362 | QP: 58
2026-07-14 20:21:31,488 [INFO ]  [4500/5732] | Loss: 0.099 | PSNR: 33.936 | MSE: 0.00040399 | BPP: 0.0361 | QP: 63
2026-07-14 20:22:23,331 [INFO ]  [5000/5732] | Loss: 0.099 | PSNR: 33.942 | MSE: 0.00040348 | BPP: 0.0361 | QP: 13
2026-07-14 20:23:13,941 [INFO ]  [5500/5732] | Loss: 0.100 | PSNR: 33.964 | MSE: 0.00040142 | BPP: 0.0361 | QP: 21
2026-07-14 20:23:37,375 [INFO ]  Train epoch 96: Loss: 0.099 | PSNR: 33.963 | MSE: 0.00040151 | BPP: 0.0362
2026-07-14 20:23:37,376 [INFO ]  No test_filelist is set; using train loss for checkpoint selection.
2026-07-14 20:23:38,152 [INFO ]  Checkpoint epoch 96: best model saved: no | current loss: 0.099405 | best loss: 0.097907
2026-07-14 20:23:38,152 [INFO ]  Global step updated to: 556004
2026-07-14 20:23:38,152 [INFO ]  ====== Current epoch 97 ======
2026-07-14 20:23:38,152 [INFO ]  Learning rate: 4e-05
2026-07-14 20:23:38,622 [INFO ]  [0/5732] | Loss: 0.188 | PSNR: 38.110 | MSE: 0.00015452 | BPP: 0.0689 | QP: 63
2026-07-14 20:24:30,229 [INFO ]  [500/5732] | Loss: 0.094 | PSNR: 33.869 | MSE: 0.00041031 | BPP: 0.0352 | QP: 55
2026-07-14 20:25:21,044 [INFO ]  [1000/5732] | Loss: 0.100 | PSNR: 33.862 | MSE: 0.00041095 | BPP: 0.0363 | QP: 63
2026-07-14 20:26:11,965 [INFO ]  [1500/5732] | Loss: 0.100 | PSNR: 33.872 | MSE: 0.00041000 | BPP: 0.0362 | QP: 63
2026-07-14 20:27:03,297 [INFO ]  [2000/5732] | Loss: 0.101 | PSNR: 33.905 | MSE: 0.00040691 | BPP: 0.0364 | QP: 32
2026-07-14 20:27:54,343 [INFO ]  [2500/5732] | Loss: 0.100 | PSNR: 33.873 | MSE: 0.00040991 | BPP: 0.0363 | QP: 28
2026-07-14 20:28:45,521 [INFO ]  [3000/5732] | Loss: 0.100 | PSNR: 33.893 | MSE: 0.00040807 | BPP: 0.0363 | QP: 63
2026-07-14 20:29:37,076 [INFO ]  [3500/5732] | Loss: 0.100 | PSNR: 33.937 | MSE: 0.00040388 | BPP: 0.0363 | QP: 60
2026-07-14 20:30:28,051 [INFO ]  [4000/5732] | Loss: 0.100 | PSNR: 33.942 | MSE: 0.00040344 | BPP: 0.0364 | QP: 56
2026-07-14 20:31:19,273 [INFO ]  [4500/5732] | Loss: 0.100 | PSNR: 33.956 | MSE: 0.00040213 | BPP: 0.0364 | QP: 63
2026-07-14 20:32:10,608 [INFO ]  [5000/5732] | Loss: 0.100 | PSNR: 33.942 | MSE: 0.00040346 | BPP: 0.0362 | QP: 56
2026-07-14 20:33:01,438 [INFO ]  [5500/5732] | Loss: 0.099 | PSNR: 33.921 | MSE: 0.00040540 | BPP: 0.0362 | QP: 43
2026-07-14 20:33:24,511 [INFO ]  Train epoch 97: Loss: 0.099 | PSNR: 33.959 | MSE: 0.00040187 | BPP: 0.0362
2026-07-14 20:33:24,512 [INFO ]  No test_filelist is set; using train loss for checkpoint selection.
2026-07-14 20:33:25,281 [INFO ]  Checkpoint epoch 97: best model saved: no | current loss: 0.099316 | best loss: 0.097907
2026-07-14 20:33:25,281 [INFO ]  Global step updated to: 561736
2026-07-14 20:33:25,281 [INFO ]  ====== Current epoch 98 ======
2026-07-14 20:33:25,281 [INFO ]  Learning rate: 4e-05
2026-07-14 20:33:25,732 [INFO ]  [0/5732] | Loss: 0.216 | PSNR: 37.364 | MSE: 0.00018351 | BPP: 0.0749 | QP: 63
2026-07-14 20:34:16,749 [INFO ]  [500/5732] | Loss: 0.098 | PSNR: 33.810 | MSE: 0.00041591 | BPP: 0.0359 | QP: 14
2026-07-14 20:35:08,124 [INFO ]  [1000/5732] | Loss: 0.100 | PSNR: 33.953 | MSE: 0.00040244 | BPP: 0.0366 | QP: 53
2026-07-14 20:35:59,007 [INFO ]  [1500/5732] | Loss: 0.099 | PSNR: 33.871 | MSE: 0.00041008 | BPP: 0.0363 | QP: 63
2026-07-14 20:36:49,646 [INFO ]  [2000/5732] | Loss: 0.098 | PSNR: 33.943 | MSE: 0.00040337 | BPP: 0.0362 | QP: 3
2026-07-14 20:37:40,574 [INFO ]  [2500/5732] | Loss: 0.098 | PSNR: 33.960 | MSE: 0.00040180 | BPP: 0.0360 | QP: 60
2026-07-14 20:38:31,745 [INFO ]  [3000/5732] | Loss: 0.098 | PSNR: 33.959 | MSE: 0.00040185 | BPP: 0.0360 | QP: 63
2026-07-14 20:39:22,932 [INFO ]  [3500/5732] | Loss: 0.098 | PSNR: 34.015 | MSE: 0.00039669 | BPP: 0.0359 | QP: 21
2026-07-14 20:40:14,223 [INFO ]  [4000/5732] | Loss: 0.098 | PSNR: 34.001 | MSE: 0.00039806 | BPP: 0.0360 | QP: 55
2026-07-14 20:41:04,998 [INFO ]  [4500/5732] | Loss: 0.098 | PSNR: 34.031 | MSE: 0.00039529 | BPP: 0.0360 | QP: 63
2026-07-14 20:41:55,871 [INFO ]  [5000/5732] | Loss: 0.098 | PSNR: 34.052 | MSE: 0.00039333 | BPP: 0.0361 | QP: 30
2026-07-14 20:42:47,021 [INFO ]  [5500/5732] | Loss: 0.098 | PSNR: 34.028 | MSE: 0.00039557 | BPP: 0.0362 | QP: 47
2026-07-14 20:43:10,318 [INFO ]  Train epoch 98: Loss: 0.099 | PSNR: 34.005 | MSE: 0.00039764 | BPP: 0.0363
2026-07-14 20:43:10,319 [INFO ]  No test_filelist is set; using train loss for checkpoint selection.
2026-07-14 20:43:11,067 [INFO ]  Checkpoint epoch 98: best model saved: no | current loss: 0.099326 | best loss: 0.097907
2026-07-14 20:43:11,067 [INFO ]  Global step updated to: 567468
2026-07-14 20:43:11,067 [INFO ]  ====== Current epoch 99 ======
2026-07-14 20:43:11,067 [INFO ]  Learning rate: 4e-05
2026-07-14 20:43:11,454 [INFO ]  [0/5732] | Loss: 0.201 | PSNR: 37.303 | MSE: 0.00018607 | BPP: 0.0584 | QP: 63
2026-07-14 20:44:01,755 [INFO ]  [500/5732] | Loss: 0.099 | PSNR: 34.228 | MSE: 0.00037772 | BPP: 0.0364 | QP: 48
2026-07-14 20:44:52,503 [INFO ]  [1000/5732] | Loss: 0.099 | PSNR: 34.186 | MSE: 0.00038142 | BPP: 0.0363 | QP: 57
2026-07-14 20:45:43,487 [INFO ]  [1500/5732] | Loss: 0.098 | PSNR: 34.126 | MSE: 0.00038676 | BPP: 0.0361 | QP: 63
2026-07-14 20:46:34,654 [INFO ]  [2000/5732] | Loss: 0.097 | PSNR: 34.105 | MSE: 0.00038855 | BPP: 0.0360 | QP: 58
2026-07-14 20:47:25,595 [INFO ]  [2500/5732] | Loss: 0.097 | PSNR: 34.074 | MSE: 0.00039138 | BPP: 0.0359 | QP: 9
2026-07-14 20:48:16,864 [INFO ]  [3000/5732] | Loss: 0.098 | PSNR: 34.023 | MSE: 0.00039603 | BPP: 0.0361 | QP: 63
2026-07-14 20:49:07,638 [INFO ]  [3500/5732] | Loss: 0.098 | PSNR: 34.012 | MSE: 0.00039699 | BPP: 0.0361 | QP: 7
2026-07-14 20:49:58,993 [INFO ]  [4000/5732] | Loss: 0.098 | PSNR: 34.001 | MSE: 0.00039799 | BPP: 0.0361 | QP: 22
2026-07-14 20:50:50,060 [INFO ]  [4500/5732] | Loss: 0.099 | PSNR: 33.992 | MSE: 0.00039881 | BPP: 0.0362 | QP: 63
2026-07-14 20:51:40,859 [INFO ]  [5000/5732] | Loss: 0.098 | PSNR: 33.996 | MSE: 0.00039848 | BPP: 0.0361 | QP: 24
2026-07-14 20:52:31,834 [INFO ]  [5500/5732] | Loss: 0.098 | PSNR: 34.002 | MSE: 0.00039795 | BPP: 0.0361 | QP: 7
2026-07-14 20:52:55,633 [INFO ]  Train epoch 99: Loss: 0.099 | PSNR: 34.006 | MSE: 0.00039759 | BPP: 0.0363
2026-07-14 20:52:55,633 [INFO ]  No test_filelist is set; using train loss for checkpoint selection.
2026-07-14 20:52:56,353 [INFO ]  Checkpoint epoch 99: best model saved: no | current loss: 0.099158 | best loss: 0.097907
2026-07-14 20:52:57,008 [INFO ]  Saved periodic checkpoint: ./pretrained_uf/DCVCUFIntra/2/checkpoint_epoch_0100_uf_phase_1.pth.tar
2026-07-14 20:52:57,008 [INFO ]  Global step updated to: 573200
2026-07-14 20:52:57,008 [INFO ]  ====== Current epoch 100 ======
2026-07-14 20:52:57,008 [INFO ]  Learning rate: 1e-05
2026-07-14 20:52:57,476 [INFO ]  [0/5732] | Loss: 0.335 | PSNR: 34.828 | MSE: 0.00032902 | BPP: 0.0824 | QP: 63
2026-07-14 20:53:48,244 [INFO ]  [500/5732] | Loss: 0.097 | PSNR: 34.083 | MSE: 0.00039056 | BPP: 0.0364 | QP: 16
2026-07-14 20:54:39,277 [INFO ]  [1000/5732] | Loss: 0.099 | PSNR: 33.911 | MSE: 0.00040634 | BPP: 0.0363 | QP: 50
2026-07-14 20:55:30,255 [INFO ]  [1500/5732] | Loss: 0.097 | PSNR: 33.877 | MSE: 0.00040956 | BPP: 0.0359 | QP: 63
2026-07-14 20:56:21,183 [INFO ]  [2000/5732] | Loss: 0.098 | PSNR: 33.946 | MSE: 0.00040310 | BPP: 0.0361 | QP: 59
2026-07-14 20:57:12,229 [INFO ]  [2500/5732] | Loss: 0.098 | PSNR: 33.945 | MSE: 0.00040322 | BPP: 0.0361 | QP: 44
2026-07-14 20:58:03,395 [INFO ]  [3000/5732] | Loss: 0.097 | PSNR: 33.980 | MSE: 0.00039996 | BPP: 0.0361 | QP: 63
2026-07-14 20:58:54,065 [INFO ]  [3500/5732] | Loss: 0.097 | PSNR: 33.994 | MSE: 0.00039865 | BPP: 0.0361 | QP: 5
2026-07-14 20:59:44,843 [INFO ]  [4000/5732] | Loss: 0.097 | PSNR: 34.024 | MSE: 0.00039589 | BPP: 0.0362 | QP: 54
2026-07-14 21:00:35,793 [INFO ]  [4500/5732] | Loss: 0.097 | PSNR: 34.053 | MSE: 0.00039324 | BPP: 0.0362 | QP: 63
2026-07-14 21:01:26,618 [INFO ]  [5000/5732] | Loss: 0.097 | PSNR: 34.066 | MSE: 0.00039209 | BPP: 0.0361 | QP: 27
2026-07-14 21:02:17,303 [INFO ]  [5500/5732] | Loss: 0.097 | PSNR: 34.069 | MSE: 0.00039185 | BPP: 0.0361 | QP: 34
2026-07-14 21:02:40,593 [INFO ]  Train epoch 100: Loss: 0.096 | PSNR: 34.117 | MSE: 0.00038756 | BPP: 0.0360
2026-07-14 21:02:40,594 [INFO ]  No test_filelist is set; using train loss for checkpoint selection.
2026-07-14 21:02:41,792 [INFO ]  Checkpoint epoch 100: best model saved: yes | current loss: 0.096303 | best loss: 0.096303
2026-07-14 21:02:41,792 [INFO ]  Global step updated to: 578932
2026-07-14 21:02:41,792 [INFO ]  ====== Current epoch 101 ======
2026-07-14 21:02:41,792 [INFO ]  Learning rate: 1e-05
2026-07-14 21:02:42,256 [INFO ]  [0/5732] | Loss: 0.201 | PSNR: 37.391 | MSE: 0.00018233 | BPP: 0.0613 | QP: 63
2026-07-14 21:03:33,060 [INFO ]  [500/5732] | Loss: 0.096 | PSNR: 33.949 | MSE: 0.00040285 | BPP: 0.0358 | QP: 33
2026-07-14 21:04:23,577 [INFO ]  [1000/5732] | Loss: 0.094 | PSNR: 34.007 | MSE: 0.00039748 | BPP: 0.0352 | QP: 35
2026-07-14 21:05:14,280 [INFO ]  [1500/5732] | Loss: 0.094 | PSNR: 34.074 | MSE: 0.00039140 | BPP: 0.0356 | QP: 63
2026-07-14 21:06:04,804 [INFO ]  [2000/5732] | Loss: 0.095 | PSNR: 34.016 | MSE: 0.00039660 | BPP: 0.0358 | QP: 20
2026-07-14 21:06:55,547 [INFO ]  [2500/5732] | Loss: 0.096 | PSNR: 34.001 | MSE: 0.00039801 | BPP: 0.0358 | QP: 23
2026-07-14 21:07:46,245 [INFO ]  [3000/5732] | Loss: 0.095 | PSNR: 34.046 | MSE: 0.00039391 | BPP: 0.0357 | QP: 63
2026-07-14 21:08:37,196 [INFO ]  [3500/5732] | Loss: 0.095 | PSNR: 34.042 | MSE: 0.00039428 | BPP: 0.0358 | QP: 7
2026-07-14 21:09:27,712 [INFO ]  [4000/5732] | Loss: 0.096 | PSNR: 34.068 | MSE: 0.00039192 | BPP: 0.0359 | QP: 46
2026-07-14 21:10:17,757 [INFO ]  [4500/5732] | Loss: 0.096 | PSNR: 34.068 | MSE: 0.00039197 | BPP: 0.0360 | QP: 63
2026-07-14 21:11:08,383 [INFO ]  [5000/5732] | Loss: 0.096 | PSNR: 34.092 | MSE: 0.00038976 | BPP: 0.0360 | QP: 58
2026-07-14 21:11:58,493 [INFO ]  [5500/5732] | Loss: 0.096 | PSNR: 34.087 | MSE: 0.00039024 | BPP: 0.0360 | QP: 12
2026-07-14 21:12:21,263 [INFO ]  Train epoch 101: Loss: 0.096 | PSNR: 34.079 | MSE: 0.00039091 | BPP: 0.0360
2026-07-14 21:12:21,264 [INFO ]  No test_filelist is set; using train loss for checkpoint selection.
2026-07-14 21:12:22,422 [INFO ]  Checkpoint epoch 101: best model saved: yes | current loss: 0.096219 | best loss: 0.096219
2026-07-14 21:12:22,422 [INFO ]  Global step updated to: 584664
2026-07-14 21:12:22,422 [INFO ]  ====== Current epoch 102 ======
2026-07-14 21:12:22,422 [INFO ]  Learning rate: 1e-05
2026-07-14 21:12:22,894 [INFO ]  [0/5732] | Loss: 0.210 | PSNR: 37.428 | MSE: 0.00018078 | BPP: 0.0712 | QP: 63
2026-07-14 21:13:13,481 [INFO ]  [500/5732] | Loss: 0.099 | PSNR: 34.020 | MSE: 0.00039631 | BPP: 0.0374 | QP: 48
2026-07-14 21:14:04,328 [INFO ]  [1000/5732] | Loss: 0.097 | PSNR: 34.023 | MSE: 0.00039605 | BPP: 0.0363 | QP: 44
2026-07-14 21:14:54,855 [INFO ]  [1500/5732] | Loss: 0.097 | PSNR: 34.056 | MSE: 0.00039301 | BPP: 0.0364 | QP: 63
2026-07-14 21:15:45,515 [INFO ]  [2000/5732] | Loss: 0.097 | PSNR: 34.089 | MSE: 0.00039003 | BPP: 0.0364 | QP: 56
2026-07-14 21:16:35,969 [INFO ]  [2500/5732] | Loss: 0.095 | PSNR: 34.101 | MSE: 0.00038891 | BPP: 0.0360 | QP: 35
2026-07-14 21:17:26,598 [INFO ]  [3000/5732] | Loss: 0.096 | PSNR: 34.109 | MSE: 0.00038821 | BPP: 0.0362 | QP: 63
2026-07-14 21:18:17,073 [INFO ]  [3500/5732] | Loss: 0.095 | PSNR: 34.104 | MSE: 0.00038868 | BPP: 0.0360 | QP: 4
2026-07-14 21:19:07,728 [INFO ]  [4000/5732] | Loss: 0.096 | PSNR: 34.106 | MSE: 0.00038854 | BPP: 0.0360 | QP: 27
2026-07-14 21:19:58,795 [INFO ]  [4500/5732] | Loss: 0.096 | PSNR: 34.108 | MSE: 0.00038837 | BPP: 0.0361 | QP: 63
2026-07-14 21:20:49,758 [INFO ]  [5000/5732] | Loss: 0.096 | PSNR: 34.095 | MSE: 0.00038945 | BPP: 0.0360 | QP: 58
2026-07-14 21:21:41,108 [INFO ]  [5500/5732] | Loss: 0.096 | PSNR: 34.092 | MSE: 0.00038974 | BPP: 0.0360 | QP: 11
2026-07-14 21:22:04,493 [INFO ]  Train epoch 102: Loss: 0.096 | PSNR: 34.043 | MSE: 0.00039421 | BPP: 0.0360
2026-07-14 21:22:04,494 [INFO ]  No test_filelist is set; using train loss for checkpoint selection.
2026-07-14 21:22:05,643 [INFO ]  Checkpoint epoch 102: best model saved: yes | current loss: 0.096003 | best loss: 0.096003
2026-07-14 21:22:05,643 [INFO ]  Global step updated to: 590396
2026-07-14 21:22:05,643 [INFO ]  ====== Current epoch 103 ======
2026-07-14 21:22:05,644 [INFO ]  Learning rate: 1e-05
2026-07-14 21:22:06,101 [INFO ]  [0/5732] | Loss: 0.317 | PSNR: 35.293 | MSE: 0.00029558 | BPP: 0.0896 | QP: 63
2026-07-14 21:22:57,043 [INFO ]  [500/5732] | Loss: 0.096 | PSNR: 33.970 | MSE: 0.00040090 | BPP: 0.0358 | QP: 25
2026-07-14 21:23:48,207 [INFO ]  [1000/5732] | Loss: 0.096 | PSNR: 33.994 | MSE: 0.00039865 | BPP: 0.0357 | QP: 38
2026-07-14 21:24:39,036 [INFO ]  [1500/5732] | Loss: 0.096 | PSNR: 34.102 | MSE: 0.00038884 | BPP: 0.0358 | QP: 63
2026-07-14 21:25:29,778 [INFO ]  [2000/5732] | Loss: 0.095 | PSNR: 34.027 | MSE: 0.00039567 | BPP: 0.0358 | QP: 35
2026-07-14 21:26:21,057 [INFO ]  [2500/5732] | Loss: 0.095 | PSNR: 34.014 | MSE: 0.00039683 | BPP: 0.0357 | QP: 4
2026-07-14 21:27:11,806 [INFO ]  [3000/5732] | Loss: 0.095 | PSNR: 34.026 | MSE: 0.00039570 | BPP: 0.0356 | QP: 63
2026-07-14 21:28:02,693 [INFO ]  [3500/5732] | Loss: 0.096 | PSNR: 34.017 | MSE: 0.00039656 | BPP: 0.0357 | QP: 41
2026-07-14 21:28:53,377 [INFO ]  [4000/5732] | Loss: 0.096 | PSNR: 34.027 | MSE: 0.00039560 | BPP: 0.0357 | QP: 43
2026-07-14 21:29:43,741 [INFO ]  [4500/5732] | Loss: 0.096 | PSNR: 34.034 | MSE: 0.00039504 | BPP: 0.0358 | QP: 63
2026-07-14 21:30:34,438 [INFO ]  [5000/5732] | Loss: 0.096 | PSNR: 34.041 | MSE: 0.00039436 | BPP: 0.0357 | QP: 26
2026-07-14 21:31:25,340 [INFO ]  [5500/5732] | Loss: 0.096 | PSNR: 34.057 | MSE: 0.00039291 | BPP: 0.0357 | QP: 32
2026-07-14 21:31:48,499 [INFO ]  Train epoch 103: Loss: 0.095 | PSNR: 33.981 | MSE: 0.00039983 | BPP: 0.0357
2026-07-14 21:31:48,499 [INFO ]  No test_filelist is set; using train loss for checkpoint selection.
2026-07-14 21:31:49,752 [INFO ]  Checkpoint epoch 103: best model saved: yes | current loss: 0.095446 | best loss: 0.095446
2026-07-14 21:31:49,752 [INFO ]  Global step updated to: 596128
2026-07-14 21:31:49,752 [INFO ]  ====== Current epoch 104 ======
2026-07-14 21:31:49,752 [INFO ]  Learning rate: 1e-05
2026-07-14 21:31:50,201 [INFO ]  [0/5732] | Loss: 0.335 | PSNR: 34.929 | MSE: 0.00032142 | BPP: 0.0877 | QP: 63
2026-07-14 21:32:40,917 [INFO ]  [500/5732] | Loss: 0.098 | PSNR: 34.008 | MSE: 0.00039735 | BPP: 0.0362 | QP: 0
2026-07-14 21:33:31,645 [INFO ]  [1000/5732] | Loss: 0.096 | PSNR: 33.973 | MSE: 0.00040057 | BPP: 0.0357 | QP: 57
2026-07-14 21:34:22,654 [INFO ]  [1500/5732] | Loss: 0.095 | PSNR: 33.992 | MSE: 0.00039880 | BPP: 0.0357 | QP: 63
2026-07-14 21:35:13,259 [INFO ]  [2000/5732] | Loss: 0.095 | PSNR: 34.054 | MSE: 0.00039321 | BPP: 0.0357 | QP: 7
2026-07-14 21:36:04,691 [INFO ]  [2500/5732] | Loss: 0.096 | PSNR: 34.041 | MSE: 0.00039440 | BPP: 0.0360 | QP: 30
2026-07-14 21:36:55,599 [INFO ]  [3000/5732] | Loss: 0.096 | PSNR: 34.029 | MSE: 0.00039547 | BPP: 0.0360 | QP: 63
2026-07-14 21:37:45,292 [INFO ]  [3500/5732] | Loss: 0.096 | PSNR: 34.073 | MSE: 0.00039149 | BPP: 0.0360 | QP: 13
2026-07-14 21:38:35,999 [INFO ]  [4000/5732] | Loss: 0.096 | PSNR: 34.080 | MSE: 0.00039080 | BPP: 0.0361 | QP: 44
2026-07-14 21:39:26,633 [INFO ]  [4500/5732] | Loss: 0.096 | PSNR: 34.064 | MSE: 0.00039227 | BPP: 0.0361 | QP: 63
2026-07-14 21:40:17,035 [INFO ]  [5000/5732] | Loss: 0.096 | PSNR: 34.087 | MSE: 0.00039021 | BPP: 0.0361 | QP: 29
2026-07-14 21:41:07,512 [INFO ]  [5500/5732] | Loss: 0.096 | PSNR: 34.078 | MSE: 0.00039105 | BPP: 0.0360 | QP: 57
2026-07-14 21:41:31,199 [INFO ]  Train epoch 104: Loss: 0.096 | PSNR: 34.056 | MSE: 0.00039301 | BPP: 0.0360
2026-07-14 21:41:31,200 [INFO ]  No test_filelist is set; using train loss for checkpoint selection.
2026-07-14 21:41:31,944 [INFO ]  Checkpoint epoch 104: best model saved: no | current loss: 0.095940 | best loss: 0.095446
2026-07-14 21:41:31,944 [INFO ]  Global step updated to: 601860
2026-07-14 21:41:31,945 [INFO ]  ====== Current epoch 105 ======
2026-07-14 21:41:31,945 [INFO ]  Learning rate: 1e-05
2026-07-14 21:41:32,422 [INFO ]  [0/5732] | Loss: 0.161 | PSNR: 38.836 | MSE: 0.00013074 | BPP: 0.0608 | QP: 63
2026-07-14 21:42:23,211 [INFO ]  [500/5732] | Loss: 0.096 | PSNR: 34.328 | MSE: 0.00036914 | BPP: 0.0361 | QP: 57
2026-07-14 21:43:13,818 [INFO ]  [1000/5732] | Loss: 0.095 | PSNR: 34.186 | MSE: 0.00038142 | BPP: 0.0356 | QP: 25
2026-07-14 21:44:04,917 [INFO ]  [1500/5732] | Loss: 0.095 | PSNR: 34.106 | MSE: 0.00038855 | BPP: 0.0355 | QP: 63
2026-07-14 21:44:55,496 [INFO ]  [2000/5732] | Loss: 0.095 | PSNR: 34.127 | MSE: 0.00038663 | BPP: 0.0357 | QP: 44
2026-07-14 21:45:46,016 [INFO ]  [2500/5732] | Loss: 0.095 | PSNR: 34.129 | MSE: 0.00038648 | BPP: 0.0358 | QP: 11
2026-07-14 21:46:36,690 [INFO ]  [3000/5732] | Loss: 0.094 | PSNR: 34.092 | MSE: 0.00038977 | BPP: 0.0356 | QP: 63
2026-07-14 21:47:27,476 [INFO ]  [3500/5732] | Loss: 0.095 | PSNR: 34.084 | MSE: 0.00039046 | BPP: 0.0357 | QP: 28
2026-07-14 21:48:18,402 [INFO ]  [4000/5732] | Loss: 0.095 | PSNR: 34.055 | MSE: 0.00039307 | BPP: 0.0358 | QP: 16
2026-07-14 21:49:09,190 [INFO ]  [4500/5732] | Loss: 0.095 | PSNR: 34.047 | MSE: 0.00039384 | BPP: 0.0357 | QP: 63
2026-07-14 21:50:00,240 [INFO ]  [5000/5732] | Loss: 0.095 | PSNR: 34.046 | MSE: 0.00039394 | BPP: 0.0358 | QP: 56
2026-07-14 21:50:50,645 [INFO ]  [5500/5732] | Loss: 0.095 | PSNR: 34.052 | MSE: 0.00039336 | BPP: 0.0359 | QP: 44
2026-07-14 21:51:13,739 [INFO ]  Train epoch 105: Loss: 0.096 | PSNR: 34.083 | MSE: 0.00039055 | BPP: 0.0359
2026-07-14 21:51:13,739 [INFO ]  No test_filelist is set; using train loss for checkpoint selection.
2026-07-14 21:51:14,471 [INFO ]  Checkpoint epoch 105: best model saved: no | current loss: 0.095595 | best loss: 0.095446
2026-07-14 21:51:14,472 [INFO ]  Global step updated to: 607592
2026-07-14 21:51:14,472 [INFO ]  ====== Current epoch 106 ======
2026-07-14 21:51:14,472 [INFO ]  Learning rate: 1e-05
2026-07-14 21:51:14,885 [INFO ]  [0/5732] | Loss: 0.160 | PSNR: 38.806 | MSE: 0.00013166 | BPP: 0.0589 | QP: 63
2026-07-14 21:52:05,517 [INFO ]  [500/5732] | Loss: 0.098 | PSNR: 34.201 | MSE: 0.00038010 | BPP: 0.0366 | QP: 56
2026-07-14 21:52:56,037 [INFO ]  [1000/5732] | Loss: 0.096 | PSNR: 34.256 | MSE: 0.00037536 | BPP: 0.0363 | QP: 8
2026-07-14 21:53:46,928 [INFO ]  [1500/5732] | Loss: 0.098 | PSNR: 34.301 | MSE: 0.00037147 | BPP: 0.0366 | QP: 63
2026-07-14 21:54:38,078 [INFO ]  [2000/5732] | Loss: 0.097 | PSNR: 34.239 | MSE: 0.00037681 | BPP: 0.0363 | QP: 53
2026-07-14 21:55:28,877 [INFO ]  [2500/5732] | Loss: 0.098 | PSNR: 34.244 | MSE: 0.00037639 | BPP: 0.0365 | QP: 50
2026-07-14 21:56:19,756 [INFO ]  [3000/5732] | Loss: 0.097 | PSNR: 34.202 | MSE: 0.00038003 | BPP: 0.0364 | QP: 63
2026-07-14 21:57:10,418 [INFO ]  [3500/5732] | Loss: 0.097 | PSNR: 34.185 | MSE: 0.00038153 | BPP: 0.0364 | QP: 62
2026-07-14 21:58:00,973 [INFO ]  [4000/5732] | Loss: 0.097 | PSNR: 34.154 | MSE: 0.00038422 | BPP: 0.0364 | QP: 47
2026-07-14 21:58:51,545 [INFO ]  [4500/5732] | Loss: 0.097 | PSNR: 34.130 | MSE: 0.00038638 | BPP: 0.0362 | QP: 63
2026-07-14 21:59:42,100 [INFO ]  [5000/5732] | Loss: 0.097 | PSNR: 34.107 | MSE: 0.00038843 | BPP: 0.0361 | QP: 44
2026-07-14 22:00:32,391 [INFO ]  [5500/5732] | Loss: 0.096 | PSNR: 34.120 | MSE: 0.00038723 | BPP: 0.0361 | QP: 39
2026-07-14 22:00:55,653 [INFO ]  Train epoch 106: Loss: 0.096 | PSNR: 34.136 | MSE: 0.00038582 | BPP: 0.0362
2026-07-14 22:00:55,653 [INFO ]  No test_filelist is set; using train loss for checkpoint selection.
2026-07-14 22:00:56,348 [INFO ]  Checkpoint epoch 106: best model saved: no | current loss: 0.096407 | best loss: 0.095446
2026-07-14 22:00:56,348 [INFO ]  Global step updated to: 613324
2026-07-14 22:00:56,348 [INFO ]  ====== Current epoch 107 ======
2026-07-14 22:00:56,349 [INFO ]  Learning rate: 1e-05
2026-07-14 22:00:56,778 [INFO ]  [0/5732] | Loss: 0.158 | PSNR: 38.964 | MSE: 0.00012695 | BPP: 0.0600 | QP: 63
2026-07-14 22:01:47,233 [INFO ]  [500/5732] | Loss: 0.090 | PSNR: 33.994 | MSE: 0.00039863 | BPP: 0.0349 | QP: 21
2026-07-14 22:02:37,900 [INFO ]  [1000/5732] | Loss: 0.092 | PSNR: 34.024 | MSE: 0.00039595 | BPP: 0.0353 | QP: 7
2026-07-14 22:03:28,311 [INFO ]  [1500/5732] | Loss: 0.092 | PSNR: 34.058 | MSE: 0.00039283 | BPP: 0.0352 | QP: 63
2026-07-14 22:04:18,548 [INFO ]  [2000/5732] | Loss: 0.092 | PSNR: 34.048 | MSE: 0.00039376 | BPP: 0.0353 | QP: 27
2026-07-14 22:05:09,382 [INFO ]  [2500/5732] | Loss: 0.092 | PSNR: 34.067 | MSE: 0.00039201 | BPP: 0.0352 | QP: 50
2026-07-14 22:05:59,898 [INFO ]  [3000/5732] | Loss: 0.092 | PSNR: 34.097 | MSE: 0.00038930 | BPP: 0.0353 | QP: 63
2026-07-14 22:06:50,285 [INFO ]  [3500/5732] | Loss: 0.093 | PSNR: 34.062 | MSE: 0.00039248 | BPP: 0.0353 | QP: 5
2026-07-14 22:07:40,686 [INFO ]  [4000/5732] | Loss: 0.093 | PSNR: 34.091 | MSE: 0.00038984 | BPP: 0.0355 | QP: 8
2026-07-14 22:08:30,651 [INFO ]  [4500/5732] | Loss: 0.094 | PSNR: 34.090 | MSE: 0.00038992 | BPP: 0.0355 | QP: 63
2026-07-14 22:09:21,114 [INFO ]  [5000/5732] | Loss: 0.094 | PSNR: 34.092 | MSE: 0.00038974 | BPP: 0.0356 | QP: 19
2026-07-14 22:10:12,074 [INFO ]  [5500/5732] | Loss: 0.094 | PSNR: 34.102 | MSE: 0.00038885 | BPP: 0.0357 | QP: 30
2026-07-14 22:10:35,356 [INFO ]  Train epoch 107: Loss: 0.095 | PSNR: 34.077 | MSE: 0.00039115 | BPP: 0.0359
2026-07-14 22:10:35,356 [INFO ]  No test_filelist is set; using train loss for checkpoint selection.
2026-07-14 22:10:36,521 [INFO ]  Checkpoint epoch 107: best model saved: yes | current loss: 0.095366 | best loss: 0.095366
2026-07-14 22:10:36,521 [INFO ]  Global step updated to: 619056
2026-07-14 22:10:36,521 [INFO ]  ====== Current epoch 108 ======
2026-07-14 22:10:36,521 [INFO ]  Learning rate: 1e-05
2026-07-14 22:10:36,936 [INFO ]  [0/5732] | Loss: 0.165 | PSNR: 38.567 | MSE: 0.00013910 | BPP: 0.0579 | QP: 63
2026-07-14 22:11:27,546 [INFO ]  [500/5732] | Loss: 0.100 | PSNR: 34.346 | MSE: 0.00036762 | BPP: 0.0370 | QP: 39
2026-07-14 22:12:18,444 [INFO ]  [1000/5732] | Loss: 0.099 | PSNR: 34.191 | MSE: 0.00038102 | BPP: 0.0367 | QP: 61
2026-07-14 22:13:09,052 [INFO ]  [1500/5732] | Loss: 0.098 | PSNR: 34.016 | MSE: 0.00039666 | BPP: 0.0363 | QP: 63
2026-07-14 22:13:59,548 [INFO ]  [2000/5732] | Loss: 0.097 | PSNR: 34.033 | MSE: 0.00039507 | BPP: 0.0362 | QP: 59
2026-07-14 22:14:50,224 [INFO ]  [2500/5732] | Loss: 0.096 | PSNR: 34.067 | MSE: 0.00039206 | BPP: 0.0360 | QP: 6
2026-07-14 22:15:40,453 [INFO ]  [3000/5732] | Loss: 0.096 | PSNR: 34.078 | MSE: 0.00039098 | BPP: 0.0359 | QP: 63
2026-07-14 22:16:31,286 [INFO ]  [3500/5732] | Loss: 0.096 | PSNR: 34.079 | MSE: 0.00039094 | BPP: 0.0359 | QP: 16
2026-07-14 22:17:22,297 [INFO ]  [4000/5732] | Loss: 0.095 | PSNR: 34.052 | MSE: 0.00039335 | BPP: 0.0357 | QP: 59
2026-07-14 22:18:13,049 [INFO ]  [4500/5732] | Loss: 0.096 | PSNR: 34.062 | MSE: 0.00039243 | BPP: 0.0359 | QP: 63
2026-07-14 22:19:03,687 [INFO ]  [5000/5732] | Loss: 0.096 | PSNR: 34.055 | MSE: 0.00039308 | BPP: 0.0361 | QP: 41
2026-07-14 22:19:54,519 [INFO ]  [5500/5732] | Loss: 0.096 | PSNR: 34.071 | MSE: 0.00039161 | BPP: 0.0361 | QP: 62
2026-07-14 22:20:17,694 [INFO ]  Train epoch 108: Loss: 0.096 | PSNR: 34.073 | MSE: 0.00039144 | BPP: 0.0361
2026-07-14 22:20:17,695 [INFO ]  No test_filelist is set; using train loss for checkpoint selection.
2026-07-14 22:20:18,443 [INFO ]  Checkpoint epoch 108: best model saved: no | current loss: 0.096188 | best loss: 0.095366
2026-07-14 22:20:18,444 [INFO ]  Global step updated to: 624788
2026-07-14 22:20:18,444 [INFO ]  ====== Current epoch 109 ======
2026-07-14 22:20:18,444 [INFO ]  Learning rate: 1e-05
2026-07-14 22:20:18,866 [INFO ]  [0/5732] | Loss: 0.198 | PSNR: 37.392 | MSE: 0.00018230 | BPP: 0.0581 | QP: 63
2026-07-14 22:21:09,449 [INFO ]  [500/5732] | Loss: 0.094 | PSNR: 33.800 | MSE: 0.00041687 | BPP: 0.0348 | QP: 5
2026-07-14 22:21:59,978 [INFO ]  [1000/5732] | Loss: 0.094 | PSNR: 33.891 | MSE: 0.00040820 | BPP: 0.0352 | QP: 52
2026-07-14 22:22:50,569 [INFO ]  [1500/5732] | Loss: 0.095 | PSNR: 33.984 | MSE: 0.00039958 | BPP: 0.0356 | QP: 63
2026-07-14 22:23:40,864 [INFO ]  [2000/5732] | Loss: 0.096 | PSNR: 33.991 | MSE: 0.00039895 | BPP: 0.0359 | QP: 56
2026-07-14 22:24:31,507 [INFO ]  [2500/5732] | Loss: 0.096 | PSNR: 34.022 | MSE: 0.00039611 | BPP: 0.0360 | QP: 42
2026-07-14 22:25:22,380 [INFO ]  [3000/5732] | Loss: 0.096 | PSNR: 34.033 | MSE: 0.00039510 | BPP: 0.0359 | QP: 63
2026-07-14 22:26:13,045 [INFO ]  [3500/5732] | Loss: 0.096 | PSNR: 33.987 | MSE: 0.00039927 | BPP: 0.0359 | QP: 27
2026-07-14 22:27:03,441 [INFO ]  [4000/5732] | Loss: 0.096 | PSNR: 33.990 | MSE: 0.00039901 | BPP: 0.0358 | QP: 62
2026-07-14 22:27:54,122 [INFO ]  [4500/5732] | Loss: 0.097 | PSNR: 34.031 | MSE: 0.00039528 | BPP: 0.0360 | QP: 63
2026-07-14 22:28:44,596 [INFO ]  [5000/5732] | Loss: 0.096 | PSNR: 33.989 | MSE: 0.00039908 | BPP: 0.0359 | QP: 53
2026-07-14 22:29:34,831 [INFO ]  [5500/5732] | Loss: 0.096 | PSNR: 34.001 | MSE: 0.00039802 | BPP: 0.0359 | QP: 2
2026-07-14 22:29:58,293 [INFO ]  Train epoch 109: Loss: 0.095 | PSNR: 34.017 | MSE: 0.00039654 | BPP: 0.0358
2026-07-14 22:29:58,294 [INFO ]  No test_filelist is set; using train loss for checkpoint selection.
2026-07-14 22:29:59,462 [INFO ]  Checkpoint epoch 109: best model saved: yes | current loss: 0.095363 | best loss: 0.095363
2026-07-14 22:30:00,142 [INFO ]  Saved periodic checkpoint: ./pretrained_uf/DCVCUFIntra/2/checkpoint_epoch_0110_uf_phase_1.pth.tar
2026-07-14 22:30:00,142 [INFO ]  Global step updated to: 630520
2026-07-14 22:30:00,142 [INFO ]  ====== Current epoch 110 ======
2026-07-14 22:30:00,142 [INFO ]  Learning rate: 4.000000000000001e-06
2026-07-14 22:30:00,589 [INFO ]  [0/5732] | Loss: 0.226 | PSNR: 36.846 | MSE: 0.00020672 | BPP: 0.0675 | QP: 63
2026-07-14 22:30:50,818 [INFO ]  [500/5732] | Loss: 0.098 | PSNR: 34.449 | MSE: 0.00035902 | BPP: 0.0369 | QP: 55
2026-07-14 22:31:41,365 [INFO ]  [1000/5732] | Loss: 0.095 | PSNR: 34.298 | MSE: 0.00037173 | BPP: 0.0361 | QP: 12
2026-07-14 22:32:31,998 [INFO ]  [1500/5732] | Loss: 0.096 | PSNR: 34.210 | MSE: 0.00037932 | BPP: 0.0363 | QP: 63
2026-07-14 22:33:22,694 [INFO ]  [2000/5732] | Loss: 0.095 | PSNR: 34.162 | MSE: 0.00038352 | BPP: 0.0359 | QP: 31
2026-07-14 22:34:13,393 [INFO ]  [2500/5732] | Loss: 0.096 | PSNR: 34.114 | MSE: 0.00038778 | BPP: 0.0361 | QP: 47
2026-07-14 22:35:03,822 [INFO ]  [3000/5732] | Loss: 0.095 | PSNR: 34.117 | MSE: 0.00038753 | BPP: 0.0359 | QP: 63
2026-07-14 22:35:54,772 [INFO ]  [3500/5732] | Loss: 0.096 | PSNR: 34.123 | MSE: 0.00038696 | BPP: 0.0361 | QP: 44
2026-07-14 22:36:45,423 [INFO ]  [4000/5732] | Loss: 0.096 | PSNR: 34.146 | MSE: 0.00038494 | BPP: 0.0362 | QP: 18
2026-07-14 22:37:36,389 [INFO ]  [4500/5732] | Loss: 0.097 | PSNR: 34.123 | MSE: 0.00038696 | BPP: 0.0362 | QP: 63
2026-07-14 22:38:27,074 [INFO ]  [5000/5732] | Loss: 0.096 | PSNR: 34.120 | MSE: 0.00038723 | BPP: 0.0362 | QP: 22
2026-07-14 22:39:17,452 [INFO ]  [5500/5732] | Loss: 0.096 | PSNR: 34.111 | MSE: 0.00038804 | BPP: 0.0362 | QP: 60
2026-07-14 22:39:40,559 [INFO ]  Train epoch 110: Loss: 0.096 | PSNR: 34.105 | MSE: 0.00038860 | BPP: 0.0361
2026-07-14 22:39:40,560 [INFO ]  No test_filelist is set; using train loss for checkpoint selection.
2026-07-14 22:39:41,310 [INFO ]  Checkpoint epoch 110: best model saved: no | current loss: 0.095939 | best loss: 0.095363
2026-07-14 22:39:41,310 [INFO ]  Global step updated to: 636252
2026-07-14 22:39:41,310 [INFO ]  ====== Current epoch 111 ======
2026-07-14 22:39:41,310 [INFO ]  Learning rate: 4.000000000000001e-06
2026-07-14 22:39:41,793 [INFO ]  [0/5732] | Loss: 0.109 | PSNR: 41.160 | MSE: 0.00007655 | BPP: 0.0503 | QP: 63
2026-07-14 22:40:32,425 [INFO ]  [500/5732] | Loss: 0.092 | PSNR: 33.913 | MSE: 0.00040612 | BPP: 0.0348 | QP: 38
2026-07-14 22:41:22,844 [INFO ]  [1000/5732] | Loss: 0.093 | PSNR: 33.898 | MSE: 0.00040756 | BPP: 0.0353 | QP: 14
2026-07-14 22:42:13,125 [INFO ]  [1500/5732] | Loss: 0.093 | PSNR: 33.961 | MSE: 0.00040166 | BPP: 0.0351 | QP: 63
2026-07-14 22:43:03,556 [INFO ]  [2000/5732] | Loss: 0.094 | PSNR: 34.053 | MSE: 0.00039325 | BPP: 0.0354 | QP: 32
2026-07-14 22:43:54,369 [INFO ]  [2500/5732] | Loss: 0.093 | PSNR: 34.043 | MSE: 0.00039419 | BPP: 0.0353 | QP: 38
2026-07-14 22:44:44,611 [INFO ]  [3000/5732] | Loss: 0.094 | PSNR: 34.065 | MSE: 0.00039221 | BPP: 0.0355 | QP: 63
2026-07-14 22:45:35,462 [INFO ]  [3500/5732] | Loss: 0.094 | PSNR: 34.060 | MSE: 0.00039266 | BPP: 0.0356 | QP: 41
2026-07-14 22:46:25,991 [INFO ]  [4000/5732] | Loss: 0.095 | PSNR: 34.087 | MSE: 0.00039024 | BPP: 0.0357 | QP: 12
2026-07-14 22:47:16,306 [INFO ]  [4500/5732] | Loss: 0.095 | PSNR: 34.110 | MSE: 0.00038816 | BPP: 0.0358 | QP: 63
2026-07-14 22:48:06,724 [INFO ]  [5000/5732] | Loss: 0.096 | PSNR: 34.080 | MSE: 0.00039086 | BPP: 0.0359 | QP: 17
2026-07-14 22:48:57,364 [INFO ]  [5500/5732] | Loss: 0.096 | PSNR: 34.095 | MSE: 0.00038951 | BPP: 0.0360 | QP: 3
2026-07-14 22:49:20,482 [INFO ]  Train epoch 111: Loss: 0.096 | PSNR: 34.089 | MSE: 0.00039001 | BPP: 0.0361
2026-07-14 22:49:20,483 [INFO ]  No test_filelist is set; using train loss for checkpoint selection.
2026-07-14 22:49:21,206 [INFO ]  Checkpoint epoch 111: best model saved: no | current loss: 0.095992 | best loss: 0.095363
2026-07-14 22:49:21,207 [INFO ]  Global step updated to: 641984
2026-07-14 22:49:21,207 [INFO ]  ====== Current epoch 112 ======
2026-07-14 22:49:21,207 [INFO ]  Learning rate: 4.000000000000001e-06
2026-07-14 22:49:21,614 [INFO ]  [0/5732] | Loss: 0.194 | PSNR: 37.578 | MSE: 0.00017467 | BPP: 0.0597 | QP: 63
2026-07-14 22:50:11,902 [INFO ]  [500/5732] | Loss: 0.092 | PSNR: 33.944 | MSE: 0.00040329 | BPP: 0.0351 | QP: 45
2026-07-14 22:51:02,684 [INFO ]  [1000/5732] | Loss: 0.092 | PSNR: 33.975 | MSE: 0.00040040 | BPP: 0.0351 | QP: 63
2026-07-14 22:51:53,149 [INFO ]  [1500/5732] | Loss: 0.093 | PSNR: 34.006 | MSE: 0.00039755 | BPP: 0.0354 | QP: 63
2026-07-14 22:52:43,607 [INFO ]  [2000/5732] | Loss: 0.093 | PSNR: 33.989 | MSE: 0.00039910 | BPP: 0.0353 | QP: 62
2026-07-14 22:53:34,492 [INFO ]  [2500/5732] | Loss: 0.093 | PSNR: 34.003 | MSE: 0.00039785 | BPP: 0.0353 | QP: 26
2026-07-14 22:54:25,165 [INFO ]  [3000/5732] | Loss: 0.094 | PSNR: 34.014 | MSE: 0.00039678 | BPP: 0.0354 | QP: 63
2026-07-14 22:55:15,794 [INFO ]  [3500/5732] | Loss: 0.094 | PSNR: 34.026 | MSE: 0.00039575 | BPP: 0.0356 | QP: 41
2026-07-14 22:56:06,886 [INFO ]  [4000/5732] | Loss: 0.094 | PSNR: 34.011 | MSE: 0.00039708 | BPP: 0.0356 | QP: 17
2026-07-14 22:56:57,635 [INFO ]  [4500/5732] | Loss: 0.094 | PSNR: 34.015 | MSE: 0.00039674 | BPP: 0.0356 | QP: 63
2026-07-14 22:57:48,225 [INFO ]  [5000/5732] | Loss: 0.094 | PSNR: 34.013 | MSE: 0.00039695 | BPP: 0.0356 | QP: 43
2026-07-14 22:58:38,963 [INFO ]  [5500/5732] | Loss: 0.095 | PSNR: 34.010 | MSE: 0.00039717 | BPP: 0.0356 | QP: 42
2026-07-14 22:59:02,114 [INFO ]  Train epoch 112: Loss: 0.094 | PSNR: 33.989 | MSE: 0.00039908 | BPP: 0.0356
2026-07-14 22:59:02,115 [INFO ]  No test_filelist is set; using train loss for checkpoint selection.
2026-07-14 22:59:03,259 [INFO ]  Checkpoint epoch 112: best model saved: yes | current loss: 0.094470 | best loss: 0.094470
2026-07-14 22:59:03,260 [INFO ]  Global step updated to: 647716
2026-07-14 22:59:03,260 [INFO ]  ====== Current epoch 113 ======
2026-07-14 22:59:03,260 [INFO ]  Learning rate: 4.000000000000001e-06
2026-07-14 22:59:03,751 [INFO ]  [0/5732] | Loss: 0.325 | PSNR: 35.049 | MSE: 0.00031269 | BPP: 0.0845 | QP: 63
2026-07-14 22:59:54,228 [INFO ]  [500/5732] | Loss: 0.098 | PSNR: 33.866 | MSE: 0.00041055 | BPP: 0.0369 | QP: 42
2026-07-14 23:00:44,944 [INFO ]  [1000/5732] | Loss: 0.096 | PSNR: 33.907 | MSE: 0.00040677 | BPP: 0.0361 | QP: 20
2026-07-14 23:01:35,484 [INFO ]  [1500/5732] | Loss: 0.095 | PSNR: 33.958 | MSE: 0.00040201 | BPP: 0.0361 | QP: 63
2026-07-14 23:02:25,877 [INFO ]  [2000/5732] | Loss: 0.095 | PSNR: 34.019 | MSE: 0.00039635 | BPP: 0.0359 | QP: 35
2026-07-14 23:03:16,065 [INFO ]  [2500/5732] | Loss: 0.095 | PSNR: 34.022 | MSE: 0.00039606 | BPP: 0.0361 | QP: 56
2026-07-14 23:04:06,432 [INFO ]  [3000/5732] | Loss: 0.095 | PSNR: 34.021 | MSE: 0.00039618 | BPP: 0.0359 | QP: 63
2026-07-14 23:04:56,896 [INFO ]  [3500/5732] | Loss: 0.094 | PSNR: 34.043 | MSE: 0.00039423 | BPP: 0.0358 | QP: 4
2026-07-14 23:05:47,478 [INFO ]  [4000/5732] | Loss: 0.094 | PSNR: 34.037 | MSE: 0.00039469 | BPP: 0.0358 | QP: 15
2026-07-14 23:06:38,395 [INFO ]  [4500/5732] | Loss: 0.095 | PSNR: 34.041 | MSE: 0.00039439 | BPP: 0.0360 | QP: 63
2026-07-14 23:07:29,026 [INFO ]  [5000/5732] | Loss: 0.095 | PSNR: 34.067 | MSE: 0.00039203 | BPP: 0.0359 | QP: 23
2026-07-14 23:08:19,611 [INFO ]  [5500/5732] | Loss: 0.096 | PSNR: 34.075 | MSE: 0.00039128 | BPP: 0.0360 | QP: 28
2026-07-14 23:08:42,959 [INFO ]  Train epoch 113: Loss: 0.095 | PSNR: 34.088 | MSE: 0.00039013 | BPP: 0.0359
2026-07-14 23:08:42,959 [INFO ]  No test_filelist is set; using train loss for checkpoint selection.
2026-07-14 23:08:43,757 [INFO ]  Checkpoint epoch 113: best model saved: no | current loss: 0.095035 | best loss: 0.094470
2026-07-14 23:08:43,758 [INFO ]  Global step updated to: 653448
2026-07-14 23:08:43,758 [INFO ]  ====== Current epoch 114 ======
2026-07-14 23:08:43,758 [INFO ]  Learning rate: 4.000000000000001e-06
2026-07-14 23:08:44,153 [INFO ]  [0/5732] | Loss: 0.151 | PSNR: 39.407 | MSE: 0.00011463 | BPP: 0.0625 | QP: 63
2026-07-14 23:09:34,022 [INFO ]  [500/5732] | Loss: 0.099 | PSNR: 34.186 | MSE: 0.00038139 | BPP: 0.0369 | QP: 45
2026-07-14 23:10:24,154 [INFO ]  [1000/5732] | Loss: 0.097 | PSNR: 34.123 | MSE: 0.00038695 | BPP: 0.0359 | QP: 35
2026-07-14 23:11:14,770 [INFO ]  [1500/5732] | Loss: 0.096 | PSNR: 34.087 | MSE: 0.00039019 | BPP: 0.0358 | QP: 63
2026-07-14 23:12:05,541 [INFO ]  [2000/5732] | Loss: 0.096 | PSNR: 34.076 | MSE: 0.00039123 | BPP: 0.0359 | QP: 11
2026-07-14 23:12:55,723 [INFO ]  [2500/5732] | Loss: 0.096 | PSNR: 34.087 | MSE: 0.00039018 | BPP: 0.0361 | QP: 12
2026-07-14 23:13:46,325 [INFO ]  [3000/5732] | Loss: 0.096 | PSNR: 34.074 | MSE: 0.00039137 | BPP: 0.0360 | QP: 63
2026-07-14 23:14:37,297 [INFO ]  [3500/5732] | Loss: 0.096 | PSNR: 34.076 | MSE: 0.00039123 | BPP: 0.0360 | QP: 49
2026-07-14 23:15:27,793 [INFO ]  [4000/5732] | Loss: 0.096 | PSNR: 34.120 | MSE: 0.00038730 | BPP: 0.0361 | QP: 20
2026-07-14 23:16:18,535 [INFO ]  [4500/5732] | Loss: 0.096 | PSNR: 34.135 | MSE: 0.00038591 | BPP: 0.0362 | QP: 63
2026-07-14 23:17:09,213 [INFO ]  [5000/5732] | Loss: 0.097 | PSNR: 34.132 | MSE: 0.00038622 | BPP: 0.0362 | QP: 24
2026-07-14 23:18:00,047 [INFO ]  [5500/5732] | Loss: 0.097 | PSNR: 34.124 | MSE: 0.00038688 | BPP: 0.0362 | QP: 55
2026-07-14 23:18:23,522 [INFO ]  Train epoch 114: Loss: 0.096 | PSNR: 34.125 | MSE: 0.00038683 | BPP: 0.0362
2026-07-14 23:18:23,522 [INFO ]  No test_filelist is set; using train loss for checkpoint selection.
2026-07-14 23:18:24,363 [INFO ]  Checkpoint epoch 114: best model saved: no | current loss: 0.096076 | best loss: 0.094470
2026-07-14 23:18:24,363 [INFO ]  Global step updated to: 659180
2026-07-14 23:18:24,363 [INFO ]  ====== Current epoch 115 ======
2026-07-14 23:18:24,363 [INFO ]  Learning rate: 1.0000000000000002e-06
2026-07-14 23:18:24,816 [INFO ]  [0/5732] | Loss: 0.171 | PSNR: 38.324 | MSE: 0.00014711 | BPP: 0.0577 | QP: 63
2026-07-14 23:19:15,777 [INFO ]  [500/5732] | Loss: 0.096 | PSNR: 34.001 | MSE: 0.00039797 | BPP: 0.0356 | QP: 27
2026-07-14 23:20:06,360 [INFO ]  [1000/5732] | Loss: 0.095 | PSNR: 34.284 | MSE: 0.00037289 | BPP: 0.0360 | QP: 16
2026-07-14 23:20:56,739 [INFO ]  [1500/5732] | Loss: 0.096 | PSNR: 34.285 | MSE: 0.00037285 | BPP: 0.0361 | QP: 63
2026-07-14 23:21:47,513 [INFO ]  [2000/5732] | Loss: 0.097 | PSNR: 34.233 | MSE: 0.00037735 | BPP: 0.0363 | QP: 13
2026-07-14 23:22:37,845 [INFO ]  [2500/5732] | Loss: 0.097 | PSNR: 34.204 | MSE: 0.00037987 | BPP: 0.0362 | QP: 15
2026-07-14 23:23:28,217 [INFO ]  [3000/5732] | Loss: 0.096 | PSNR: 34.184 | MSE: 0.00038160 | BPP: 0.0362 | QP: 63
2026-07-14 23:24:19,068 [INFO ]  [3500/5732] | Loss: 0.097 | PSNR: 34.164 | MSE: 0.00038335 | BPP: 0.0363 | QP: 33
2026-07-14 23:25:09,575 [INFO ]  [4000/5732] | Loss: 0.096 | PSNR: 34.144 | MSE: 0.00038516 | BPP: 0.0362 | QP: 30
2026-07-14 23:26:00,343 [INFO ]  [4500/5732] | Loss: 0.096 | PSNR: 34.099 | MSE: 0.00038916 | BPP: 0.0361 | QP: 63
2026-07-14 23:26:51,317 [INFO ]  [5000/5732] | Loss: 0.095 | PSNR: 34.102 | MSE: 0.00038883 | BPP: 0.0360 | QP: 16
2026-07-14 23:27:41,728 [INFO ]  [5500/5732] | Loss: 0.096 | PSNR: 34.087 | MSE: 0.00039020 | BPP: 0.0361 | QP: 57
2026-07-14 23:28:05,002 [INFO ]  Train epoch 115: Loss: 0.096 | PSNR: 34.070 | MSE: 0.00039174 | BPP: 0.0361
2026-07-14 23:28:05,002 [INFO ]  No test_filelist is set; using train loss for checkpoint selection.
2026-07-14 23:28:05,796 [INFO ]  Checkpoint epoch 115: best model saved: no | current loss: 0.095854 | best loss: 0.094470
2026-07-14 23:28:05,796 [INFO ]  Global step updated to: 664912
2026-07-14 23:28:05,796 [INFO ]  ====== Current epoch 116 ======
2026-07-14 23:28:05,796 [INFO ]  Learning rate: 1.0000000000000002e-06
2026-07-14 23:28:06,185 [INFO ]  [0/5732] | Loss: 0.229 | PSNR: 36.508 | MSE: 0.00022348 | BPP: 0.0570 | QP: 63
2026-07-14 23:28:56,918 [INFO ]  [500/5732] | Loss: 0.100 | PSNR: 33.972 | MSE: 0.00040070 | BPP: 0.0369 | QP: 38
2026-07-14 23:29:47,610 [INFO ]  [1000/5732] | Loss: 0.099 | PSNR: 34.113 | MSE: 0.00038788 | BPP: 0.0371 | QP: 10
2026-07-14 23:30:38,270 [INFO ]  [1500/5732] | Loss: 0.098 | PSNR: 34.153 | MSE: 0.00038432 | BPP: 0.0368 | QP: 63
2026-07-14 23:31:29,051 [INFO ]  [2000/5732] | Loss: 0.098 | PSNR: 34.226 | MSE: 0.00037792 | BPP: 0.0369 | QP: 38
2026-07-14 23:32:19,593 [INFO ]  [2500/5732] | Loss: 0.098 | PSNR: 34.181 | MSE: 0.00038184 | BPP: 0.0369 | QP: 36
2026-07-14 23:33:10,147 [INFO ]  [3000/5732] | Loss: 0.098 | PSNR: 34.193 | MSE: 0.00038081 | BPP: 0.0368 | QP: 63
2026-07-14 23:34:01,313 [INFO ]  [3500/5732] | Loss: 0.098 | PSNR: 34.156 | MSE: 0.00038403 | BPP: 0.0367 | QP: 43
2026-07-14 23:34:52,034 [INFO ]  [4000/5732] | Loss: 0.098 | PSNR: 34.165 | MSE: 0.00038329 | BPP: 0.0366 | QP: 22
2026-07-14 23:35:42,357 [INFO ]  [4500/5732] | Loss: 0.097 | PSNR: 34.155 | MSE: 0.00038412 | BPP: 0.0365 | QP: 63
2026-07-14 23:36:33,362 [INFO ]  [5000/5732] | Loss: 0.097 | PSNR: 34.164 | MSE: 0.00038337 | BPP: 0.0365 | QP: 31
2026-07-14 23:37:23,981 [INFO ]  [5500/5732] | Loss: 0.097 | PSNR: 34.149 | MSE: 0.00038468 | BPP: 0.0364 | QP: 12
2026-07-14 23:37:47,287 [INFO ]  Train epoch 116: Loss: 0.096 | PSNR: 34.135 | MSE: 0.00038591 | BPP: 0.0361
2026-07-14 23:37:47,287 [INFO ]  No test_filelist is set; using train loss for checkpoint selection.
2026-07-14 23:37:47,973 [INFO ]  Checkpoint epoch 116: best model saved: no | current loss: 0.095940 | best loss: 0.094470
2026-07-14 23:37:47,973 [INFO ]  Global step updated to: 670644
2026-07-14 23:37:47,973 [INFO ]  ====== Current epoch 117 ======
2026-07-14 23:37:47,973 [INFO ]  Learning rate: 1.0000000000000002e-06
2026-07-14 23:37:48,379 [INFO ]  [0/5732] | Loss: 0.158 | PSNR: 38.955 | MSE: 0.00012720 | BPP: 0.0604 | QP: 63
2026-07-14 23:38:38,917 [INFO ]  [500/5732] | Loss: 0.095 | PSNR: 34.131 | MSE: 0.00038630 | BPP: 0.0362 | QP: 19
2026-07-14 23:39:29,806 [INFO ]  [1000/5732] | Loss: 0.094 | PSNR: 34.053 | MSE: 0.00039325 | BPP: 0.0357 | QP: 33
2026-07-14 23:40:20,137 [INFO ]  [1500/5732] | Loss: 0.093 | PSNR: 34.032 | MSE: 0.00039519 | BPP: 0.0353 | QP: 63
2026-07-14 23:41:10,719 [INFO ]  [2000/5732] | Loss: 0.093 | PSNR: 34.094 | MSE: 0.00038960 | BPP: 0.0356 | QP: 43
2026-07-14 23:42:01,601 [INFO ]  [2500/5732] | Loss: 0.093 | PSNR: 34.037 | MSE: 0.00039470 | BPP: 0.0355 | QP: 58
2026-07-14 23:42:52,213 [INFO ]  [3000/5732] | Loss: 0.094 | PSNR: 34.077 | MSE: 0.00039109 | BPP: 0.0357 | QP: 63
2026-07-14 23:43:42,644 [INFO ]  [3500/5732] | Loss: 0.095 | PSNR: 34.117 | MSE: 0.00038753 | BPP: 0.0361 | QP: 48
2026-07-14 23:44:33,552 [INFO ]  [4000/5732] | Loss: 0.095 | PSNR: 34.138 | MSE: 0.00038563 | BPP: 0.0361 | QP: 48
2026-07-14 23:45:24,689 [INFO ]  [4500/5732] | Loss: 0.095 | PSNR: 34.170 | MSE: 0.00038285 | BPP: 0.0361 | QP: 63
2026-07-14 23:46:15,260 [INFO ]  [5000/5732] | Loss: 0.095 | PSNR: 34.174 | MSE: 0.00038251 | BPP: 0.0362 | QP: 56
2026-07-14 23:47:06,236 [INFO ]  [5500/5732] | Loss: 0.096 | PSNR: 34.167 | MSE: 0.00038312 | BPP: 0.0362 | QP: 28
2026-07-14 23:47:29,268 [INFO ]  Train epoch 117: Loss: 0.096 | PSNR: 34.140 | MSE: 0.00038544 | BPP: 0.0363
2026-07-14 23:47:29,269 [INFO ]  No test_filelist is set; using train loss for checkpoint selection.
2026-07-14 23:47:30,038 [INFO ]  Checkpoint epoch 117: best model saved: no | current loss: 0.096030 | best loss: 0.094470
2026-07-14 23:47:30,038 [INFO ]  Global step updated to: 676376
2026-07-14 23:47:30,038 [INFO ]  ====== Current epoch 118 ======
2026-07-14 23:47:30,038 [INFO ]  Learning rate: 1.0000000000000002e-06
2026-07-14 23:47:30,469 [INFO ]  [0/5732] | Loss: 0.269 | PSNR: 36.074 | MSE: 0.00024692 | BPP: 0.0793 | QP: 63
2026-07-14 23:48:21,002 [INFO ]  [500/5732] | Loss: 0.097 | PSNR: 34.095 | MSE: 0.00038947 | BPP: 0.0363 | QP: 32
2026-07-14 23:49:11,680 [INFO ]  [1000/5732] | Loss: 0.096 | PSNR: 33.995 | MSE: 0.00039861 | BPP: 0.0357 | QP: 11
2026-07-14 23:50:02,832 [INFO ]  [1500/5732] | Loss: 0.096 | PSNR: 33.974 | MSE: 0.00040051 | BPP: 0.0357 | QP: 63
2026-07-14 23:50:53,595 [INFO ]  [2000/5732] | Loss: 0.095 | PSNR: 33.966 | MSE: 0.00040122 | BPP: 0.0358 | QP: 54
2026-07-14 23:51:44,382 [INFO ]  [2500/5732] | Loss: 0.095 | PSNR: 34.013 | MSE: 0.00039690 | BPP: 0.0359 | QP: 44
2026-07-14 23:52:35,512 [INFO ]  [3000/5732] | Loss: 0.095 | PSNR: 34.046 | MSE: 0.00039389 | BPP: 0.0358 | QP: 63
2026-07-14 23:53:26,051 [INFO ]  [3500/5732] | Loss: 0.095 | PSNR: 34.074 | MSE: 0.00039138 | BPP: 0.0359 | QP: 33
2026-07-14 23:54:16,711 [INFO ]  [4000/5732] | Loss: 0.095 | PSNR: 34.047 | MSE: 0.00039380 | BPP: 0.0359 | QP: 32
2026-07-14 23:55:07,591 [INFO ]  [4500/5732] | Loss: 0.095 | PSNR: 34.051 | MSE: 0.00039350 | BPP: 0.0359 | QP: 63
2026-07-14 23:55:58,625 [INFO ]  [5000/5732] | Loss: 0.095 | PSNR: 34.061 | MSE: 0.00039258 | BPP: 0.0359 | QP: 15
2026-07-14 23:56:48,968 [INFO ]  [5500/5732] | Loss: 0.095 | PSNR: 34.070 | MSE: 0.00039179 | BPP: 0.0359 | QP: 49
2026-07-14 23:57:12,540 [INFO ]  Train epoch 118: Loss: 0.095 | PSNR: 34.065 | MSE: 0.00039215 | BPP: 0.0358
2026-07-14 23:57:12,541 [INFO ]  No test_filelist is set; using train loss for checkpoint selection.
2026-07-14 23:57:13,382 [INFO ]  Checkpoint epoch 118: best model saved: no | current loss: 0.094978 | best loss: 0.094470
2026-07-14 23:57:13,383 [INFO ]  Global step updated to: 682108
2026-07-14 23:57:13,383 [INFO ]  ====== Current epoch 119 ======
2026-07-14 23:57:13,383 [INFO ]  Learning rate: 1.0000000000000002e-06
2026-07-14 23:57:13,867 [INFO ]  [0/5732] | Loss: 0.254 | PSNR: 36.434 | MSE: 0.00022728 | BPP: 0.0792 | QP: 63
2026-07-14 23:58:04,456 [INFO ]  [500/5732] | Loss: 0.095 | PSNR: 33.854 | MSE: 0.00041175 | BPP: 0.0357 | QP: 14
2026-07-14 23:58:55,249 [INFO ]  [1000/5732] | Loss: 0.095 | PSNR: 34.047 | MSE: 0.00039379 | BPP: 0.0356 | QP: 6
2026-07-14 23:59:46,325 [INFO ]  [1500/5732] | Loss: 0.095 | PSNR: 34.037 | MSE: 0.00039476 | BPP: 0.0358 | QP: 63
2026-07-15 00:00:37,309 [INFO ]  [2000/5732] | Loss: 0.095 | PSNR: 34.069 | MSE: 0.00039179 | BPP: 0.0358 | QP: 23
2026-07-15 00:01:27,889 [INFO ]  [2500/5732] | Loss: 0.095 | PSNR: 34.048 | MSE: 0.00039377 | BPP: 0.0359 | QP: 40
2026-07-15 00:02:18,553 [INFO ]  [3000/5732] | Loss: 0.095 | PSNR: 34.069 | MSE: 0.00039181 | BPP: 0.0359 | QP: 63
2026-07-15 00:03:09,167 [INFO ]  [3500/5732] | Loss: 0.095 | PSNR: 34.039 | MSE: 0.00039455 | BPP: 0.0359 | QP: 31
2026-07-15 00:03:59,821 [INFO ]  [4000/5732] | Loss: 0.095 | PSNR: 34.037 | MSE: 0.00039473 | BPP: 0.0360 | QP: 54
2026-07-15 00:04:50,608 [INFO ]  [4500/5732] | Loss: 0.095 | PSNR: 34.052 | MSE: 0.00039340 | BPP: 0.0361 | QP: 63
2026-07-15 00:05:41,415 [INFO ]  [5000/5732] | Loss: 0.095 | PSNR: 34.062 | MSE: 0.00039246 | BPP: 0.0360 | QP: 13
2026-07-15 00:06:32,076 [INFO ]  [5500/5732] | Loss: 0.095 | PSNR: 34.068 | MSE: 0.00039193 | BPP: 0.0360 | QP: 29
2026-07-15 00:06:55,414 [INFO ]  Train epoch 119: Loss: 0.095 | PSNR: 34.083 | MSE: 0.00039054 | BPP: 0.0360
2026-07-15 00:06:55,415 [INFO ]  No test_filelist is set; using train loss for checkpoint selection.
2026-07-15 00:06:56,119 [INFO ]  Checkpoint epoch 119: best model saved: no | current loss: 0.095255 | best loss: 0.094470
2026-07-15 00:06:56,791 [INFO ]  Saved periodic checkpoint: ./pretrained_uf/DCVCUFIntra/2/checkpoint_epoch_0120_uf_phase_1.pth.tar
2026-07-15 00:06:56,792 [INFO ]  Global step updated to: 687840
