2026-07-13 16:19:29,126 [INFO ]  Logging file is ./pretrained_uf/DCVCUFIntra/1/20260713_161929.log
2026-07-13 16:19:29,127 [INFO ]  ======================= 2026-07-13_16_19_28 =======================
2026-07-13 16:19:29,127 [INFO ]  model: DCVCUFIntra
2026-07-13 16:19:29,127 [INFO ]  train_root: None
2026-07-13 16:19:29,127 [INFO ]  train_filelist: /home/admin1/Data/data/vimeo_septuplet/train_filelist.txt
2026-07-13 16:19:29,127 [INFO ]  test_dataset: None
2026-07-13 16:19:29,127 [INFO ]  test_filelist: None
2026-07-13 16:19:29,127 [INFO ]  epochs: 120
2026-07-13 16:19:29,127 [INFO ]  learning_rate: 0.0001
2026-07-13 16:19:29,127 [INFO ]  num_workers: 4
2026-07-13 16:19:29,127 [INFO ]  quality_level: 1
2026-07-13 16:19:29,127 [INFO ]  batch_size: 4
2026-07-13 16:19:29,127 [INFO ]  test_batch_size: 1
2026-07-13 16:19:29,127 [INFO ]  patch_size: (256, 256)
2026-07-13 16:19:29,127 [INFO ]  chunk_size: 8
2026-07-13 16:19:29,127 [INFO ]  gop: 8
2026-07-13 16:19:29,127 [INFO ]  test_gop: 8
2026-07-13 16:19:29,128 [INFO ]  q_num: 64
2026-07-13 16:19:29,128 [INFO ]  test_qp: 63
2026-07-13 16:19:29,128 [INFO ]  warmup_epochs: 20
2026-07-13 16:19:29,128 [INFO ]  qp_warmup_epochs: 48
2026-07-13 16:19:29,128 [INFO ]  cuda: True
2026-07-13 16:19:29,128 [INFO ]  save: True
2026-07-13 16:19:29,128 [INFO ]  seed: 7
2026-07-13 16:19:29,128 [INFO ]  clip_max_norm: 1.0
2026-07-13 16:19:29,128 [INFO ]  local_rank: 0
2026-07-13 16:19:29,128 [INFO ]  checkpoint: None
2026-07-13 16:19:29,128 [INFO ]  output_dir: ./pretrained_uf
2026-07-13 16:19:29,128 [INFO ]  name: 2026-07-13_16_19_28
2026-07-13 16:19:29,128 [INFO ]  log_interval: 500
2026-07-13 16:19:29,128 [INFO ]  check_exists: False
2026-07-13 16:19:29,128 [INFO ]  max_samples: None
2026-07-13 16:19:29,128 [INFO ]  pad_last: True
2026-07-13 16:19:29,128 [INFO ]  drop_last: False
2026-07-13 16:19:29,128 [INFO ]  distributed: True
2026-07-13 16:19:29,128 [INFO ]  ========================================
2026-07-13 16:19:35,171 [INFO ]  ====== Current epoch 0 ======
2026-07-13 16:19:35,171 [INFO ]  Learning rate: 0.0001
2026-07-13 16:19:36,833 [INFO ]  [0/5732] | Loss: 876.697 | PSNR: 7.561 | MSE: 0.17533877 | BPP: 0.2950 | QP: 34
2026-07-13 16:20:44,328 [INFO ]  [500/5732] | Loss: 203.500 | PSNR: 13.904 | MSE: 0.04069976 | BPP: 0.0817 | QP: 34
2026-07-13 16:21:53,046 [INFO ]  [1000/5732] | Loss: 173.947 | PSNR: 14.586 | MSE: 0.03478931 | BPP: 0.0772 | QP: 32
2026-07-13 16:23:01,930 [INFO ]  [1500/5732] | Loss: 151.011 | PSNR: 15.200 | MSE: 0.03020201 | BPP: 0.0773 | QP: 36
2026-07-13 16:24:10,176 [INFO ]  [2000/5732] | Loss: 132.487 | PSNR: 15.768 | MSE: 0.02649721 | BPP: 0.0762 | QP: 36
2026-07-13 16:25:19,308 [INFO ]  [2500/5732] | Loss: 116.520 | PSNR: 16.326 | MSE: 0.02330388 | BPP: 0.0753 | QP: 45
2026-07-13 16:26:26,751 [INFO ]  [3000/5732] | Loss: 103.848 | PSNR: 16.826 | MSE: 0.02076948 | BPP: 0.0751 | QP: 40
2026-07-13 16:27:36,417 [INFO ]  [3500/5732] | Loss: 94.067 | PSNR: 17.255 | MSE: 0.01881326 | BPP: 0.0761 | QP: 37
2026-07-13 16:28:45,245 [INFO ]  [4000/5732] | Loss: 85.874 | PSNR: 17.651 | MSE: 0.01717461 | BPP: 0.0769 | QP: 44
2026-07-13 16:29:53,806 [INFO ]  [4500/5732] | Loss: 78.884 | PSNR: 18.020 | MSE: 0.01577670 | BPP: 0.0773 | QP: 30
2026-07-13 16:31:02,428 [INFO ]  [5000/5732] | Loss: 73.130 | PSNR: 18.349 | MSE: 0.01462580 | BPP: 0.0780 | QP: 46
2026-07-13 16:32:10,741 [INFO ]  [5500/5732] | Loss: 68.322 | PSNR: 18.644 | MSE: 0.01366420 | BPP: 0.0788 | QP: 43
2026-07-13 16:32:42,126 [INFO ]  Train epoch 0: Loss: 66.292 | PSNR: 18.775 | MSE: 0.01325831 | BPP: 0.0790
2026-07-13 16:32:42,127 [INFO ]  No test_filelist is set; using train loss for checkpoint selection.
2026-07-13 16:32:42,938 [INFO ]  Global step updated to: 5732
2026-07-13 16:32:42,938 [INFO ]  ====== Current epoch 1 ======
2026-07-13 16:32:42,939 [INFO ]  Learning rate: 0.0001
2026-07-13 16:32:43,400 [INFO ]  [0/5732] | Loss: 16.693 | PSNR: 24.765 | MSE: 0.00333837 | BPP: 0.0937 | QP: 28
2026-07-13 16:33:51,113 [INFO ]  [500/5732] | Loss: 16.996 | PSNR: 24.687 | MSE: 0.00339897 | BPP: 0.0878 | QP: 46
2026-07-13 16:34:58,927 [INFO ]  [1000/5732] | Loss: 16.660 | PSNR: 24.773 | MSE: 0.00333185 | BPP: 0.0887 | QP: 30
2026-07-13 16:36:08,278 [INFO ]  [1500/5732] | Loss: 15.916 | PSNR: 24.972 | MSE: 0.00318309 | BPP: 0.0901 | QP: 27
2026-07-13 16:37:18,590 [INFO ]  [2000/5732] | Loss: 14.960 | PSNR: 25.241 | MSE: 0.00299174 | BPP: 0.0916 | QP: 31
2026-07-13 16:38:27,041 [INFO ]  [2500/5732] | Loss: 13.824 | PSNR: 25.584 | MSE: 0.00276468 | BPP: 0.0931 | QP: 35
2026-07-13 16:39:36,234 [INFO ]  [3000/5732] | Loss: 12.835 | PSNR: 25.906 | MSE: 0.00256674 | BPP: 0.0947 | QP: 25
2026-07-13 16:40:45,446 [INFO ]  [3500/5732] | Loss: 12.084 | PSNR: 26.168 | MSE: 0.00241665 | BPP: 0.0961 | QP: 40
2026-07-13 16:41:53,594 [INFO ]  [4000/5732] | Loss: 11.502 | PSNR: 26.382 | MSE: 0.00230014 | BPP: 0.0973 | QP: 41
2026-07-13 16:43:02,866 [INFO ]  [4500/5732] | Loss: 10.968 | PSNR: 26.589 | MSE: 0.00219343 | BPP: 0.0985 | QP: 39
2026-07-13 16:44:12,797 [INFO ]  [5000/5732] | Loss: 10.532 | PSNR: 26.765 | MSE: 0.00210611 | BPP: 0.1001 | QP: 24
2026-07-13 16:45:22,687 [INFO ]  [5500/5732] | Loss: 10.160 | PSNR: 26.921 | MSE: 0.00203180 | BPP: 0.1013 | QP: 47
2026-07-13 16:45:54,280 [INFO ]  Train epoch 1: Loss: 10.032 | PSNR: 26.976 | MSE: 0.00200629 | BPP: 0.1019
2026-07-13 16:45:54,281 [INFO ]  No test_filelist is set; using train loss for checkpoint selection.
2026-07-13 16:45:55,541 [INFO ]  Global step updated to: 11464
2026-07-13 16:45:55,541 [INFO ]  ====== Current epoch 2 ======
2026-07-13 16:45:55,541 [INFO ]  Learning rate: 0.0001
2026-07-13 16:45:56,022 [INFO ]  [0/5732] | Loss: 6.863 | PSNR: 28.625 | MSE: 0.00137238 | BPP: 0.1270 | QP: 47
2026-07-13 16:47:04,912 [INFO ]  [500/5732] | Loss: 5.930 | PSNR: 29.260 | MSE: 0.00118573 | BPP: 0.1141 | QP: 41
2026-07-13 16:48:11,937 [INFO ]  [1000/5732] | Loss: 5.801 | PSNR: 29.356 | MSE: 0.00115997 | BPP: 0.1150 | QP: 27
2026-07-13 16:49:20,986 [INFO ]  [1500/5732] | Loss: 5.721 | PSNR: 29.416 | MSE: 0.00114405 | BPP: 0.1152 | QP: 43
2026-07-13 16:50:30,831 [INFO ]  [2000/5732] | Loss: 5.650 | PSNR: 29.470 | MSE: 0.00112983 | BPP: 0.1155 | QP: 36
2026-07-13 16:51:39,062 [INFO ]  [2500/5732] | Loss: 5.608 | PSNR: 29.502 | MSE: 0.00112145 | BPP: 0.1159 | QP: 25
2026-07-13 16:52:47,492 [INFO ]  [3000/5732] | Loss: 5.541 | PSNR: 29.555 | MSE: 0.00110801 | BPP: 0.1164 | QP: 41
2026-07-13 16:53:54,559 [INFO ]  [3500/5732] | Loss: 5.306 | PSNR: 29.743 | MSE: 0.00106106 | BPP: 0.1167 | QP: 44
2026-07-13 16:55:00,047 [INFO ]  [4000/5732] | Loss: 5.040 | PSNR: 29.967 | MSE: 0.00100773 | BPP: 0.1171 | QP: 41
2026-07-13 16:56:07,358 [INFO ]  [4500/5732] | Loss: 4.823 | PSNR: 30.157 | MSE: 0.00096445 | BPP: 0.1173 | QP: 24
2026-07-13 16:57:14,597 [INFO ]  [5000/5732] | Loss: 4.650 | PSNR: 30.316 | MSE: 0.00092978 | BPP: 0.1177 | QP: 37
2026-07-13 16:58:20,276 [INFO ]  [5500/5732] | Loss: 4.499 | PSNR: 30.460 | MSE: 0.00089957 | BPP: 0.1181 | QP: 35
2026-07-13 16:58:50,382 [INFO ]  Train epoch 2: Loss: 4.456 | PSNR: 30.501 | MSE: 0.00089096 | BPP: 0.1184
2026-07-13 16:58:50,383 [INFO ]  No test_filelist is set; using train loss for checkpoint selection.
2026-07-13 16:58:51,685 [INFO ]  Global step updated to: 17196
2026-07-13 16:58:51,686 [INFO ]  ====== Current epoch 3 ======
2026-07-13 16:58:51,686 [INFO ]  Learning rate: 0.0001
2026-07-13 16:58:52,153 [INFO ]  [0/5732] | Loss: 2.510 | PSNR: 32.994 | MSE: 0.00050184 | BPP: 0.1172 | QP: 46
2026-07-13 16:59:57,000 [INFO ]  [500/5732] | Loss: 2.940 | PSNR: 32.308 | MSE: 0.00058776 | BPP: 0.1250 | QP: 27
2026-07-13 17:01:04,250 [INFO ]  [1000/5732] | Loss: 2.934 | PSNR: 32.318 | MSE: 0.00058645 | BPP: 0.1254 | QP: 29
2026-07-13 17:02:12,446 [INFO ]  [1500/5732] | Loss: 2.886 | PSNR: 32.388 | MSE: 0.00057700 | BPP: 0.1259 | QP: 30
2026-07-13 17:03:19,918 [INFO ]  [2000/5732] | Loss: 2.854 | PSNR: 32.437 | MSE: 0.00057057 | BPP: 0.1267 | QP: 38
2026-07-13 17:04:27,179 [INFO ]  [2500/5732] | Loss: 2.812 | PSNR: 32.502 | MSE: 0.00056209 | BPP: 0.1272 | QP: 30
2026-07-13 17:05:34,428 [INFO ]  [3000/5732] | Loss: 2.784 | PSNR: 32.544 | MSE: 0.00055662 | BPP: 0.1275 | QP: 25
2026-07-13 17:06:42,902 [INFO ]  [3500/5732] | Loss: 2.771 | PSNR: 32.566 | MSE: 0.00055390 | BPP: 0.1280 | QP: 34
2026-07-13 17:07:52,327 [INFO ]  [4000/5732] | Loss: 2.751 | PSNR: 32.596 | MSE: 0.00054999 | BPP: 0.1284 | QP: 32
2026-07-13 17:09:01,018 [INFO ]  [4500/5732] | Loss: 2.731 | PSNR: 32.629 | MSE: 0.00054591 | BPP: 0.1288 | QP: 33
2026-07-13 17:10:09,561 [INFO ]  [5000/5732] | Loss: 2.718 | PSNR: 32.649 | MSE: 0.00054337 | BPP: 0.1291 | QP: 34
2026-07-13 17:11:18,006 [INFO ]  [5500/5732] | Loss: 2.704 | PSNR: 32.672 | MSE: 0.00054051 | BPP: 0.1294 | QP: 36
2026-07-13 17:11:49,888 [INFO ]  Train epoch 3: Loss: 2.714 | PSNR: 32.656 | MSE: 0.00054246 | BPP: 0.1295
2026-07-13 17:11:49,889 [INFO ]  No test_filelist is set; using train loss for checkpoint selection.
2026-07-13 17:11:51,172 [INFO ]  Global step updated to: 22928
2026-07-13 17:11:51,172 [INFO ]  ====== Current epoch 4 ======
2026-07-13 17:11:51,172 [INFO ]  Learning rate: 0.0001
2026-07-13 17:11:51,651 [INFO ]  [0/5732] | Loss: 1.347 | PSNR: 35.700 | MSE: 0.00026917 | BPP: 0.1109 | QP: 46
2026-07-13 17:12:59,254 [INFO ]  [500/5732] | Loss: 2.544 | PSNR: 32.936 | MSE: 0.00050861 | BPP: 0.1332 | QP: 33
2026-07-13 17:14:08,389 [INFO ]  [1000/5732] | Loss: 2.450 | PSNR: 33.100 | MSE: 0.00048981 | BPP: 0.1327 | QP: 36
2026-07-13 17:15:16,053 [INFO ]  [1500/5732] | Loss: 2.462 | PSNR: 33.078 | MSE: 0.00049222 | BPP: 0.1331 | QP: 47
2026-07-13 17:16:24,039 [INFO ]  [2000/5732] | Loss: 2.467 | PSNR: 33.070 | MSE: 0.00049316 | BPP: 0.1335 | QP: 34
2026-07-13 17:17:32,777 [INFO ]  [2500/5732] | Loss: 2.442 | PSNR: 33.115 | MSE: 0.00048809 | BPP: 0.1339 | QP: 29
2026-07-13 17:18:41,303 [INFO ]  [3000/5732] | Loss: 2.418 | PSNR: 33.157 | MSE: 0.00048337 | BPP: 0.1345 | QP: 36
2026-07-13 17:19:49,288 [INFO ]  [3500/5732] | Loss: 2.408 | PSNR: 33.175 | MSE: 0.00048143 | BPP: 0.1348 | QP: 40
2026-07-13 17:20:56,500 [INFO ]  [4000/5732] | Loss: 2.398 | PSNR: 33.194 | MSE: 0.00047931 | BPP: 0.1352 | QP: 41
2026-07-13 17:22:03,818 [INFO ]  [4500/5732] | Loss: 2.382 | PSNR: 33.222 | MSE: 0.00047621 | BPP: 0.1354 | QP: 30
2026-07-13 17:23:10,495 [INFO ]  [5000/5732] | Loss: 2.372 | PSNR: 33.241 | MSE: 0.00047409 | BPP: 0.1357 | QP: 48
2026-07-13 17:24:16,452 [INFO ]  [5500/5732] | Loss: 2.358 | PSNR: 33.266 | MSE: 0.00047139 | BPP: 0.1359 | QP: 26
2026-07-13 17:24:47,217 [INFO ]  Train epoch 4: Loss: 2.361 | PSNR: 33.262 | MSE: 0.00047188 | BPP: 0.1361
2026-07-13 17:24:47,217 [INFO ]  No test_filelist is set; using train loss for checkpoint selection.
2026-07-13 17:24:48,386 [INFO ]  Global step updated to: 28660
2026-07-13 17:24:48,386 [INFO ]  ====== Current epoch 5 ======
2026-07-13 17:24:48,387 [INFO ]  Learning rate: 0.0001
2026-07-13 17:24:48,826 [INFO ]  [0/5732] | Loss: 2.328 | PSNR: 33.322 | MSE: 0.00046532 | BPP: 0.1235 | QP: 24
2026-07-13 17:25:57,161 [INFO ]  [500/5732] | Loss: 2.135 | PSNR: 33.699 | MSE: 0.00042664 | BPP: 0.1376 | QP: 41
2026-07-13 17:27:04,707 [INFO ]  [1000/5732] | Loss: 2.165 | PSNR: 33.637 | MSE: 0.00043278 | BPP: 0.1385 | QP: 39
2026-07-13 17:28:12,377 [INFO ]  [1500/5732] | Loss: 2.149 | PSNR: 33.670 | MSE: 0.00042953 | BPP: 0.1391 | QP: 45
2026-07-13 17:29:20,061 [INFO ]  [2000/5732] | Loss: 2.164 | PSNR: 33.641 | MSE: 0.00043244 | BPP: 0.1400 | QP: 48
2026-07-13 17:30:28,242 [INFO ]  [2500/5732] | Loss: 2.174 | PSNR: 33.620 | MSE: 0.00043451 | BPP: 0.1408 | QP: 45
2026-07-13 17:31:35,377 [INFO ]  [3000/5732] | Loss: 2.171 | PSNR: 33.626 | MSE: 0.00043389 | BPP: 0.1411 | QP: 44
2026-07-13 17:32:42,783 [INFO ]  [3500/5732] | Loss: 2.162 | PSNR: 33.644 | MSE: 0.00043210 | BPP: 0.1414 | QP: 38
2026-07-13 17:33:50,199 [INFO ]  [4000/5732] | Loss: 2.160 | PSNR: 33.649 | MSE: 0.00043166 | BPP: 0.1418 | QP: 45
2026-07-13 17:34:58,436 [INFO ]  [4500/5732] | Loss: 2.144 | PSNR: 33.680 | MSE: 0.00042853 | BPP: 0.1420 | QP: 35
2026-07-13 17:36:05,470 [INFO ]  [5000/5732] | Loss: 2.134 | PSNR: 33.701 | MSE: 0.00042649 | BPP: 0.1420 | QP: 44
2026-07-13 17:37:14,387 [INFO ]  [5500/5732] | Loss: 2.128 | PSNR: 33.714 | MSE: 0.00042522 | BPP: 0.1421 | QP: 43
2026-07-13 17:37:45,570 [INFO ]  Train epoch 5: Loss: 2.120 | PSNR: 33.728 | MSE: 0.00042381 | BPP: 0.1423
2026-07-13 17:37:45,571 [INFO ]  No test_filelist is set; using train loss for checkpoint selection.
2026-07-13 17:37:46,689 [INFO ]  Global step updated to: 34392
2026-07-13 17:37:46,689 [INFO ]  ====== Current epoch 6 ======
2026-07-13 17:37:46,689 [INFO ]  Learning rate: 0.0001
2026-07-13 17:37:47,121 [INFO ]  [0/5732] | Loss: 1.121 | PSNR: 36.500 | MSE: 0.00022388 | BPP: 0.1360 | QP: 26
2026-07-13 17:38:55,496 [INFO ]  [500/5732] | Loss: 1.980 | PSNR: 34.026 | MSE: 0.00039574 | BPP: 0.1431 | QP: 26
2026-07-13 17:40:01,573 [INFO ]  [1000/5732] | Loss: 2.007 | PSNR: 33.966 | MSE: 0.00040121 | BPP: 0.1439 | QP: 29
2026-07-13 17:41:09,660 [INFO ]  [1500/5732] | Loss: 1.993 | PSNR: 33.999 | MSE: 0.00039822 | BPP: 0.1443 | QP: 35
2026-07-13 17:42:18,302 [INFO ]  [2000/5732] | Loss: 2.011 | PSNR: 33.959 | MSE: 0.00040187 | BPP: 0.1450 | QP: 25
2026-07-13 17:43:26,348 [INFO ]  [2500/5732] | Loss: 2.006 | PSNR: 33.969 | MSE: 0.00040097 | BPP: 0.1455 | QP: 26
2026-07-13 17:44:34,108 [INFO ]  [3000/5732] | Loss: 1.986 | PSNR: 34.012 | MSE: 0.00039698 | BPP: 0.1458 | QP: 40
2026-07-13 17:45:41,589 [INFO ]  [3500/5732] | Loss: 1.979 | PSNR: 34.029 | MSE: 0.00039542 | BPP: 0.1461 | QP: 37
2026-07-13 17:46:49,488 [INFO ]  [4000/5732] | Loss: 1.976 | PSNR: 34.035 | MSE: 0.00039490 | BPP: 0.1465 | QP: 37
2026-07-13 17:47:57,522 [INFO ]  [4500/5732] | Loss: 1.972 | PSNR: 34.043 | MSE: 0.00039416 | BPP: 0.1468 | QP: 48
2026-07-13 17:49:05,126 [INFO ]  [5000/5732] | Loss: 1.970 | PSNR: 34.048 | MSE: 0.00039376 | BPP: 0.1471 | QP: 26
2026-07-13 17:50:14,652 [INFO ]  [5500/5732] | Loss: 1.959 | PSNR: 34.074 | MSE: 0.00039143 | BPP: 0.1473 | QP: 42
2026-07-13 17:50:45,787 [INFO ]  Train epoch 6: Loss: 1.950 | PSNR: 34.093 | MSE: 0.00038967 | BPP: 0.1473
2026-07-13 17:50:45,788 [INFO ]  No test_filelist is set; using train loss for checkpoint selection.
2026-07-13 17:50:46,921 [INFO ]  Global step updated to: 40124
2026-07-13 17:50:46,921 [INFO ]  ====== Current epoch 7 ======
2026-07-13 17:50:46,921 [INFO ]  Learning rate: 0.0001
2026-07-13 17:50:47,403 [INFO ]  [0/5732] | Loss: 3.586 | PSNR: 31.445 | MSE: 0.00071695 | BPP: 0.1620 | QP: 36
2026-07-13 17:51:55,468 [INFO ]  [500/5732] | Loss: 1.842 | PSNR: 34.340 | MSE: 0.00036811 | BPP: 0.1488 | QP: 36
2026-07-13 17:53:02,922 [INFO ]  [1000/5732] | Loss: 1.875 | PSNR: 34.264 | MSE: 0.00037467 | BPP: 0.1496 | QP: 42
2026-07-13 17:54:11,030 [INFO ]  [1500/5732] | Loss: 1.858 | PSNR: 34.303 | MSE: 0.00037124 | BPP: 0.1496 | QP: 35
2026-07-13 17:55:19,020 [INFO ]  [2000/5732] | Loss: 1.858 | PSNR: 34.302 | MSE: 0.00037133 | BPP: 0.1499 | QP: 29
2026-07-13 17:56:26,555 [INFO ]  [2500/5732] | Loss: 1.854 | PSNR: 34.312 | MSE: 0.00037050 | BPP: 0.1500 | QP: 32
2026-07-13 17:57:33,964 [INFO ]  [3000/5732] | Loss: 1.869 | PSNR: 34.277 | MSE: 0.00037349 | BPP: 0.1505 | QP: 33
2026-07-13 17:58:41,314 [INFO ]  [3500/5732] | Loss: 1.857 | PSNR: 34.306 | MSE: 0.00037102 | BPP: 0.1508 | QP: 35
2026-07-13 17:59:49,199 [INFO ]  [4000/5732] | Loss: 1.847 | PSNR: 34.328 | MSE: 0.00036917 | BPP: 0.1510 | QP: 31
2026-07-13 18:00:56,371 [INFO ]  [4500/5732] | Loss: 1.837 | PSNR: 34.351 | MSE: 0.00036719 | BPP: 0.1513 | QP: 48
2026-07-13 18:02:03,946 [INFO ]  [5000/5732] | Loss: 1.834 | PSNR: 34.360 | MSE: 0.00036643 | BPP: 0.1516 | QP: 40
2026-07-13 18:03:12,117 [INFO ]  [5500/5732] | Loss: 1.829 | PSNR: 34.372 | MSE: 0.00036546 | BPP: 0.1518 | QP: 47
2026-07-13 18:03:42,818 [INFO ]  Train epoch 7: Loss: 1.818 | PSNR: 34.398 | MSE: 0.00036326 | BPP: 0.1519
2026-07-13 18:03:42,819 [INFO ]  No test_filelist is set; using train loss for checkpoint selection.
2026-07-13 18:03:43,951 [INFO ]  Global step updated to: 45856
2026-07-13 18:03:43,951 [INFO ]  ====== Current epoch 8 ======
2026-07-13 18:03:43,951 [INFO ]  Learning rate: 0.0001
2026-07-13 18:03:44,447 [INFO ]  [0/5732] | Loss: 3.682 | PSNR: 31.331 | MSE: 0.00073598 | BPP: 0.1707 | QP: 42
2026-07-13 18:04:52,062 [INFO ]  [500/5732] | Loss: 1.784 | PSNR: 34.479 | MSE: 0.00035654 | BPP: 0.1552 | QP: 46
2026-07-13 18:05:59,540 [INFO ]  [1000/5732] | Loss: 1.763 | PSNR: 34.531 | MSE: 0.00035231 | BPP: 0.1554 | QP: 46
2026-07-13 18:07:08,236 [INFO ]  [1500/5732] | Loss: 1.749 | PSNR: 34.566 | MSE: 0.00034944 | BPP: 0.1551 | QP: 46
2026-07-13 18:08:16,689 [INFO ]  [2000/5732] | Loss: 1.742 | PSNR: 34.583 | MSE: 0.00034812 | BPP: 0.1555 | QP: 47
2026-07-13 18:09:25,090 [INFO ]  [2500/5732] | Loss: 1.738 | PSNR: 34.594 | MSE: 0.00034724 | BPP: 0.1553 | QP: 46
2026-07-13 18:10:32,410 [INFO ]  [3000/5732] | Loss: 1.736 | PSNR: 34.599 | MSE: 0.00034683 | BPP: 0.1555 | QP: 38
2026-07-13 18:11:39,369 [INFO ]  [3500/5732] | Loss: 1.732 | PSNR: 34.609 | MSE: 0.00034602 | BPP: 0.1558 | QP: 31
2026-07-13 18:12:46,800 [INFO ]  [4000/5732] | Loss: 1.730 | PSNR: 34.612 | MSE: 0.00034577 | BPP: 0.1562 | QP: 46
2026-07-13 18:13:54,253 [INFO ]  [4500/5732] | Loss: 1.727 | PSNR: 34.620 | MSE: 0.00034512 | BPP: 0.1565 | QP: 26
2026-07-13 18:15:02,941 [INFO ]  [5000/5732] | Loss: 1.718 | PSNR: 34.644 | MSE: 0.00034322 | BPP: 0.1568 | QP: 43
2026-07-13 18:16:11,352 [INFO ]  [5500/5732] | Loss: 1.717 | PSNR: 34.647 | MSE: 0.00034300 | BPP: 0.1572 | QP: 36
2026-07-13 18:16:42,681 [INFO ]  Train epoch 8: Loss: 1.700 | PSNR: 34.690 | MSE: 0.00033962 | BPP: 0.1571
2026-07-13 18:16:42,682 [INFO ]  No test_filelist is set; using train loss for checkpoint selection.
2026-07-13 18:16:43,940 [INFO ]  Global step updated to: 51588
2026-07-13 18:16:43,940 [INFO ]  ====== Current epoch 9 ======
2026-07-13 18:16:43,940 [INFO ]  Learning rate: 0.0001
2026-07-13 18:16:44,431 [INFO ]  [0/5732] | Loss: 0.958 | PSNR: 37.184 | MSE: 0.00019124 | BPP: 0.1682 | QP: 30
2026-07-13 18:17:53,410 [INFO ]  [500/5732] | Loss: 1.691 | PSNR: 34.712 | MSE: 0.00033790 | BPP: 0.1619 | QP: 24
2026-07-13 18:19:01,732 [INFO ]  [1000/5732] | Loss: 1.660 | PSNR: 34.794 | MSE: 0.00033161 | BPP: 0.1617 | QP: 40
2026-07-13 18:20:09,800 [INFO ]  [1500/5732] | Loss: 1.629 | PSNR: 34.874 | MSE: 0.00032556 | BPP: 0.1616 | QP: 28
2026-07-13 18:21:16,999 [INFO ]  [2000/5732] | Loss: 1.616 | PSNR: 34.910 | MSE: 0.00032285 | BPP: 0.1618 | QP: 37
2026-07-13 18:22:25,021 [INFO ]  [2500/5732] | Loss: 1.608 | PSNR: 34.931 | MSE: 0.00032129 | BPP: 0.1621 | QP: 46
2026-07-13 18:23:33,188 [INFO ]  [3000/5732] | Loss: 1.609 | PSNR: 34.930 | MSE: 0.00032140 | BPP: 0.1625 | QP: 27
2026-07-13 18:24:42,200 [INFO ]  [3500/5732] | Loss: 1.601 | PSNR: 34.950 | MSE: 0.00031990 | BPP: 0.1627 | QP: 38
2026-07-13 18:25:50,263 [INFO ]  [4000/5732] | Loss: 1.605 | PSNR: 34.939 | MSE: 0.00032069 | BPP: 0.1632 | QP: 43
2026-07-13 18:26:59,967 [INFO ]  [4500/5732] | Loss: 1.596 | PSNR: 34.963 | MSE: 0.00031890 | BPP: 0.1632 | QP: 31
2026-07-13 18:28:07,599 [INFO ]  [5000/5732] | Loss: 1.600 | PSNR: 34.954 | MSE: 0.00031961 | BPP: 0.1635 | QP: 38
2026-07-13 18:29:15,554 [INFO ]  [5500/5732] | Loss: 1.592 | PSNR: 34.975 | MSE: 0.00031807 | BPP: 0.1636 | QP: 48
2026-07-13 18:29:46,369 [INFO ]  Train epoch 9: Loss: 1.591 | PSNR: 34.976 | MSE: 0.00031795 | BPP: 0.1636
2026-07-13 18:29:46,369 [INFO ]  No test_filelist is set; using train loss for checkpoint selection.
2026-07-13 18:29:47,589 [INFO ]  Global step updated to: 57320
2026-07-13 18:29:47,589 [INFO ]  ====== Current epoch 10 ======
2026-07-13 18:29:47,589 [INFO ]  Learning rate: 0.0001
2026-07-13 18:29:48,100 [INFO ]  [0/5732] | Loss: 0.883 | PSNR: 37.538 | MSE: 0.00017628 | BPP: 0.1621 | QP: 34
2026-07-13 18:30:56,155 [INFO ]  [500/5732] | Loss: 1.514 | PSNR: 35.192 | MSE: 0.00030254 | BPP: 0.1653 | QP: 26
2026-07-13 18:32:03,486 [INFO ]  [1000/5732] | Loss: 1.516 | PSNR: 35.186 | MSE: 0.00030294 | BPP: 0.1660 | QP: 26
2026-07-13 18:33:11,512 [INFO ]  [1500/5732] | Loss: 1.508 | PSNR: 35.210 | MSE: 0.00030131 | BPP: 0.1658 | QP: 29
2026-07-13 18:34:19,486 [INFO ]  [2000/5732] | Loss: 1.515 | PSNR: 35.192 | MSE: 0.00030258 | BPP: 0.1658 | QP: 37
2026-07-13 18:35:28,529 [INFO ]  [2500/5732] | Loss: 1.517 | PSNR: 35.183 | MSE: 0.00030316 | BPP: 0.1659 | QP: 37
2026-07-13 18:36:37,160 [INFO ]  [3000/5732] | Loss: 1.517 | PSNR: 35.185 | MSE: 0.00030307 | BPP: 0.1662 | QP: 37
2026-07-13 18:37:47,758 [INFO ]  [3500/5732] | Loss: 1.517 | PSNR: 35.185 | MSE: 0.00030303 | BPP: 0.1663 | QP: 48
2026-07-13 18:38:55,527 [INFO ]  [4000/5732] | Loss: 1.511 | PSNR: 35.203 | MSE: 0.00030177 | BPP: 0.1665 | QP: 31
2026-07-13 18:40:04,220 [INFO ]  [4500/5732] | Loss: 1.513 | PSNR: 35.196 | MSE: 0.00030228 | BPP: 0.1669 | QP: 47
2026-07-13 18:41:12,151 [INFO ]  [5000/5732] | Loss: 1.519 | PSNR: 35.178 | MSE: 0.00030350 | BPP: 0.1674 | QP: 27
2026-07-13 18:42:20,458 [INFO ]  [5500/5732] | Loss: 1.515 | PSNR: 35.189 | MSE: 0.00030275 | BPP: 0.1675 | QP: 30
2026-07-13 18:42:51,689 [INFO ]  Train epoch 10: Loss: 1.513 | PSNR: 35.195 | MSE: 0.00030233 | BPP: 0.1677
2026-07-13 18:42:51,690 [INFO ]  No test_filelist is set; using train loss for checkpoint selection.
2026-07-13 18:42:52,886 [INFO ]  Global step updated to: 63052
2026-07-13 18:42:52,886 [INFO ]  ====== Current epoch 11 ======
2026-07-13 18:42:52,886 [INFO ]  Learning rate: 0.0001
2026-07-13 18:42:53,380 [INFO ]  [0/5732] | Loss: 0.917 | PSNR: 37.376 | MSE: 0.00018299 | BPP: 0.1719 | QP: 25
