2026-07-20 09:47:14,750 [INFO ]  Logging file is ./pretrained_uf/DCVCUFIntra/4/20260720_094714.log
2026-07-20 09:47:14,750 [INFO ]  ======================= 2026-07-20_09_47_13 =======================
2026-07-20 09:47:14,751 [INFO ]  model: DCVCUFIntra
2026-07-20 09:47:14,751 [INFO ]  train_root: None
2026-07-20 09:47:14,751 [INFO ]  train_filelist: /home/admin1/Data/data/vimeo_septuplet/train_filelist.txt
2026-07-20 09:47:14,751 [INFO ]  val_dataset: None
2026-07-20 09:47:14,751 [INFO ]  val_filelist: /home/admin1/Data/data/vimeo_septuplet/val_filelist.txt
2026-07-20 09:47:14,751 [INFO ]  epochs: 120
2026-07-20 09:47:14,751 [INFO ]  learning_rate: 0.0001
2026-07-20 09:47:14,751 [INFO ]  num_workers: 4
2026-07-20 09:47:14,751 [INFO ]  quality_level: 4
2026-07-20 09:47:14,752 [INFO ]  batch_size: 4
2026-07-20 09:47:14,752 [INFO ]  val_batch_size: 1
2026-07-20 09:47:14,752 [INFO ]  patch_size: (256, 256)
2026-07-20 09:47:14,752 [INFO ]  chunk_size: 8
2026-07-20 09:47:14,752 [INFO ]  gop: 8
2026-07-20 09:47:14,752 [INFO ]  val_gop: 8
2026-07-20 09:47:14,752 [INFO ]  q_num: 64
2026-07-20 09:47:14,752 [INFO ]  test_qp: 63
2026-07-20 09:47:14,752 [INFO ]  warmup_epochs: 20
2026-07-20 09:47:14,752 [INFO ]  qp_warmup_epochs: 48
2026-07-20 09:47:14,753 [INFO ]  cuda: True
2026-07-20 09:47:14,753 [INFO ]  save: True
2026-07-20 09:47:14,753 [INFO ]  seed: 7
2026-07-20 09:47:14,753 [INFO ]  clip_max_norm: 1.0
2026-07-20 09:47:14,753 [INFO ]  local_rank: 0
2026-07-20 09:47:14,753 [INFO ]  checkpoint: None
2026-07-20 09:47:14,753 [INFO ]  output_dir: ./pretrained_uf
2026-07-20 09:47:14,753 [INFO ]  name: 2026-07-20_09_47_13
2026-07-20 09:47:14,753 [INFO ]  log_interval: 500
2026-07-20 09:47:14,753 [INFO ]  check_exists: False
2026-07-20 09:47:14,754 [INFO ]  max_samples: None
2026-07-20 09:47:14,754 [INFO ]  pad_last: True
2026-07-20 09:47:14,754 [INFO ]  drop_last: False
2026-07-20 09:47:14,754 [INFO ]  distributed: True
2026-07-20 09:47:14,754 [INFO ]  ========================================
2026-07-20 09:47:19,540 [INFO ]  ====== Current epoch 0 ======
2026-07-20 09:47:19,540 [INFO ]  Learning rate: 0.0001
2026-07-20 09:47:21,114 [INFO ]  [0/4586] | Loss: 959.749 | PSNR: 7.168 | MSE: 0.19194989 | BPP: 0.2955 | QP: 63
2026-07-20 09:48:08,082 [INFO ]  [500/4586] | Loss: 206.619 | PSNR: 13.838 | MSE: 0.04132388 | BPP: 0.2638 | QP: 63
2026-07-20 09:48:55,158 [INFO ]  [1000/4586] | Loss: 175.023 | PSNR: 14.559 | MSE: 0.03500465 | BPP: 0.3679 | QP: 63
2026-07-20 09:49:42,725 [INFO ]  [1500/4586] | Loss: 147.673 | PSNR: 15.297 | MSE: 0.02953455 | BPP: 0.4403 | QP: 63
2026-07-20 09:50:30,183 [INFO ]  [2000/4586] | Loss: 127.952 | PSNR: 15.919 | MSE: 0.02559032 | BPP: 0.4995 | QP: 63
2026-07-20 09:51:17,815 [INFO ]  [2500/4586] | Loss: 111.990 | PSNR: 16.498 | MSE: 0.02239803 | BPP: 0.5461 | QP: 63
2026-07-20 09:52:05,961 [INFO ]  [3000/4586] | Loss: 99.421 | PSNR: 17.015 | MSE: 0.01988426 | BPP: 0.5805 | QP: 63
2026-07-20 09:52:53,562 [INFO ]  [3500/4586] | Loss: 89.360 | PSNR: 17.478 | MSE: 0.01787207 | BPP: 0.6102 | QP: 63
2026-07-20 09:53:40,510 [INFO ]  [4000/4586] | Loss: 81.005 | PSNR: 17.905 | MSE: 0.01620099 | BPP: 0.6363 | QP: 63
2026-07-20 09:54:27,689 [INFO ]  [4500/4586] | Loss: 74.208 | PSNR: 18.285 | MSE: 0.01484168 | BPP: 0.6610 | QP: 63
2026-07-20 09:54:35,813 [INFO ]  Train epoch 0: Loss: 73.118 | PSNR: 18.349 | MSE: 0.01462350 | BPP: 0.6645
2026-07-20 09:55:22,046 [INFO ]  Val epoch 0: Loss: 18.035 | PSNR: 24.429 | MSE: 0.00360694 | BPP: 0.8600
2026-07-20 09:55:22,944 [INFO ]  Checkpoint epoch 0: best model saved: yes | current loss: 18.034707 | best loss: 18.034707
2026-07-20 09:55:22,944 [INFO ]  Global step updated to: 4586
2026-07-20 09:55:22,944 [INFO ]  ====== Current epoch 1 ======
2026-07-20 09:55:22,944 [INFO ]  Learning rate: 0.0001
2026-07-20 09:55:23,435 [INFO ]  [0/4586] | Loss: 18.873 | PSNR: 24.231 | MSE: 0.00377463 | BPP: 0.8581 | QP: 63
2026-07-20 09:56:10,602 [INFO ]  [500/4586] | Loss: 17.949 | PSNR: 24.449 | MSE: 0.00358985 | BPP: 0.8714 | QP: 63
2026-07-20 09:56:58,912 [INFO ]  [1000/4586] | Loss: 17.134 | PSNR: 24.651 | MSE: 0.00342675 | BPP: 0.9008 | QP: 63
2026-07-20 09:57:46,854 [INFO ]  [1500/4586] | Loss: 16.326 | PSNR: 24.861 | MSE: 0.00326522 | BPP: 0.9158 | QP: 63
2026-07-20 09:58:33,723 [INFO ]  [2000/4586] | Loss: 15.614 | PSNR: 25.054 | MSE: 0.00312286 | BPP: 0.9274 | QP: 63
2026-07-20 09:59:21,164 [INFO ]  [2500/4586] | Loss: 14.711 | PSNR: 25.313 | MSE: 0.00294222 | BPP: 0.9426 | QP: 63
2026-07-20 10:00:09,155 [INFO ]  [3000/4586] | Loss: 13.896 | PSNR: 25.561 | MSE: 0.00277920 | BPP: 0.9724 | QP: 63
2026-07-20 10:00:57,092 [INFO ]  [3500/4586] | Loss: 13.231 | PSNR: 25.774 | MSE: 0.00264612 | BPP: 0.9941 | QP: 63
2026-07-20 10:01:45,116 [INFO ]  [4000/4586] | Loss: 12.663 | PSNR: 25.964 | MSE: 0.00253252 | BPP: 1.0107 | QP: 63
2026-07-20 10:02:33,306 [INFO ]  [4500/4586] | Loss: 12.199 | PSNR: 26.126 | MSE: 0.00243984 | BPP: 1.0246 | QP: 63
2026-07-20 10:02:41,356 [INFO ]  Train epoch 1: Loss: 12.129 | PSNR: 26.151 | MSE: 0.00242587 | BPP: 1.0265
2026-07-20 10:03:28,289 [INFO ]  Val epoch 1: Loss: 8.015 | PSNR: 27.951 | MSE: 0.00160303 | BPP: 1.1368
2026-07-20 10:03:29,367 [INFO ]  Checkpoint epoch 1: best model saved: yes | current loss: 8.015130 | best loss: 8.015130
2026-07-20 10:03:29,367 [INFO ]  Global step updated to: 9172
2026-07-20 10:03:29,367 [INFO ]  ====== Current epoch 2 ======
2026-07-20 10:03:29,368 [INFO ]  Learning rate: 0.0001
2026-07-20 10:03:29,794 [INFO ]  [0/4586] | Loss: 9.885 | PSNR: 27.040 | MSE: 0.00197693 | BPP: 1.1509 | QP: 63
2026-07-20 10:04:16,829 [INFO ]  [500/4586] | Loss: 8.320 | PSNR: 27.788 | MSE: 0.00166404 | BPP: 1.1385 | QP: 63
2026-07-20 10:05:03,726 [INFO ]  [1000/4586] | Loss: 8.269 | PSNR: 27.815 | MSE: 0.00165374 | BPP: 1.1401 | QP: 63
2026-07-20 10:05:51,579 [INFO ]  [1500/4586] | Loss: 8.178 | PSNR: 27.863 | MSE: 0.00163563 | BPP: 1.1422 | QP: 63
2026-07-20 10:06:38,799 [INFO ]  [2000/4586] | Loss: 7.803 | PSNR: 28.067 | MSE: 0.00156068 | BPP: 1.1439 | QP: 63
2026-07-20 10:07:26,051 [INFO ]  [2500/4586] | Loss: 7.355 | PSNR: 28.324 | MSE: 0.00147093 | BPP: 1.1457 | QP: 63
2026-07-20 10:08:13,582 [INFO ]  [3000/4586] | Loss: 6.976 | PSNR: 28.553 | MSE: 0.00139524 | BPP: 1.1469 | QP: 63
2026-07-20 10:09:00,458 [INFO ]  [3500/4586] | Loss: 6.690 | PSNR: 28.735 | MSE: 0.00133802 | BPP: 1.1482 | QP: 63
2026-07-20 10:09:47,642 [INFO ]  [4000/4586] | Loss: 6.387 | PSNR: 28.936 | MSE: 0.00127748 | BPP: 1.1491 | QP: 63
2026-07-20 10:10:34,985 [INFO ]  [4500/4586] | Loss: 6.149 | PSNR: 29.102 | MSE: 0.00122972 | BPP: 1.1500 | QP: 63
2026-07-20 10:10:43,242 [INFO ]  Train epoch 2: Loss: 6.126 | PSNR: 29.118 | MSE: 0.00122528 | BPP: 1.1503
2026-07-20 10:11:29,589 [INFO ]  Val epoch 2: Loss: 3.979 | PSNR: 30.992 | MSE: 0.00079575 | BPP: 1.1573
2026-07-20 10:11:30,696 [INFO ]  Checkpoint epoch 2: best model saved: yes | current loss: 3.978747 | best loss: 3.978747
2026-07-20 10:11:30,696 [INFO ]  Global step updated to: 13758
2026-07-20 10:11:30,696 [INFO ]  ====== Current epoch 3 ======
2026-07-20 10:11:30,696 [INFO ]  Learning rate: 0.0001
2026-07-20 10:11:31,193 [INFO ]  [0/4586] | Loss: 5.078 | PSNR: 29.933 | MSE: 0.00101564 | BPP: 1.1799 | QP: 63
2026-07-20 10:12:18,318 [INFO ]  [500/4586] | Loss: 4.263 | PSNR: 30.692 | MSE: 0.00085263 | BPP: 1.1601 | QP: 63
2026-07-20 10:13:05,729 [INFO ]  [1000/4586] | Loss: 4.187 | PSNR: 30.770 | MSE: 0.00083746 | BPP: 1.1604 | QP: 63
2026-07-20 10:13:53,367 [INFO ]  [1500/4586] | Loss: 4.175 | PSNR: 30.783 | MSE: 0.00083499 | BPP: 1.1602 | QP: 63
2026-07-20 10:14:41,184 [INFO ]  [2000/4586] | Loss: 4.101 | PSNR: 30.861 | MSE: 0.00082017 | BPP: 1.1605 | QP: 63
2026-07-20 10:15:29,001 [INFO ]  [2500/4586] | Loss: 4.068 | PSNR: 30.895 | MSE: 0.00081370 | BPP: 1.1613 | QP: 63
2026-07-20 10:16:16,378 [INFO ]  [3000/4586] | Loss: 4.029 | PSNR: 30.938 | MSE: 0.00080578 | BPP: 1.1618 | QP: 63
2026-07-20 10:17:03,709 [INFO ]  [3500/4586] | Loss: 3.998 | PSNR: 30.971 | MSE: 0.00079962 | BPP: 1.1624 | QP: 63
2026-07-20 10:17:51,487 [INFO ]  [4000/4586] | Loss: 3.954 | PSNR: 31.019 | MSE: 0.00079082 | BPP: 1.1630 | QP: 63
2026-07-20 10:18:39,402 [INFO ]  [4500/4586] | Loss: 3.930 | PSNR: 31.046 | MSE: 0.00078596 | BPP: 1.1635 | QP: 63
2026-07-20 10:18:47,300 [INFO ]  Train epoch 3: Loss: 3.932 | PSNR: 31.043 | MSE: 0.00078644 | BPP: 1.1639
2026-07-20 10:19:33,682 [INFO ]  Val epoch 3: Loss: 3.416 | PSNR: 31.655 | MSE: 0.00068320 | BPP: 1.1691
2026-07-20 10:19:34,741 [INFO ]  Checkpoint epoch 3: best model saved: yes | current loss: 3.415986 | best loss: 3.415986
2026-07-20 10:19:34,742 [INFO ]  Global step updated to: 18344
2026-07-20 10:19:34,742 [INFO ]  ====== Current epoch 4 ======
2026-07-20 10:19:34,742 [INFO ]  Learning rate: 0.0001
2026-07-20 10:19:35,143 [INFO ]  [0/4586] | Loss: 6.021 | PSNR: 29.193 | MSE: 0.00120419 | BPP: 1.1891 | QP: 63
2026-07-20 10:20:23,038 [INFO ]  [500/4586] | Loss: 3.717 | PSNR: 31.287 | MSE: 0.00074345 | BPP: 1.1700 | QP: 63
2026-07-20 10:21:10,675 [INFO ]  [1000/4586] | Loss: 3.677 | PSNR: 31.335 | MSE: 0.00073537 | BPP: 1.1706 | QP: 63
2026-07-20 10:21:58,805 [INFO ]  [1500/4586] | Loss: 3.644 | PSNR: 31.374 | MSE: 0.00072885 | BPP: 1.1709 | QP: 63
2026-07-20 10:22:46,232 [INFO ]  [2000/4586] | Loss: 3.577 | PSNR: 31.455 | MSE: 0.00071540 | BPP: 1.1713 | QP: 63
2026-07-20 10:23:33,356 [INFO ]  [2500/4586] | Loss: 3.395 | PSNR: 31.681 | MSE: 0.00067899 | BPP: 1.1712 | QP: 63
2026-07-20 10:24:20,886 [INFO ]  [3000/4586] | Loss: 3.282 | PSNR: 31.828 | MSE: 0.00065643 | BPP: 1.1713 | QP: 63
2026-07-20 10:25:08,436 [INFO ]  [3500/4586] | Loss: 3.189 | PSNR: 31.954 | MSE: 0.00063770 | BPP: 1.1714 | QP: 63
2026-07-20 10:25:56,380 [INFO ]  [4000/4586] | Loss: 3.111 | PSNR: 32.060 | MSE: 0.00062227 | BPP: 1.1717 | QP: 63
2026-07-20 10:26:44,206 [INFO ]  [4500/4586] | Loss: 3.056 | PSNR: 32.138 | MSE: 0.00061120 | BPP: 1.1718 | QP: 63
2026-07-20 10:26:52,138 [INFO ]  Train epoch 4: Loss: 3.028 | PSNR: 32.179 | MSE: 0.00060553 | BPP: 1.1719
2026-07-20 10:27:38,665 [INFO ]  Val epoch 4: Loss: 2.294 | PSNR: 33.384 | MSE: 0.00045874 | BPP: 1.1711
2026-07-20 10:27:39,776 [INFO ]  Checkpoint epoch 4: best model saved: yes | current loss: 2.293709 | best loss: 2.293709
2026-07-20 10:27:39,776 [INFO ]  Global step updated to: 22930
2026-07-20 10:27:39,776 [INFO ]  ====== Current epoch 5 ======
2026-07-20 10:27:39,776 [INFO ]  Learning rate: 0.0001
2026-07-20 10:27:40,292 [INFO ]  [0/4586] | Loss: 3.425 | PSNR: 31.643 | MSE: 0.00068498 | BPP: 1.1832 | QP: 63
2026-07-20 10:28:27,668 [INFO ]  [500/4586] | Loss: 2.541 | PSNR: 32.939 | MSE: 0.00050827 | BPP: 1.1729 | QP: 63
2026-07-20 10:29:15,679 [INFO ]  [1000/4586] | Loss: 2.514 | PSNR: 32.987 | MSE: 0.00050271 | BPP: 1.1738 | QP: 63
2026-07-20 10:30:03,392 [INFO ]  [1500/4586] | Loss: 2.508 | PSNR: 32.996 | MSE: 0.00050167 | BPP: 1.1745 | QP: 63
2026-07-20 10:30:50,152 [INFO ]  [2000/4586] | Loss: 2.520 | PSNR: 32.975 | MSE: 0.00050406 | BPP: 1.1743 | QP: 63
2026-07-20 10:31:37,341 [INFO ]  [2500/4586] | Loss: 2.503 | PSNR: 33.006 | MSE: 0.00050054 | BPP: 1.1742 | QP: 63
2026-07-20 10:32:25,056 [INFO ]  [3000/4586] | Loss: 2.487 | PSNR: 33.033 | MSE: 0.00049741 | BPP: 1.1743 | QP: 63
2026-07-20 10:33:11,946 [INFO ]  [3500/4586] | Loss: 2.466 | PSNR: 33.069 | MSE: 0.00049328 | BPP: 1.1743 | QP: 63
2026-07-20 10:33:58,854 [INFO ]  [4000/4586] | Loss: 2.453 | PSNR: 33.093 | MSE: 0.00049053 | BPP: 1.1744 | QP: 63
2026-07-20 10:34:46,192 [INFO ]  [4500/4586] | Loss: 2.443 | PSNR: 33.110 | MSE: 0.00048864 | BPP: 1.1745 | QP: 63
2026-07-20 10:34:54,043 [INFO ]  Train epoch 5: Loss: 2.423 | PSNR: 33.146 | MSE: 0.00048461 | BPP: 1.1744
2026-07-20 10:35:40,570 [INFO ]  Val epoch 5: Loss: 2.075 | PSNR: 33.820 | MSE: 0.00041499 | BPP: 1.1741
2026-07-20 10:35:41,677 [INFO ]  Checkpoint epoch 5: best model saved: yes | current loss: 2.074956 | best loss: 2.074956
2026-07-20 10:35:41,677 [INFO ]  Global step updated to: 27516
2026-07-20 10:35:41,677 [INFO ]  ====== Current epoch 6 ======
2026-07-20 10:35:41,677 [INFO ]  Learning rate: 0.0001
2026-07-20 10:35:42,071 [INFO ]  [0/4586] | Loss: 1.067 | PSNR: 36.706 | MSE: 0.00021350 | BPP: 1.1930 | QP: 63
2026-07-20 10:36:29,400 [INFO ]  [500/4586] | Loss: 2.227 | PSNR: 33.512 | MSE: 0.00044550 | BPP: 1.1741 | QP: 63
2026-07-20 10:37:16,968 [INFO ]  [1000/4586] | Loss: 2.266 | PSNR: 33.437 | MSE: 0.00045322 | BPP: 1.1744 | QP: 63
2026-07-20 10:38:04,918 [INFO ]  [1500/4586] | Loss: 2.244 | PSNR: 33.480 | MSE: 0.00044875 | BPP: 1.1746 | QP: 63
2026-07-20 10:38:52,101 [INFO ]  [2000/4586] | Loss: 2.233 | PSNR: 33.501 | MSE: 0.00044654 | BPP: 1.1748 | QP: 63
2026-07-20 10:39:39,481 [INFO ]  [2500/4586] | Loss: 2.216 | PSNR: 33.534 | MSE: 0.00044317 | BPP: 1.1751 | QP: 63
2026-07-20 10:40:26,844 [INFO ]  [3000/4586] | Loss: 2.200 | PSNR: 33.566 | MSE: 0.00043994 | BPP: 1.1752 | QP: 63
2026-07-20 10:41:14,166 [INFO ]  [3500/4586] | Loss: 2.196 | PSNR: 33.574 | MSE: 0.00043910 | BPP: 1.1755 | QP: 63
2026-07-20 10:42:01,713 [INFO ]  [4000/4586] | Loss: 2.187 | PSNR: 33.591 | MSE: 0.00043745 | BPP: 1.1757 | QP: 63
2026-07-20 10:42:49,415 [INFO ]  [4500/4586] | Loss: 2.186 | PSNR: 33.592 | MSE: 0.00043729 | BPP: 1.1757 | QP: 63
2026-07-20 10:42:57,637 [INFO ]  Train epoch 6: Loss: 2.193 | PSNR: 33.579 | MSE: 0.00043861 | BPP: 1.1756
2026-07-20 10:43:44,102 [INFO ]  Val epoch 6: Loss: 1.994 | PSNR: 33.992 | MSE: 0.00039881 | BPP: 1.1751
2026-07-20 10:43:45,161 [INFO ]  Checkpoint epoch 6: best model saved: yes | current loss: 1.994058 | best loss: 1.994058
2026-07-20 10:43:45,161 [INFO ]  Global step updated to: 32102
2026-07-20 10:43:45,161 [INFO ]  ====== Current epoch 7 ======
2026-07-20 10:43:45,161 [INFO ]  Learning rate: 0.0001
2026-07-20 10:43:45,616 [INFO ]  [0/4586] | Loss: 3.866 | PSNR: 31.117 | MSE: 0.00077320 | BPP: 1.1793 | QP: 63
2026-07-20 10:44:33,099 [INFO ]  [500/4586] | Loss: 2.083 | PSNR: 33.803 | MSE: 0.00041656 | BPP: 1.1752 | QP: 63
2026-07-20 10:45:21,282 [INFO ]  [1000/4586] | Loss: 2.092 | PSNR: 33.785 | MSE: 0.00041831 | BPP: 1.1761 | QP: 63
2026-07-20 10:46:08,922 [INFO ]  [1500/4586] | Loss: 2.065 | PSNR: 33.840 | MSE: 0.00041303 | BPP: 1.1762 | QP: 63
2026-07-20 10:46:56,380 [INFO ]  [2000/4586] | Loss: 2.066 | PSNR: 33.839 | MSE: 0.00041318 | BPP: 1.1762 | QP: 63
2026-07-20 10:47:43,927 [INFO ]  [2500/4586] | Loss: 2.070 | PSNR: 33.830 | MSE: 0.00041403 | BPP: 1.1765 | QP: 63
2026-07-20 10:48:31,652 [INFO ]  [3000/4586] | Loss: 2.060 | PSNR: 33.851 | MSE: 0.00041202 | BPP: 1.1765 | QP: 63
2026-07-20 10:49:18,973 [INFO ]  [3500/4586] | Loss: 2.052 | PSNR: 33.869 | MSE: 0.00041032 | BPP: 1.1765 | QP: 63
2026-07-20 10:50:06,438 [INFO ]  [4000/4586] | Loss: 2.055 | PSNR: 33.861 | MSE: 0.00041107 | BPP: 1.1767 | QP: 63
2026-07-20 10:50:54,023 [INFO ]  [4500/4586] | Loss: 2.043 | PSNR: 33.888 | MSE: 0.00040855 | BPP: 1.1766 | QP: 63
2026-07-20 10:51:02,082 [INFO ]  Train epoch 7: Loss: 2.027 | PSNR: 33.921 | MSE: 0.00040541 | BPP: 1.1765
2026-07-20 10:51:48,574 [INFO ]  Val epoch 7: Loss: 1.988 | PSNR: 34.005 | MSE: 0.00039763 | BPP: 1.1764
2026-07-20 10:51:49,634 [INFO ]  Checkpoint epoch 7: best model saved: yes | current loss: 1.988167 | best loss: 1.988167
2026-07-20 10:51:49,634 [INFO ]  Global step updated to: 36688
2026-07-20 10:51:49,634 [INFO ]  ====== Current epoch 8 ======
2026-07-20 10:51:49,634 [INFO ]  Learning rate: 0.0001
2026-07-20 10:51:50,130 [INFO ]  [0/4586] | Loss: 1.382 | PSNR: 35.584 | MSE: 0.00027645 | BPP: 1.1883 | QP: 63
2026-07-20 10:52:37,359 [INFO ]  [500/4586] | Loss: 1.942 | PSNR: 34.108 | MSE: 0.00038837 | BPP: 1.1771 | QP: 63
2026-07-20 10:53:24,332 [INFO ]  [1000/4586] | Loss: 1.916 | PSNR: 34.165 | MSE: 0.00038328 | BPP: 1.1772 | QP: 63
2026-07-20 10:54:11,927 [INFO ]  [1500/4586] | Loss: 1.914 | PSNR: 34.170 | MSE: 0.00038281 | BPP: 1.1773 | QP: 63
2026-07-20 10:54:58,748 [INFO ]  [2000/4586] | Loss: 1.916 | PSNR: 34.166 | MSE: 0.00038316 | BPP: 1.1773 | QP: 63
2026-07-20 10:55:45,678 [INFO ]  [2500/4586] | Loss: 1.900 | PSNR: 34.202 | MSE: 0.00038001 | BPP: 1.1774 | QP: 63
2026-07-20 10:56:33,755 [INFO ]  [3000/4586] | Loss: 1.893 | PSNR: 34.219 | MSE: 0.00037856 | BPP: 1.1774 | QP: 63
2026-07-20 10:57:20,734 [INFO ]  [3500/4586] | Loss: 1.897 | PSNR: 34.210 | MSE: 0.00037935 | BPP: 1.1775 | QP: 63
2026-07-20 10:58:07,838 [INFO ]  [4000/4586] | Loss: 1.887 | PSNR: 34.231 | MSE: 0.00037746 | BPP: 1.1773 | QP: 63
2026-07-20 10:58:55,341 [INFO ]  [4500/4586] | Loss: 1.887 | PSNR: 34.232 | MSE: 0.00037738 | BPP: 1.1773 | QP: 63
2026-07-20 10:59:03,137 [INFO ]  Train epoch 8: Loss: 1.898 | PSNR: 34.207 | MSE: 0.00037961 | BPP: 1.1772
2026-07-20 10:59:50,051 [INFO ]  Val epoch 8: Loss: 1.714 | PSNR: 34.650 | MSE: 0.00034279 | BPP: 1.1727
2026-07-20 10:59:51,054 [INFO ]  Checkpoint epoch 8: best model saved: yes | current loss: 1.713938 | best loss: 1.713938
2026-07-20 10:59:51,054 [INFO ]  Global step updated to: 41274
2026-07-20 10:59:51,054 [INFO ]  ====== Current epoch 9 ======
2026-07-20 10:59:51,054 [INFO ]  Learning rate: 0.0001
2026-07-20 10:59:51,516 [INFO ]  [0/4586] | Loss: 1.112 | PSNR: 36.530 | MSE: 0.00022231 | BPP: 1.1625 | QP: 63
2026-07-20 11:00:38,611 [INFO ]  [500/4586] | Loss: 1.856 | PSNR: 34.304 | MSE: 0.00037119 | BPP: 1.1758 | QP: 63
2026-07-20 11:01:25,677 [INFO ]  [1000/4586] | Loss: 1.884 | PSNR: 34.239 | MSE: 0.00037682 | BPP: 1.1763 | QP: 63
2026-07-20 11:02:13,141 [INFO ]  [1500/4586] | Loss: 1.859 | PSNR: 34.296 | MSE: 0.00037189 | BPP: 1.1763 | QP: 63
2026-07-20 11:03:00,338 [INFO ]  [2000/4586] | Loss: 1.851 | PSNR: 34.316 | MSE: 0.00037018 | BPP: 1.1763 | QP: 63
2026-07-20 11:03:47,522 [INFO ]  [2500/4586] | Loss: 1.841 | PSNR: 34.340 | MSE: 0.00036811 | BPP: 1.1763 | QP: 63
2026-07-20 11:04:34,723 [INFO ]  [3000/4586] | Loss: 1.822 | PSNR: 34.384 | MSE: 0.00036440 | BPP: 1.1762 | QP: 63
2026-07-20 11:05:21,717 [INFO ]  [3500/4586] | Loss: 1.813 | PSNR: 34.406 | MSE: 0.00036255 | BPP: 1.1764 | QP: 63
2026-07-20 11:06:09,011 [INFO ]  [4000/4586] | Loss: 1.809 | PSNR: 34.415 | MSE: 0.00036185 | BPP: 1.1764 | QP: 63
2026-07-20 11:06:56,489 [INFO ]  [4500/4586] | Loss: 1.804 | PSNR: 34.427 | MSE: 0.00036087 | BPP: 1.1765 | QP: 63
2026-07-20 11:07:04,534 [INFO ]  Train epoch 9: Loss: 1.795 | PSNR: 34.450 | MSE: 0.00035895 | BPP: 1.1764
2026-07-20 11:07:50,971 [INFO ]  Val epoch 9: Loss: 1.607 | PSNR: 34.930 | MSE: 0.00032140 | BPP: 1.1758
2026-07-20 11:07:52,063 [INFO ]  Checkpoint epoch 9: best model saved: yes | current loss: 1.606990 | best loss: 1.606990
2026-07-20 11:07:52,064 [INFO ]  Global step updated to: 45860
2026-07-20 11:07:52,064 [INFO ]  ====== Current epoch 10 ======
2026-07-20 11:07:52,064 [INFO ]  Learning rate: 0.0001
2026-07-20 11:07:52,571 [INFO ]  [0/4586] | Loss: 1.899 | PSNR: 34.204 | MSE: 0.00037983 | BPP: 1.1777 | QP: 63
2026-07-20 11:08:40,243 [INFO ]  [500/4586] | Loss: 1.801 | PSNR: 34.434 | MSE: 0.00036023 | BPP: 1.1770 | QP: 63
2026-07-20 11:09:27,330 [INFO ]  [1000/4586] | Loss: 1.740 | PSNR: 34.583 | MSE: 0.00034806 | BPP: 1.1768 | QP: 63
2026-07-20 11:10:13,311 [INFO ]  [1500/4586] | Loss: 49.102 | PSNR: 20.079 | MSE: 0.00982034 | BPP: 1.2236 | QP: 63
2026-07-20 11:10:59,471 [INFO ]  [2000/4586] | Loss: 325.861 | PSNR: 11.859 | MSE: 0.06517219 | BPP: 1.4136 | QP: 63
2026-07-20 11:11:46,509 [INFO ]  [2500/4586] | Loss: 493.443 | PSNR: 10.057 | MSE: 0.09868865 | BPP: 1.5277 | QP: 63
2026-07-20 11:12:34,129 [INFO ]  [3000/4586] | Loss: 604.085 | PSNR: 9.179 | MSE: 0.12081702 | BPP: 1.6038 | QP: 63
2026-07-20 11:13:21,688 [INFO ]  [3500/4586] | Loss: 683.911 | PSNR: 8.640 | MSE: 0.13678226 | BPP: 1.6582 | QP: 63
2026-07-20 11:14:09,129 [INFO ]  [4000/4586] | Loss: 743.708 | PSNR: 8.276 | MSE: 0.14874164 | BPP: 1.6990 | QP: 63
2026-07-20 11:14:56,741 [INFO ]  [4500/4586] | Loss: 790.088 | PSNR: 8.013 | MSE: 0.15801756 | BPP: 1.7307 | QP: 63
2026-07-20 11:15:04,614 [INFO ]  Train epoch 10: Loss: 798.184 | PSNR: 7.969 | MSE: 0.15963678 | BPP: 1.7352
2026-07-20 11:15:52,034 [INFO ]  Val epoch 10: Loss: 1156.804 | PSNR: 6.357 | MSE: 0.23136084 | BPP: 1.9845
2026-07-20 11:15:52,747 [INFO ]  Checkpoint epoch 10: best model saved: no | current loss: 1156.804204 | best loss: 1.606990
2026-07-20 11:15:52,747 [INFO ]  Global step updated to: 50446
2026-07-20 11:15:52,747 [INFO ]  ====== Current epoch 11 ======
2026-07-20 11:15:52,747 [INFO ]  Learning rate: 0.0001
2026-07-20 11:15:53,274 [INFO ]  [0/4586] | Loss: 1071.562 | PSNR: 6.690 | MSE: 0.21431237 | BPP: 1.9851 | QP: 63
2026-07-20 11:16:40,842 [INFO ]  [500/4586] | Loss: 1152.202 | PSNR: 6.374 | MSE: 0.23044048 | BPP: 1.9847 | QP: 63
2026-07-20 11:17:28,595 [INFO ]  [1000/4586] | Loss: 1159.831 | PSNR: 6.346 | MSE: 0.23196626 | BPP: 1.9848 | QP: 63
2026-07-20 11:18:17,326 [INFO ]  [1500/4586] | Loss: 1158.253 | PSNR: 6.352 | MSE: 0.23165068 | BPP: 1.9848 | QP: 63
2026-07-20 11:19:05,414 [INFO ]  [2000/4586] | Loss: 1160.534 | PSNR: 6.343 | MSE: 0.23210685 | BPP: 1.9848 | QP: 63
2026-07-20 11:19:52,986 [INFO ]  [2500/4586] | Loss: 1162.227 | PSNR: 6.337 | MSE: 0.23244546 | BPP: 1.9849 | QP: 63
2026-07-20 11:20:40,246 [INFO ]  [3000/4586] | Loss: 1161.360 | PSNR: 6.340 | MSE: 0.23227190 | BPP: 1.9849 | QP: 63
2026-07-20 11:21:27,348 [INFO ]  [3500/4586] | Loss: 1160.957 | PSNR: 6.342 | MSE: 0.23219140 | BPP: 1.9849 | QP: 63
2026-07-20 11:22:15,018 [INFO ]  [4000/4586] | Loss: 1160.991 | PSNR: 6.341 | MSE: 0.23219824 | BPP: 1.9850 | QP: 63
2026-07-20 11:23:02,619 [INFO ]  [4500/4586] | Loss: 1161.936 | PSNR: 6.338 | MSE: 0.23238714 | BPP: 1.9850 | QP: 63
2026-07-20 11:23:10,637 [INFO ]  Train epoch 11: Loss: 1162.541 | PSNR: 6.336 | MSE: 0.23250818 | BPP: 1.9850
2026-07-20 11:23:56,880 [INFO ]  Val epoch 11: Loss: 1156.804 | PSNR: 6.357 | MSE: 0.23136084 | BPP: 1.9851
2026-07-20 11:23:57,585 [INFO ]  Checkpoint epoch 11: best model saved: no | current loss: 1156.804203 | best loss: 1.606990
2026-07-20 11:23:57,586 [INFO ]  Global step updated to: 55032
2026-07-20 11:23:57,586 [INFO ]  ====== Current epoch 12 ======
2026-07-20 11:23:57,586 [INFO ]  Learning rate: 0.0001
2026-07-20 11:23:58,094 [INFO ]  [0/4586] | Loss: 1102.127 | PSNR: 6.567 | MSE: 0.22042543 | BPP: 1.9853 | QP: 63
2026-07-20 11:24:45,866 [INFO ]  [500/4586] | Loss: 1163.804 | PSNR: 6.331 | MSE: 0.23276084 | BPP: 1.9852 | QP: 63
2026-07-20 11:25:33,457 [INFO ]  [1000/4586] | Loss: 1162.246 | PSNR: 6.337 | MSE: 0.23244919 | BPP: 1.9852 | QP: 63
2026-07-20 11:26:20,927 [INFO ]  [1500/4586] | Loss: 1164.358 | PSNR: 6.329 | MSE: 0.23287170 | BPP: 1.9852 | QP: 63
2026-07-20 11:27:08,580 [INFO ]  [2000/4586] | Loss: 1163.361 | PSNR: 6.333 | MSE: 0.23267225 | BPP: 1.9852 | QP: 63
2026-07-20 11:27:56,411 [INFO ]  [2500/4586] | Loss: 1163.186 | PSNR: 6.333 | MSE: 0.23263715 | BPP: 1.9853 | QP: 63
