2026-07-19 15:59:00,943 [INFO] ======================= 2026-07-19_15_59_00 =======================
2026-07-19 15:59:00,943 [INFO] train_root: None
2026-07-19 15:59:00,943 [INFO] train_filelist: D:\Drivers\Desktop\VC-gsh\Partvimeo_32\train_filelist_phase2.txt
2026-07-19 15:59:00,943 [INFO] test_dataset: None
2026-07-19 15:59:00,943 [INFO] test_filelist: D:\Drivers\Desktop\VC-gsh\Partvimeo_32\val_filelist_phase2.txt
2026-07-19 15:59:00,943 [INFO] phase1_checkpoint: D:\Drivers\Desktop\VC-gsh\pretrained_uf\DCVCUFIntra\2\checkpoint_best_loss_uf_phase_1.pth.tar
2026-07-19 15:59:00,943 [INFO] checkpoint: None
2026-07-19 15:59:00,943 [INFO] output_dir: ./pretrained_uf
2026-07-19 15:59:00,943 [INFO] quality_level: 1
2026-07-19 15:59:00,943 [INFO] epochs: 5
2026-07-19 15:59:00,948 [INFO] learning_rate: 0.0001
2026-07-19 15:59:00,948 [INFO] num_workers: 0
2026-07-19 15:59:00,948 [INFO] batch_size: 1
2026-07-19 15:59:00,948 [INFO] test_batch_size: 1
2026-07-19 15:59:00,948 [INFO] patch_size: [128, 128]
2026-07-19 15:59:00,948 [INFO] q_num: 64
2026-07-19 15:59:00,948 [INFO] test_qp: 63
2026-07-19 15:59:00,948 [INFO] warmup_epochs: 20
2026-07-19 15:59:00,948 [INFO] qp_warmup_epochs: 48
2026-07-19 15:59:00,950 [INFO] cuda: True
2026-07-19 15:59:00,950 [INFO] save: False
2026-07-19 15:59:00,950 [INFO] seed: 7
2026-07-19 15:59:00,950 [INFO] clip_max_norm: 1.0
2026-07-19 15:59:00,950 [INFO] local_rank: -1
2026-07-19 15:59:00,950 [INFO] log_interval: 1
2026-07-19 15:59:00,950 [INFO] check_exists: False
2026-07-19 15:59:00,950 [INFO] max_samples: None
2026-07-19 15:59:00,950 [INFO] drop_last: False
2026-07-19 15:59:00,950 [INFO] name: 2026-07-19_15_59_00
2026-07-19 15:59:00,950 [INFO] distributed: False
2026-07-19 15:59:01,859 [INFO] ====== Current epoch 0 ======
2026-07-19 15:59:01,860 [INFO] Learning rate: 0.0001
2026-07-19 15:59:02,872 [INFO] [0/16] | Loss: 1677.462 | PSNR: 4.743 | MSE: 0.33549175 | BPP: 0.2788 | QP: 63
2026-07-19 15:59:03,439 [INFO] [1/16] | Loss: 1167.059 | PSNR: 6.319 | MSE: 0.23341116 | BPP: 0.3531 | QP: 63
2026-07-19 15:59:03,917 [INFO] [2/16] | Loss: 1203.713 | PSNR: 6.184 | MSE: 0.24074179 | BPP: 0.3522 | QP: 63
2026-07-19 15:59:04,416 [INFO] [3/16] | Loss: 1052.207 | PSNR: 6.769 | MSE: 0.21044058 | BPP: 0.3588 | QP: 63
2026-07-19 15:59:04,963 [INFO] [4/16] | Loss: 957.743 | PSNR: 7.177 | MSE: 0.19154793 | BPP: 0.3529 | QP: 63
2026-07-19 15:59:05,514 [INFO] [5/16] | Loss: 905.661 | PSNR: 7.420 | MSE: 0.18113145 | BPP: 0.3394 | QP: 63
2026-07-19 15:59:06,027 [INFO] [6/16] | Loss: 841.205 | PSNR: 7.741 | MSE: 0.16824042 | BPP: 0.3226 | QP: 63
2026-07-19 15:59:06,545 [INFO] [7/16] | Loss: 802.169 | PSNR: 7.947 | MSE: 0.16043327 | BPP: 0.3053 | QP: 63
2026-07-19 15:59:07,030 [INFO] [8/16] | Loss: 828.781 | PSNR: 7.805 | MSE: 0.16575565 | BPP: 0.2896 | QP: 63
2026-07-19 15:59:07,542 [INFO] [9/16] | Loss: 789.191 | PSNR: 8.018 | MSE: 0.15783759 | BPP: 0.2765 | QP: 63
2026-07-19 15:59:08,042 [INFO] [10/16] | Loss: 764.444 | PSNR: 8.156 | MSE: 0.15288831 | BPP: 0.2648 | QP: 63
2026-07-19 15:59:08,548 [INFO] [11/16] | Loss: 733.039 | PSNR: 8.338 | MSE: 0.14660720 | BPP: 0.2534 | QP: 63
2026-07-19 15:59:09,053 [INFO] [12/16] | Loss: 702.625 | PSNR: 8.522 | MSE: 0.14052454 | BPP: 0.2424 | QP: 63
2026-07-19 15:59:09,570 [INFO] [13/16] | Loss: 698.011 | PSNR: 8.551 | MSE: 0.13960165 | BPP: 0.2321 | QP: 63
2026-07-19 15:59:10,112 [INFO] [14/16] | Loss: 672.559 | PSNR: 8.712 | MSE: 0.13451135 | BPP: 0.2227 | QP: 63
2026-07-19 15:59:10,627 [INFO] [15/16] | Loss: 674.339 | PSNR: 8.701 | MSE: 0.13486733 | BPP: 0.2140 | QP: 63
2026-07-19 15:59:10,627 [INFO] Train epoch 0: Loss: 674.339 | PSNR: 8.701 | MSE: 0.13486733 | BPP: 0.2140
2026-07-19 15:59:11,482 [INFO] Test epoch 0: Loss: 690.945 | PSNR: 8.595 | MSE: 0.13818888 | BPP: 0.0865
2026-07-19 15:59:11,482 [INFO] Checkpoint epoch 0: save disabled | best model saved: no | current loss: 690.945236 | best loss: 690.945236
2026-07-19 15:59:11,482 [INFO] Global step updated to: 16
2026-07-19 15:59:11,483 [INFO] ====== Current epoch 1 ======
2026-07-19 15:59:11,483 [INFO] Learning rate: 0.0001
2026-07-19 15:59:11,957 [INFO] [0/16] | Loss: 856.409 | PSNR: 7.663 | MSE: 0.17128170 | BPP: 0.0835 | QP: 63
2026-07-19 15:59:12,476 [INFO] [1/16] | Loss: 716.619 | PSNR: 8.437 | MSE: 0.14332356 | BPP: 0.0895 | QP: 63
2026-07-19 15:59:12,984 [INFO] [2/16] | Loss: 603.632 | PSNR: 9.182 | MSE: 0.12072625 | BPP: 0.0938 | QP: 63
2026-07-19 15:59:13,465 [INFO] [3/16] | Loss: 557.296 | PSNR: 9.529 | MSE: 0.11145899 | BPP: 0.0961 | QP: 63
2026-07-19 15:59:13,949 [INFO] [4/16] | Loss: 518.192 | PSNR: 9.845 | MSE: 0.10363815 | BPP: 0.0979 | QP: 63
2026-07-19 15:59:14,436 [INFO] [5/16] | Loss: 501.442 | PSNR: 9.988 | MSE: 0.10028813 | BPP: 0.1010 | QP: 63
2026-07-19 15:59:14,968 [INFO] [6/16] | Loss: 476.571 | PSNR: 10.208 | MSE: 0.09531399 | BPP: 0.1014 | QP: 63
2026-07-19 15:59:15,473 [INFO] [7/16] | Loss: 516.716 | PSNR: 9.857 | MSE: 0.10334308 | BPP: 0.0991 | QP: 63
2026-07-19 15:59:15,981 [INFO] [8/16] | Loss: 551.586 | PSNR: 9.574 | MSE: 0.11031692 | BPP: 0.0955 | QP: 63
2026-07-19 15:59:16,503 [INFO] [9/16] | Loss: 534.142 | PSNR: 9.713 | MSE: 0.10682820 | BPP: 0.0932 | QP: 63
2026-07-19 15:59:16,998 [INFO] [10/16] | Loss: 521.290 | PSNR: 9.819 | MSE: 0.10425773 | BPP: 0.0916 | QP: 63
2026-07-19 15:59:17,504 [INFO] [11/16] | Loss: 523.729 | PSNR: 9.799 | MSE: 0.10474563 | BPP: 0.0905 | QP: 63
2026-07-19 15:59:18,022 [INFO] [12/16] | Loss: 524.169 | PSNR: 9.795 | MSE: 0.10483367 | BPP: 0.0898 | QP: 63
2026-07-19 15:59:18,587 [INFO] [13/16] | Loss: 509.836 | PSNR: 9.915 | MSE: 0.10196706 | BPP: 0.0892 | QP: 63
2026-07-19 15:59:19,103 [INFO] [14/16] | Loss: 499.908 | PSNR: 10.001 | MSE: 0.09998150 | BPP: 0.0889 | QP: 63
2026-07-19 15:59:19,643 [INFO] [15/16] | Loss: 489.733 | PSNR: 10.090 | MSE: 0.09794648 | BPP: 0.0897 | QP: 63
2026-07-19 15:59:19,644 [INFO] Train epoch 1: Loss: 489.733 | PSNR: 10.090 | MSE: 0.09794648 | BPP: 0.0897
2026-07-19 15:59:20,400 [INFO] Test epoch 1: Loss: 580.085 | PSNR: 9.355 | MSE: 0.11601669 | BPP: 0.1403
2026-07-19 15:59:20,401 [INFO] Checkpoint epoch 1: save disabled | best model saved: no | current loss: 580.084900 | best loss: 580.084900
2026-07-19 15:59:20,401 [INFO] Global step updated to: 32
2026-07-19 15:59:20,401 [INFO] ====== Current epoch 2 ======
2026-07-19 15:59:20,401 [INFO] Learning rate: 0.0001
2026-07-19 15:59:20,932 [INFO] [0/16] | Loss: 466.198 | PSNR: 10.304 | MSE: 0.09323927 | BPP: 0.1348 | QP: 63
2026-07-19 15:59:21,473 [INFO] [1/16] | Loss: 389.153 | PSNR: 11.089 | MSE: 0.07783026 | BPP: 0.1295 | QP: 63
2026-07-19 15:59:21,965 [INFO] [2/16] | Loss: 496.680 | PSNR: 10.029 | MSE: 0.09933572 | BPP: 0.1229 | QP: 63
2026-07-19 15:59:22,528 [INFO] [3/16] | Loss: 468.652 | PSNR: 10.281 | MSE: 0.09373009 | BPP: 0.1131 | QP: 63
2026-07-19 15:59:23,033 [INFO] [4/16] | Loss: 440.150 | PSNR: 10.554 | MSE: 0.08802978 | BPP: 0.1046 | QP: 63
2026-07-19 15:59:23,566 [INFO] [5/16] | Loss: 435.406 | PSNR: 10.601 | MSE: 0.08708091 | BPP: 0.0974 | QP: 63
2026-07-19 15:59:24,042 [INFO] [6/16] | Loss: 423.863 | PSNR: 10.717 | MSE: 0.08477243 | BPP: 0.0920 | QP: 63
2026-07-19 15:59:24,533 [INFO] [7/16] | Loss: 425.417 | PSNR: 10.702 | MSE: 0.08508315 | BPP: 0.0889 | QP: 63
2026-07-19 15:59:25,016 [INFO] [8/16] | Loss: 412.954 | PSNR: 10.831 | MSE: 0.08259064 | BPP: 0.0857 | QP: 63
2026-07-19 15:59:25,504 [INFO] [9/16] | Loss: 444.532 | PSNR: 10.511 | MSE: 0.08890614 | BPP: 0.0844 | QP: 63
2026-07-19 15:59:25,971 [INFO] [10/16] | Loss: 435.726 | PSNR: 10.598 | MSE: 0.08714496 | BPP: 0.0821 | QP: 63
2026-07-19 15:59:26,461 [INFO] [11/16] | Loss: 453.902 | PSNR: 10.420 | MSE: 0.09078023 | BPP: 0.0816 | QP: 63
2026-07-19 15:59:26,940 [INFO] [12/16] | Loss: 441.645 | PSNR: 10.539 | MSE: 0.08832879 | BPP: 0.0805 | QP: 63
2026-07-19 15:59:27,426 [INFO] [13/16] | Loss: 430.723 | PSNR: 10.648 | MSE: 0.08614437 | BPP: 0.0803 | QP: 63
2026-07-19 15:59:27,916 [INFO] [14/16] | Loss: 446.230 | PSNR: 10.494 | MSE: 0.08924589 | BPP: 0.0803 | QP: 63
2026-07-19 15:59:28,406 [INFO] [15/16] | Loss: 437.104 | PSNR: 10.584 | MSE: 0.08742065 | BPP: 0.0816 | QP: 63
2026-07-19 15:59:28,407 [INFO] Train epoch 2: Loss: 437.104 | PSNR: 10.584 | MSE: 0.08742065 | BPP: 0.0816
2026-07-19 15:59:29,151 [INFO] Test epoch 2: Loss: 568.048 | PSNR: 9.446 | MSE: 0.11360944 | BPP: 0.1095
2026-07-19 15:59:29,151 [INFO] Checkpoint epoch 2: save disabled | best model saved: no | current loss: 568.048264 | best loss: 568.048264
2026-07-19 15:59:29,151 [INFO] Global step updated to: 48
2026-07-19 15:59:29,151 [INFO] ====== Current epoch 3 ======
2026-07-19 15:59:29,151 [INFO] Learning rate: 0.0001
2026-07-19 15:59:29,651 [INFO] [0/16] | Loss: 365.529 | PSNR: 11.360 | MSE: 0.07310560 | BPP: 0.0619 | QP: 63
2026-07-19 15:59:30,168 [INFO] [1/16] | Loss: 508.113 | PSNR: 9.930 | MSE: 0.10162244 | BPP: 0.1148 | QP: 63
2026-07-19 15:59:30,655 [INFO] [2/16] | Loss: 430.600 | PSNR: 10.649 | MSE: 0.08611976 | BPP: 0.0896 | QP: 63
2026-07-19 15:59:31,143 [INFO] [3/16] | Loss: 408.300 | PSNR: 10.880 | MSE: 0.08165985 | BPP: 0.0778 | QP: 63
2026-07-19 15:59:31,630 [INFO] [4/16] | Loss: 409.364 | PSNR: 10.869 | MSE: 0.08187249 | BPP: 0.1144 | QP: 63
2026-07-19 15:59:32,130 [INFO] [5/16] | Loss: 416.723 | PSNR: 10.791 | MSE: 0.08334422 | BPP: 0.1482 | QP: 63
2026-07-19 15:59:32,627 [INFO] [6/16] | Loss: 402.424 | PSNR: 10.943 | MSE: 0.08048446 | BPP: 0.1439 | QP: 63
2026-07-19 15:59:33,130 [INFO] [7/16] | Loss: 384.684 | PSNR: 11.139 | MSE: 0.07693642 | BPP: 0.1565 | QP: 63
2026-07-19 15:59:33,616 [INFO] [8/16] | Loss: 372.475 | PSNR: 11.279 | MSE: 0.07449456 | BPP: 0.1922 | QP: 63
2026-07-19 15:59:34,098 [INFO] [9/16] | Loss: 398.916 | PSNR: 10.981 | MSE: 0.07978270 | BPP: 0.2176 | QP: 63
2026-07-19 15:59:34,595 [INFO] [10/16] | Loss: 387.023 | PSNR: 11.112 | MSE: 0.07740416 | BPP: 0.2164 | QP: 63
2026-07-19 15:59:35,088 [INFO] [11/16] | Loss: 381.857 | PSNR: 11.171 | MSE: 0.07637096 | BPP: 0.2269 | QP: 63
2026-07-19 15:59:35,574 [INFO] [12/16] | Loss: 407.852 | PSNR: 10.885 | MSE: 0.08156992 | BPP: 0.2851 | QP: 63
2026-07-19 15:59:36,104 [INFO] [13/16] | Loss: 395.800 | PSNR: 11.015 | MSE: 0.07915950 | BPP: 0.2830 | QP: 63
2026-07-19 15:59:36,653 [INFO] [14/16] | Loss: 389.367 | PSNR: 11.086 | MSE: 0.07787290 | BPP: 0.2875 | QP: 63
2026-07-19 15:59:37,176 [INFO] [15/16] | Loss: 390.242 | PSNR: 11.076 | MSE: 0.07804772 | BPP: 0.2933 | QP: 63
2026-07-19 15:59:37,178 [INFO] Train epoch 3: Loss: 390.242 | PSNR: 11.076 | MSE: 0.07804772 | BPP: 0.2933
2026-07-19 15:59:37,956 [INFO] Test epoch 3: Loss: 492.818 | PSNR: 10.063 | MSE: 0.09856246 | BPP: 0.5936
2026-07-19 15:59:37,956 [INFO] Checkpoint epoch 3: save disabled | best model saved: no | current loss: 492.818237 | best loss: 492.818237
2026-07-19 15:59:37,956 [INFO] Global step updated to: 64
2026-07-19 15:59:37,960 [INFO] ====== Current epoch 4 ======
2026-07-19 15:59:37,960 [INFO] Learning rate: 0.0001
2026-07-19 15:59:38,468 [INFO] [0/16] | Loss: 406.801 | PSNR: 10.896 | MSE: 0.08135959 | BPP: 0.3290 | QP: 63
2026-07-19 15:59:38,955 [INFO] [1/16] | Loss: 501.019 | PSNR: 9.991 | MSE: 0.10020285 | BPP: 0.5227 | QP: 63
2026-07-19 15:59:39,465 [INFO] [2/16] | Loss: 432.758 | PSNR: 10.627 | MSE: 0.08655059 | BPP: 0.5053 | QP: 63
2026-07-19 15:59:40,003 [INFO] [3/16] | Loss: 380.554 | PSNR: 11.186 | MSE: 0.07610990 | BPP: 0.4768 | QP: 63
2026-07-19 15:59:40,498 [INFO] [4/16] | Loss: 369.731 | PSNR: 11.311 | MSE: 0.07394539 | BPP: 0.4484 | QP: 63
2026-07-19 15:59:40,993 [INFO] [5/16] | Loss: 353.421 | PSNR: 11.507 | MSE: 0.07068337 | BPP: 0.4060 | QP: 63
2026-07-19 15:59:41,460 [INFO] [6/16] | Loss: 341.272 | PSNR: 11.659 | MSE: 0.06825363 | BPP: 0.3664 | QP: 63
2026-07-19 15:59:41,956 [INFO] [7/16] | Loss: 368.938 | PSNR: 11.320 | MSE: 0.07378688 | BPP: 0.3774 | QP: 63
2026-07-19 15:59:42,473 [INFO] [8/16] | Loss: 368.641 | PSNR: 11.324 | MSE: 0.07372753 | BPP: 0.3668 | QP: 63
2026-07-19 15:59:42,986 [INFO] [9/16] | Loss: 366.675 | PSNR: 11.347 | MSE: 0.07333424 | BPP: 0.3595 | QP: 63
2026-07-19 15:59:43,445 [INFO] [10/16] | Loss: 351.434 | PSNR: 11.531 | MSE: 0.07028617 | BPP: 0.3467 | QP: 63
2026-07-19 15:59:43,923 [INFO] [11/16] | Loss: 356.278 | PSNR: 11.472 | MSE: 0.07125493 | BPP: 0.3524 | QP: 63
2026-07-19 15:59:44,418 [INFO] [12/16] | Loss: 347.779 | PSNR: 11.577 | MSE: 0.06955507 | BPP: 0.3378 | QP: 63
2026-07-19 15:59:44,903 [INFO] [13/16] | Loss: 339.960 | PSNR: 11.675 | MSE: 0.06799129 | BPP: 0.3291 | QP: 63
2026-07-19 15:59:45,373 [INFO] [14/16] | Loss: 343.387 | PSNR: 11.632 | MSE: 0.06867680 | BPP: 0.3359 | QP: 63
2026-07-19 15:59:45,849 [INFO] [15/16] | Loss: 333.781 | PSNR: 11.755 | MSE: 0.06675561 | BPP: 0.3241 | QP: 63
2026-07-19 15:59:45,851 [INFO] Train epoch 4: Loss: 333.781 | PSNR: 11.755 | MSE: 0.06675561 | BPP: 0.3241
2026-07-19 15:59:46,592 [INFO] Test epoch 4: Loss: 315.913 | PSNR: 11.994 | MSE: 0.06318205 | BPP: 0.2884
2026-07-19 15:59:46,592 [INFO] Checkpoint epoch 4: save disabled | best model saved: no | current loss: 315.913155 | best loss: 315.913155
2026-07-19 15:59:46,593 [INFO] Global step updated to: 80
