2026-07-19 17:10:49,716 [INFO] ======================= 2026-07-19_17_10_49 =======================
2026-07-19 17:10:49,716 [INFO] train_root: None
2026-07-19 17:10:49,716 [INFO] train_filelist: D:\Drivers\Desktop\VC-gsh\Partvimeo_32\train_filelist_phase2.txt
2026-07-19 17:10:49,716 [INFO] test_dataset: None
2026-07-19 17:10:49,716 [INFO] test_filelist: D:\Drivers\Desktop\VC-gsh\Partvimeo_32\val_filelist_phase2.txt
2026-07-19 17:10:49,716 [INFO] phase1_checkpoint: D:\Drivers\Desktop\VC-gsh\pretrained_uf\DCVCUFIntra\2\checkpoint_best_loss_uf_phase_1.pth.tar
2026-07-19 17:10:49,716 [INFO] checkpoint: None
2026-07-19 17:10:49,716 [INFO] output_dir: ./pretrained_uf
2026-07-19 17:10:49,716 [INFO] quality_level: 1
2026-07-19 17:10:49,716 [INFO] epochs: 5
2026-07-19 17:10:49,716 [INFO] learning_rate: 0.0001
2026-07-19 17:10:49,716 [INFO] num_workers: 0
2026-07-19 17:10:49,716 [INFO] batch_size: 1
2026-07-19 17:10:49,716 [INFO] test_batch_size: 1
2026-07-19 17:10:49,716 [INFO] patch_size: [128, 128]
2026-07-19 17:10:49,716 [INFO] q_num: 64
2026-07-19 17:10:49,716 [INFO] test_qp: 63
2026-07-19 17:10:49,716 [INFO] warmup_epochs: 20
2026-07-19 17:10:49,716 [INFO] qp_warmup_epochs: 48
2026-07-19 17:10:49,716 [INFO] cuda: True
2026-07-19 17:10:49,716 [INFO] save: True
2026-07-19 17:10:49,716 [INFO] freeze_intra: False
2026-07-19 17:10:49,716 [INFO] seed: 7
2026-07-19 17:10:49,716 [INFO] clip_max_norm: 1.0
2026-07-19 17:10:49,716 [INFO] local_rank: -1
2026-07-19 17:10:49,716 [INFO] log_interval: 1
2026-07-19 17:10:49,716 [INFO] check_exists: False
2026-07-19 17:10:49,716 [INFO] max_samples: None
2026-07-19 17:10:49,716 [INFO] drop_last: False
2026-07-19 17:10:49,716 [INFO] name: 2026-07-19_17_10_49
2026-07-19 17:10:49,716 [INFO] distributed: False
2026-07-19 17:10:50,559 [INFO] Trainable params: 78835696 / 78835696
2026-07-19 17:10:50,559 [INFO] ====== Current epoch 0 ======
2026-07-19 17:10:50,559 [INFO] Learning rate: 0.0001
2026-07-19 17:10:52,121 [INFO] [0/16] | Loss: 1258.144 | PSNR: 5.992 | MSE: 0.25162831 | BPP: 0.2165 | QP: 63
2026-07-19 17:10:52,886 [INFO] [1/16] | Loss: 875.418 | PSNR: 7.568 | MSE: 0.17508305 | BPP: 0.2720 | QP: 63
2026-07-19 17:10:53,653 [INFO] [2/16] | Loss: 903.289 | PSNR: 7.431 | MSE: 0.18065722 | BPP: 0.2762 | QP: 63
2026-07-19 17:10:54,380 [INFO] [3/16] | Loss: 789.815 | PSNR: 8.014 | MSE: 0.15796238 | BPP: 0.2862 | QP: 63
2026-07-19 17:10:55,047 [INFO] [4/16] | Loss: 718.884 | PSNR: 8.423 | MSE: 0.14377614 | BPP: 0.2816 | QP: 63
2026-07-19 17:10:55,711 [INFO] [5/16] | Loss: 679.875 | PSNR: 8.665 | MSE: 0.13597440 | BPP: 0.2742 | QP: 63
2026-07-19 17:10:56,397 [INFO] [6/16] | Loss: 631.499 | PSNR: 8.986 | MSE: 0.12629923 | BPP: 0.2614 | QP: 63
2026-07-19 17:10:57,031 [INFO] [7/16] | Loss: 602.253 | PSNR: 9.192 | MSE: 0.12045001 | BPP: 0.2506 | QP: 63
2026-07-19 17:10:57,694 [INFO] [8/16] | Loss: 622.209 | PSNR: 9.050 | MSE: 0.12444129 | BPP: 0.2401 | QP: 63
2026-07-19 17:10:58,325 [INFO] [9/16] | Loss: 592.514 | PSNR: 9.263 | MSE: 0.11850236 | BPP: 0.2294 | QP: 63
2026-07-19 17:10:58,955 [INFO] [10/16] | Loss: 573.956 | PSNR: 9.401 | MSE: 0.11479069 | BPP: 0.2207 | QP: 63
2026-07-19 17:10:59,593 [INFO] [11/16] | Loss: 550.383 | PSNR: 9.583 | MSE: 0.11007617 | BPP: 0.2123 | QP: 63
2026-07-19 17:11:00,247 [INFO] [12/16] | Loss: 527.557 | PSNR: 9.767 | MSE: 0.10551099 | BPP: 0.2040 | QP: 63
2026-07-19 17:11:00,874 [INFO] [13/16] | Loss: 524.148 | PSNR: 9.795 | MSE: 0.10482926 | BPP: 0.1974 | QP: 63
2026-07-19 17:11:01,516 [INFO] [14/16] | Loss: 505.057 | PSNR: 9.956 | MSE: 0.10101108 | BPP: 0.1908 | QP: 63
2026-07-19 17:11:02,135 [INFO] [15/16] | Loss: 506.357 | PSNR: 9.945 | MSE: 0.10127095 | BPP: 0.1855 | QP: 63
2026-07-19 17:11:02,136 [INFO] Train epoch 0: Loss: 506.357 | PSNR: 9.945 | MSE: 0.10127095 | BPP: 0.1855
2026-07-19 17:11:03,198 [INFO] Test epoch 0: Loss: 518.688 | PSNR: 9.841 | MSE: 0.10373737 | BPP: 0.1094
2026-07-19 17:11:04,543 [INFO] Checkpoint epoch 0: best model saved: yes | current loss: 518.687958 | best loss: 518.687958
2026-07-19 17:11:04,544 [INFO] Global step updated to: 16
2026-07-19 17:11:04,544 [INFO] ====== Current epoch 1 ======
2026-07-19 17:11:04,544 [INFO] Learning rate: 0.0001
2026-07-19 17:11:05,009 [INFO] [0/16] | Loss: 642.389 | PSNR: 8.912 | MSE: 0.12847751 | BPP: 0.1104 | QP: 63
2026-07-19 17:11:05,518 [INFO] [1/16] | Loss: 537.915 | PSNR: 9.683 | MSE: 0.10758270 | BPP: 0.1101 | QP: 63
2026-07-19 17:11:06,015 [INFO] [2/16] | Loss: 453.197 | PSNR: 10.427 | MSE: 0.09063912 | BPP: 0.1088 | QP: 63
2026-07-19 17:11:06,490 [INFO] [3/16] | Loss: 419.457 | PSNR: 10.763 | MSE: 0.08389121 | BPP: 0.1153 | QP: 63
2026-07-19 17:11:06,954 [INFO] [4/16] | Loss: 389.832 | PSNR: 11.081 | MSE: 0.07796609 | BPP: 0.1126 | QP: 63
2026-07-19 17:11:07,422 [INFO] [5/16] | Loss: 377.210 | PSNR: 11.224 | MSE: 0.07544183 | BPP: 0.1143 | QP: 63
2026-07-19 17:11:07,880 [INFO] [6/16] | Loss: 358.422 | PSNR: 11.446 | MSE: 0.07168418 | BPP: 0.1138 | QP: 63
2026-07-19 17:11:08,437 [INFO] [7/16] | Loss: 388.527 | PSNR: 11.095 | MSE: 0.07770521 | BPP: 0.1132 | QP: 63
2026-07-19 17:11:08,941 [INFO] [8/16] | Loss: 414.613 | PSNR: 10.813 | MSE: 0.08292241 | BPP: 0.1109 | QP: 63
2026-07-19 17:11:09,428 [INFO] [9/16] | Loss: 401.582 | PSNR: 10.952 | MSE: 0.08031617 | BPP: 0.1090 | QP: 63
2026-07-19 17:11:09,892 [INFO] [10/16] | Loss: 391.907 | PSNR: 11.058 | MSE: 0.07838128 | BPP: 0.1071 | QP: 63
2026-07-19 17:11:10,348 [INFO] [11/16] | Loss: 393.685 | PSNR: 11.038 | MSE: 0.07873673 | BPP: 0.1055 | QP: 63
2026-07-19 17:11:10,819 [INFO] [12/16] | Loss: 393.953 | PSNR: 11.035 | MSE: 0.07879036 | BPP: 0.1040 | QP: 63
2026-07-19 17:11:11,302 [INFO] [13/16] | Loss: 383.167 | PSNR: 11.156 | MSE: 0.07663314 | BPP: 0.1033 | QP: 63
2026-07-19 17:11:11,783 [INFO] [14/16] | Loss: 375.648 | PSNR: 11.242 | MSE: 0.07512936 | BPP: 0.1028 | QP: 63
2026-07-19 17:11:12,249 [INFO] [15/16] | Loss: 367.976 | PSNR: 11.332 | MSE: 0.07359490 | BPP: 0.1040 | QP: 63
2026-07-19 17:11:12,250 [INFO] Train epoch 1: Loss: 367.976 | PSNR: 11.332 | MSE: 0.07359490 | BPP: 0.1040
2026-07-19 17:11:12,896 [INFO] Test epoch 1: Loss: 436.298 | PSNR: 10.592 | MSE: 0.08725928 | BPP: 0.1577
2026-07-19 17:11:14,572 [INFO] Checkpoint epoch 1: best model saved: yes | current loss: 436.297958 | best loss: 436.297958
2026-07-19 17:11:14,572 [INFO] Global step updated to: 32
2026-07-19 17:11:14,572 [INFO] ====== Current epoch 2 ======
2026-07-19 17:11:14,572 [INFO] Learning rate: 0.0001
2026-07-19 17:11:15,054 [INFO] [0/16] | Loss: 351.487 | PSNR: 11.531 | MSE: 0.07029702 | BPP: 0.1516 | QP: 63
2026-07-19 17:11:15,516 [INFO] [1/16] | Loss: 293.093 | PSNR: 12.320 | MSE: 0.05861828 | BPP: 0.1476 | QP: 63
2026-07-19 17:11:15,962 [INFO] [2/16] | Loss: 373.663 | PSNR: 11.265 | MSE: 0.07473230 | BPP: 0.1432 | QP: 63
2026-07-19 17:11:16,413 [INFO] [3/16] | Loss: 352.960 | PSNR: 11.512 | MSE: 0.07059176 | BPP: 0.1380 | QP: 63
2026-07-19 17:11:16,856 [INFO] [4/16] | Loss: 331.164 | PSNR: 11.789 | MSE: 0.06623261 | BPP: 0.1290 | QP: 63
2026-07-19 17:11:17,338 [INFO] [5/16] | Loss: 327.293 | PSNR: 11.840 | MSE: 0.06545832 | BPP: 0.1231 | QP: 63
2026-07-19 17:11:17,813 [INFO] [6/16] | Loss: 319.256 | PSNR: 11.948 | MSE: 0.06385089 | BPP: 0.1198 | QP: 63
2026-07-19 17:11:18,293 [INFO] [7/16] | Loss: 320.144 | PSNR: 11.936 | MSE: 0.06402848 | BPP: 0.1156 | QP: 63
2026-07-19 17:11:18,785 [INFO] [8/16] | Loss: 310.960 | PSNR: 12.063 | MSE: 0.06219172 | BPP: 0.1131 | QP: 63
2026-07-19 17:11:19,237 [INFO] [9/16] | Loss: 334.220 | PSNR: 11.749 | MSE: 0.06684385 | BPP: 0.1108 | QP: 63
2026-07-19 17:11:19,733 [INFO] [10/16] | Loss: 327.794 | PSNR: 11.834 | MSE: 0.06555867 | BPP: 0.1084 | QP: 63
2026-07-19 17:11:20,212 [INFO] [11/16] | Loss: 341.130 | PSNR: 11.661 | MSE: 0.06822569 | BPP: 0.1070 | QP: 63
2026-07-19 17:11:20,681 [INFO] [12/16] | Loss: 332.081 | PSNR: 11.777 | MSE: 0.06641600 | BPP: 0.1055 | QP: 63
2026-07-19 17:11:21,138 [INFO] [13/16] | Loss: 324.020 | PSNR: 11.884 | MSE: 0.06480373 | BPP: 0.1052 | QP: 63
2026-07-19 17:11:21,615 [INFO] [14/16] | Loss: 335.445 | PSNR: 11.733 | MSE: 0.06708884 | BPP: 0.1039 | QP: 63
2026-07-19 17:11:22,081 [INFO] [15/16] | Loss: 328.665 | PSNR: 11.822 | MSE: 0.06573276 | BPP: 0.1043 | QP: 63
2026-07-19 17:11:22,082 [INFO] Train epoch 2: Loss: 328.665 | PSNR: 11.822 | MSE: 0.06573276 | BPP: 0.1043
2026-07-19 17:11:22,727 [INFO] Test epoch 2: Loss: 426.067 | PSNR: 10.695 | MSE: 0.08521319 | BPP: 0.1120
2026-07-19 17:11:24,439 [INFO] Checkpoint epoch 2: best model saved: yes | current loss: 426.067047 | best loss: 426.067047
2026-07-19 17:11:24,441 [INFO] Global step updated to: 48
2026-07-19 17:11:24,441 [INFO] ====== Current epoch 3 ======
2026-07-19 17:11:24,441 [INFO] Learning rate: 0.0001
2026-07-19 17:11:24,940 [INFO] [0/16] | Loss: 275.395 | PSNR: 12.590 | MSE: 0.05507887 | BPP: 0.0887 | QP: 63
2026-07-19 17:11:25,390 [INFO] [1/16] | Loss: 381.293 | PSNR: 11.177 | MSE: 0.07625843 | BPP: 0.1084 | QP: 63
2026-07-19 17:11:25,847 [INFO] [2/16] | Loss: 323.939 | PSNR: 11.885 | MSE: 0.06478754 | BPP: 0.0909 | QP: 63
2026-07-19 17:11:26,287 [INFO] [3/16] | Loss: 307.831 | PSNR: 12.107 | MSE: 0.06156599 | BPP: 0.0815 | QP: 63
2026-07-19 17:11:26,731 [INFO] [4/16] | Loss: 308.324 | PSNR: 12.100 | MSE: 0.06166456 | BPP: 0.1062 | QP: 63
2026-07-19 17:11:27,208 [INFO] [5/16] | Loss: 313.605 | PSNR: 12.026 | MSE: 0.06272066 | BPP: 0.1331 | QP: 63
2026-07-19 17:11:27,681 [INFO] [6/16] | Loss: 302.941 | PSNR: 12.176 | MSE: 0.06058794 | BPP: 0.1276 | QP: 63
2026-07-19 17:11:28,157 [INFO] [7/16] | Loss: 289.804 | PSNR: 12.369 | MSE: 0.05796049 | BPP: 0.1334 | QP: 63
2026-07-19 17:11:28,608 [INFO] [8/16] | Loss: 280.584 | PSNR: 12.509 | MSE: 0.05611642 | BPP: 0.1570 | QP: 63
2026-07-19 17:11:29,074 [INFO] [9/16] | Loss: 300.961 | PSNR: 12.205 | MSE: 0.06019178 | BPP: 0.1720 | QP: 63
2026-07-19 17:11:29,552 [INFO] [10/16] | Loss: 292.394 | PSNR: 12.330 | MSE: 0.05847847 | BPP: 0.1797 | QP: 63
2026-07-19 17:11:30,013 [INFO] [11/16] | Loss: 288.628 | PSNR: 12.386 | MSE: 0.05772517 | BPP: 0.1898 | QP: 63
2026-07-19 17:11:30,482 [INFO] [12/16] | Loss: 307.206 | PSNR: 12.115 | MSE: 0.06144073 | BPP: 0.2307 | QP: 63
2026-07-19 17:11:30,952 [INFO] [13/16] | Loss: 298.747 | PSNR: 12.237 | MSE: 0.05974898 | BPP: 0.2263 | QP: 63
2026-07-19 17:11:31,415 [INFO] [14/16] | Loss: 294.639 | PSNR: 12.297 | MSE: 0.05892726 | BPP: 0.2259 | QP: 63
2026-07-19 17:11:31,892 [INFO] [15/16] | Loss: 294.936 | PSNR: 12.292 | MSE: 0.05898673 | BPP: 0.2356 | QP: 63
2026-07-19 17:11:31,892 [INFO] Train epoch 3: Loss: 294.936 | PSNR: 12.292 | MSE: 0.05898673 | BPP: 0.2356
2026-07-19 17:11:32,550 [INFO] Test epoch 3: Loss: 377.541 | PSNR: 11.220 | MSE: 0.07550735 | BPP: 0.3953
2026-07-19 17:11:34,216 [INFO] Checkpoint epoch 3: best model saved: yes | current loss: 377.540695 | best loss: 377.540695
2026-07-19 17:11:34,217 [INFO] Global step updated to: 64
2026-07-19 17:11:34,217 [INFO] ====== Current epoch 4 ======
2026-07-19 17:11:34,217 [INFO] Learning rate: 0.0001
2026-07-19 17:11:34,706 [INFO] [0/16] | Loss: 302.510 | PSNR: 12.182 | MSE: 0.06050144 | BPP: 0.3165 | QP: 63
2026-07-19 17:11:35,159 [INFO] [1/16] | Loss: 377.902 | PSNR: 11.216 | MSE: 0.07557967 | BPP: 0.4157 | QP: 63
2026-07-19 17:11:35,599 [INFO] [2/16] | Loss: 326.879 | PSNR: 11.846 | MSE: 0.06537508 | BPP: 0.3844 | QP: 63
2026-07-19 17:11:36,046 [INFO] [3/16] | Loss: 289.306 | PSNR: 12.376 | MSE: 0.05786055 | BPP: 0.3559 | QP: 63
2026-07-19 17:11:36,496 [INFO] [4/16] | Loss: 275.126 | PSNR: 12.594 | MSE: 0.05502458 | BPP: 0.3466 | QP: 63
2026-07-19 17:11:36,945 [INFO] [5/16] | Loss: 258.294 | PSNR: 12.869 | MSE: 0.05165821 | BPP: 0.3326 | QP: 63
2026-07-19 17:11:37,389 [INFO] [6/16] | Loss: 246.899 | PSNR: 13.065 | MSE: 0.04937916 | BPP: 0.3417 | QP: 63
2026-07-19 17:11:37,838 [INFO] [7/16] | Loss: 266.601 | PSNR: 12.731 | MSE: 0.05331942 | BPP: 0.3576 | QP: 63
2026-07-19 17:11:38,338 [INFO] [8/16] | Loss: 266.776 | PSNR: 12.728 | MSE: 0.05335449 | BPP: 0.3559 | QP: 63
2026-07-19 17:11:38,817 [INFO] [9/16] | Loss: 265.938 | PSNR: 12.742 | MSE: 0.05318697 | BPP: 0.3566 | QP: 63
2026-07-19 17:11:39,257 [INFO] [10/16] | Loss: 257.156 | PSNR: 12.888 | MSE: 0.05143057 | BPP: 0.3301 | QP: 63
2026-07-19 17:11:39,722 [INFO] [11/16] | Loss: 256.230 | PSNR: 12.903 | MSE: 0.05124528 | BPP: 0.3281 | QP: 63
2026-07-19 17:11:40,227 [INFO] [12/16] | Loss: 250.133 | PSNR: 13.008 | MSE: 0.05002599 | BPP: 0.3155 | QP: 63
2026-07-19 17:11:40,717 [INFO] [13/16] | Loss: 245.155 | PSNR: 13.095 | MSE: 0.04903042 | BPP: 0.3000 | QP: 63
2026-07-19 17:11:41,167 [INFO] [14/16] | Loss: 247.978 | PSNR: 13.046 | MSE: 0.04959494 | BPP: 0.3007 | QP: 63
2026-07-19 17:11:41,668 [INFO] [15/16] | Loss: 241.400 | PSNR: 13.162 | MSE: 0.04827937 | BPP: 0.2871 | QP: 63
2026-07-19 17:11:41,668 [INFO] Train epoch 4: Loss: 241.400 | PSNR: 13.162 | MSE: 0.04827937 | BPP: 0.2871
2026-07-19 17:11:42,307 [INFO] Test epoch 4: Loss: 233.916 | PSNR: 13.299 | MSE: 0.04678285 | BPP: 0.1838
2026-07-19 17:11:43,932 [INFO] Checkpoint epoch 4: best model saved: yes | current loss: 233.916069 | best loss: 233.916069
2026-07-19 17:11:43,932 [INFO] Global step updated to: 80
